Component: ARM Compiler 5.06 update 5 (build 528) Tool: armlink [4d35e2]

==============================================================================

Section Cross References

    main.o(i.main) refers to _printf_percent.o(.ARM.Collect$$_printf_percent$$00000000) for _printf_percent
    main.o(i.main) refers to _printf_f.o(.ARM.Collect$$_printf_percent$$00000003) for _printf_f
    main.o(i.main) refers to printf1.o(x$fpl$printf1) for _printf_fp_dec
    main.o(i.main) refers to misc.o(i.NVIC_PriorityGroupConfig) for NVIC_PriorityGroupConfig
    main.o(i.main) refers to misc.o(i.NVIC_SetVectorTable) for NVIC_SetVectorTable
    main.o(i.main) refers to sys.o(i.JTAG_Set) for JTAG_Set
    main.o(i.main) refers to delay.o(i.delay_init) for delay_init
    main.o(i.main) refers to time.o(i.time_init) for time_init
    main.o(i.main) refers to usart.o(i.usart1_init) for usart1_init
    main.o(i.main) refers to spi.o(i.spi2_init) for spi2_init
    main.o(i.main) refers to icm20602.o(i.icm20602_init) for icm20602_init
    main.o(i.main) refers to oled.o(i.oled_init) for oled_init
    main.o(i.main) refers to oled.o(i.oled_clear) for oled_clear
    main.o(i.main) refers to time.o(i.millis) for millis
    main.o(i.main) refers to icm20602.o(i.icm20602_get_accel) for icm20602_get_accel
    main.o(i.main) refers to icm20602.o(i.icm20602_get_gyro) for icm20602_get_gyro
    main.o(i.main) refers to faddsub_clz.o(x$fpl$fsub) for __aeabi_fsub
    main.o(i.main) refers to fflt_clz.o(x$fpl$ffltu) for __aeabi_ui2f
    main.o(i.main) refers to f2d.o(x$fpl$f2d) for __aeabi_f2d
    main.o(i.main) refers to ddiv.o(x$fpl$ddiv) for __aeabi_ddiv
    main.o(i.main) refers to d2f.o(x$fpl$d2f) for __aeabi_d2f
    main.o(i.main) refers to ahrs.o(i.MahonyAHRSupdateIMU) for MahonyAHRSupdateIMU
    main.o(i.main) refers to ahrs.o(i.Quat2Angle) for Quat2Angle
    main.o(i.main) refers to noretval__2printf.o(.text) for __2printf
    main.o(i.main) refers to noretval__2sprintf.o(.text) for __2sprintf
    main.o(i.main) refers to oled.o(i.oled_show_string) for oled_show_string
    main.o(i.main) refers to drleqf.o(x$fpl$drleqf) for __aeabi_cdrcmple
    main.o(i.main) refers to dflt_clz.o(x$fpl$dflt) for __aeabi_i2d
    main.o(i.main) refers to ahrs.o(.data) for roll
    sys.o(i.JTAG_Set) refers to stm32f10x_rcc.o(i.RCC_APB2PeriphClockCmd) for RCC_APB2PeriphClockCmd
    ahrs.o(i.MadgwickAHRSUpdate) refers to feqf.o(x$fpl$feqf) for __aeabi_cfcmpeq
    ahrs.o(i.MadgwickAHRSUpdate) refers to fmul.o(x$fpl$fmul) for __aeabi_fmul
    ahrs.o(i.MadgwickAHRSUpdate) refers to faddsub_clz.o(x$fpl$fsub) for __aeabi_fsub
    ahrs.o(i.MadgwickAHRSUpdate) refers to faddsub_clz.o(x$fpl$fadd) for __aeabi_fadd
    ahrs.o(i.MadgwickAHRSUpdate) refers to f2d.o(x$fpl$f2d) for __aeabi_f2d
    ahrs.o(i.MadgwickAHRSUpdate) refers to sqrt.o(i.sqrt) for sqrt
    ahrs.o(i.MadgwickAHRSUpdate) refers to ddiv.o(x$fpl$ddiv) for __aeabi_ddiv
    ahrs.o(i.MadgwickAHRSUpdate) refers to d2f.o(x$fpl$d2f) for __aeabi_d2f
    ahrs.o(i.MadgwickAHRSUpdate) refers to ahrs.o(.data) for q3
    ahrs.o(i.MadgwickAHRSUpdate) refers to faddsub_clz.o(x$fpl$frsb) for __aeabi_frsub
    ahrs.o(i.MadgwickAHRSupdateIMU) refers to fmul.o(x$fpl$fmul) for __aeabi_fmul
    ahrs.o(i.MadgwickAHRSupdateIMU) refers to faddsub_clz.o(x$fpl$fsub) for __aeabi_fsub
    ahrs.o(i.MadgwickAHRSupdateIMU) refers to faddsub_clz.o(x$fpl$fadd) for __aeabi_fadd
    ahrs.o(i.MadgwickAHRSupdateIMU) refers to feqf.o(x$fpl$feqf) for __aeabi_cfcmpeq
    ahrs.o(i.MadgwickAHRSupdateIMU) refers to f2d.o(x$fpl$f2d) for __aeabi_f2d
    ahrs.o(i.MadgwickAHRSupdateIMU) refers to sqrt.o(i.sqrt) for sqrt
    ahrs.o(i.MadgwickAHRSupdateIMU) refers to ddiv.o(x$fpl$ddiv) for __aeabi_ddiv
    ahrs.o(i.MadgwickAHRSupdateIMU) refers to d2f.o(x$fpl$d2f) for __aeabi_d2f
    ahrs.o(i.MadgwickAHRSupdateIMU) refers to ahrs.o(.data) for q3
    ahrs.o(i.MadgwickAHRSupdateIMU) refers to faddsub_clz.o(x$fpl$frsb) for __aeabi_frsub
    ahrs.o(i.MahonyAHRSUpdate) refers to feqf.o(x$fpl$feqf) for __aeabi_cfcmpeq
    ahrs.o(i.MahonyAHRSUpdate) refers to fmul.o(x$fpl$fmul) for __aeabi_fmul
    ahrs.o(i.MahonyAHRSUpdate) refers to faddsub_clz.o(x$fpl$fadd) for __aeabi_fadd
    ahrs.o(i.MahonyAHRSUpdate) refers to f2d.o(x$fpl$f2d) for __aeabi_f2d
    ahrs.o(i.MahonyAHRSUpdate) refers to sqrt.o(i.sqrt) for sqrt
    ahrs.o(i.MahonyAHRSUpdate) refers to ddiv.o(x$fpl$ddiv) for __aeabi_ddiv
    ahrs.o(i.MahonyAHRSUpdate) refers to d2f.o(x$fpl$d2f) for __aeabi_d2f
    ahrs.o(i.MahonyAHRSUpdate) refers to faddsub_clz.o(x$fpl$fsub) for __aeabi_fsub
    ahrs.o(i.MahonyAHRSUpdate) refers to ahrs.o(.data) for q0
    ahrs.o(i.MahonyAHRSupdateIMU) refers to feqf.o(x$fpl$feqf) for __aeabi_cfcmpeq
    ahrs.o(i.MahonyAHRSupdateIMU) refers to fmul.o(x$fpl$fmul) for __aeabi_fmul
    ahrs.o(i.MahonyAHRSupdateIMU) refers to faddsub_clz.o(x$fpl$fadd) for __aeabi_fadd
    ahrs.o(i.MahonyAHRSupdateIMU) refers to f2d.o(x$fpl$f2d) for __aeabi_f2d
[...]
    user\\sys.c                              0x00000000   Number         0  sys.o ABSOLUTE
    user\main.c                              0x00000000   Number         0  main.o ABSOLUTE
    user\sys.c                               0x00000000   Number         0  sys.o ABSOLUTE
    RESET                                    0x08000000   Section      236  startup_stm32f10x_md.o(RESET)
    !!!main                                  0x080000ec   Section        8  __main.o(!!!main)
    !!!scatter                               0x080000f4   Section       52  __scatter.o(!!!scatter)
    !!handler_copy                           0x08000128   Section       26  __scatter_copy.o(!!handler_copy)
    !!handler_zi                             0x08000144   Section       28  __scatter_zi.o(!!handler_zi)
    .ARM.Collect$$_printf_percent$$00000000  0x08000160   Section        0  _printf_percent.o(.ARM.Collect$$_printf_percent$$00000000)
    .ARM.Collect$$_printf_percent$$00000003  0x08000160   Section        6  _printf_f.o(.ARM.Collect$$_printf_percent$$00000003)
    .ARM.Collect$$_printf_percent$$0000000C  0x08000166   Section        6  _printf_x.o(.ARM.Collect$$_printf_percent$$0000000C)
    .ARM.Collect$$_printf_percent$$00000017  0x0800016c   Section        4  _printf_percent_end.o(.ARM.Collect$$_printf_percent$$00000017)
    .ARM.Collect$$libinit$$00000000          0x08000170   Section        2  libinit.o(.ARM.Collect$$libinit$$00000000)
    .ARM.Collect$$libinit$$00000002          0x08000172   Section        0  libinit2.o(.ARM.Collect$$libinit$$00000002)
    .ARM.Collect$$libinit$$00000004          0x08000172   Section        0  libinit2.o(.ARM.Collect$$libinit$$00000004)
    .ARM.Collect$$libinit$$0000000A          0x08000172   Section        0  libinit2.o(.ARM.Collect$$libinit$$0000000A)
    .ARM.Collect$$libinit$$0000000C          0x08000172   Section        0  libinit2.o(.ARM.Collect$$libinit$$0000000C)
    .ARM.Collect$$libinit$$0000000E          0x08000172   Section        0  libinit2.o(.ARM.Collect$$libinit$$0000000E)
    .ARM.Collect$$libinit$$0000000F          0x08000172   Section        6  libinit2.o(.ARM.Collect$$libinit$$0000000F)
    .ARM.Collect$$libinit$$00000011          0x08000178   Section        0  libinit2.o(.ARM.Collect$$libinit$$00000011)
    .ARM.Collect$$libinit$$00000013          0x08000178   Section        0  libinit2.o(.ARM.Collect$$libinit$$00000013)
    .ARM.Collect$$libinit$$00000015          0x08000178   Section        0  libinit2.o(.ARM.Collect$$libinit$$00000015)
    .ARM.Collect$$libinit$$00000016          0x08000178   Section       10  libinit2.o(.ARM.Collect$$libinit$$00000016)
    .ARM.Collect$$libinit$$00000017          0x08000182   Section        0  libinit2.o(.ARM.Collect$$libinit$$00000017)
    .ARM.Collect$$libinit$$00000019          0x08000182   Section        0  libinit2.o(.ARM.Collect$$libinit$$00000019)
    .ARM.Collect$$libinit$$0000001B          0x08000182   Section        0  libinit2.o(.ARM.Collect$$libinit$$0000001B)
    .ARM.Collect$$libinit$$0000001D          0x08000182   Section        0  libinit2.o(.ARM.Collect$$libinit$$0000001D)
    .ARM.Collect$$libinit$$0000001F          0x08000182   Section        0  libinit2.o(.ARM.Collect$$libinit$$0000001F)
    .ARM.Collect$$libinit$$00000021          0x08000182   Section        0  libinit2.o(.ARM.Collect$$libinit$$00000021)
    .ARM.Collect$$libinit$$00000023          0x08000182   Section        0  libinit2.o(.ARM.Collect$$libinit$$00000023)
    .ARM.Collect$$libinit$$00000025          0x08000182   Section        0  libinit2.o(.ARM.Collect$$libinit$$00000025)
    .ARM.Collect$$libinit$$0000002C          0x08000182   Section        0  libinit2.o(.ARM.Collect$$libinit$$0000002C)
    .ARM.Collect$$libinit$$0000002E          0x08000182   Section        0  libinit2.o(.ARM.Collect$$libinit$$0000002E)
    .ARM.Collect$$libinit$$00000030          0x08000182   Section        0  libinit2.o(.ARM.Collect$$libinit$$00000030)
    .ARM.Collect$$libinit$$00000032          0x08000182   Section        0  libinit2.o(.ARM.Collect$$libinit$$00000032)
    .ARM.Collect$$libinit$$00000033          0x08000182   Section        2  libinit2.o(.ARM.Collect$$libinit$$00000033)
    .ARM.Collect$$libshutdown$$00000000      0x08000184   Section        2  libshutdown.o(.ARM.Collect$$libshutdown$$00000000)
    .ARM.Collect$$libshutdown$$00000002      0x08000186   Section        0  libshutdown2.o(.ARM.Collect$$libshutdown$$00000002)
    .ARM.Collect$$libshutdown$$00000004      0x08000186   Section        0  libshutdown2.o(.ARM.Collect$$libshutdown$$00000004)
    .ARM.Collect$$libshutdown$$00000007      0x08000186   Section        0  libshutdown2.o(.ARM.Collect$$libshutdown$$00000007)
    .ARM.Collect$$libshutdown$$0000000A      0x08000186   Section        0  libshutdown2.o(.ARM.Collect$$libshutdown$$0000000A)
    .ARM.Collect$$libshutdown$$0000000C      0x08000186   Section        0  libshutdown2.o(.ARM.Collect$$libshutdown$$0000000C)
    .ARM.Collect$$libshutdown$$0000000F      0x08000186   Section        0  libshutdown2.o(.ARM.Collect$$libshutdown$$0000000F)
    .ARM.Collect$$libshutdown$$00000010      0x08000186   Section        2  libshutdown2.o(.ARM.Collect$$libshutdown$$00000010)
    .ARM.Collect$$rtentry$$00000000          0x08000188   Section        0  __rtentry.o(.ARM.Collect$$rtentry$$00000000)
    .ARM.Collect$$rtentry$$00000002          0x08000188   Section        0  __rtentry2.o(.ARM.Collect$$rtentry$$00000002)
    .ARM.Collect$$rtentry$$00000004          0x08000188   Section        6  __rtentry4.o(.ARM.Collect$$rtentry$$00000004)
    .ARM.Collect$$rtentry$$00000009          0x0800018e   Section        0  __rtentry2.o(.ARM.Collect$$rtentry$$00000009)
    .ARM.Collect$$rtentry$$0000000A          0x0800018e   Section        4  __rtentry2.o(.ARM.Collect$$rtentry$$0000000A)
    .ARM.Collect$$rtentry$$0000000C          0x08000192   Section        0  __rtentry2.o(.ARM.Collect$$rtentry$$0000000C)
    .ARM.Collect$$rtentry$$0000000D          0x08000192   Section        8  __rtentry2.o(.ARM.Collect$$rtentry$$0000000D)
    .ARM.Collect$$rtexit$$00000000           0x0800019a   Section        2  rtexit.o(.ARM.Collect$$rtexit$$00000000)
    .ARM.Collect$$rtexit$$00000002           0x0800019c   Section        0  rtexit2.o(.ARM.Collect$$rtexit$$00000002)
    .ARM.Collect$$rtexit$$00000003           0x0800019c   Section        4  rtexit2.o(.ARM.Collect$$rtexit$$00000003)
    .ARM.Collect$$rtexit$$00000004           0x080001a0   Section        6  rtexit2.o(.ARM.Collect$$rtexit$$00000004)
    .text                                    0x080001a8   Section       64  startup_stm32f10x_md.o(.text)
    .text                                    0x080001e8   Section        2  use_no_semi_2.o(.text)
    .text                                    0x080001ec   Section        0  noretval__2printf.o(.text)
    .text                                    0x08000204   Section        0  noretval__2sprintf.o(.text)
    .text                                    0x0800022c   Section        0  _printf_hex_int.o(.text)
    .text                                    0x08000284   Section        0  __printf_wp.o(.text)
    .text                                    0x08000394   Section        0  puts.o(.text)
    .text                                    0x080003c0   Section        0  heapauxi.o(.text)
    .text                                    0x080003c6   Section        2  use_no_semi.o(.text)
    .text                                    0x080003c8   Section        0  _rserrno.o(.text)
    .text                                    0x080003de   Section        0  _printf_intcommon.o(.text)
    .text                                    0x08000490   Section        0  _printf_fp_dec.o(.text)
    _fp_digits                               0x08000493   Thumb Code   432  _printf_fp_dec.o(.text)
    .text                                    0x080008b0   Section        0  _printf_char_common.o(.text)
    _printf_input_char                       0x080008b1   Thumb Code    10  _printf_char_common.o(.text)
    .text                                    0x080008e0   Section        0  _sputc.o(.text)
    .text                                    0x080008ec   Section        0  _printf_char_file.o(.text)
    .text                                    0x08000910   Section        8  rt_locale_intlibspace.o(.text)
    .text                                    0x08000918   Section        8  rt_errno_addr_intlibspace.o(.text)
    .text                                    0x08000920   Section      138  lludiv10.o(.text)
    .text                                    0x080009ac   Section        0  _printf_fp_infnan.o(.text)
    .text                                    0x08000a2c   Section        0  bigflt0.o(.text)
    .text                                    0x08000b10   Section        0  ferror.o(.text)
    .text                                    0x08000b18   Section        8  libspace.o(.text)
    .text                                    0x08000b20   Section       74  sys_stackheap_outer.o(.text)
    .text                                    0x08000b6a   Section        0  exit.o(.text)
    .text                                    0x08000b7c   Section      128  strcmpv7m.o(.text)
    CL$$btod_d2e                             0x08000bfc   Section       62  btod.o(CL$$btod_d2e)
    CL$$btod_d2e_denorm_low                  0x08000c3a   Section       70  btod.o(CL$$btod_d2e_denorm_low)
    CL$$btod_d2e_norm_op1                    0x08000c80   Section       96  btod.o(CL$$btod_d2e_norm_op1)
    CL$$btod_div_common                      0x08000ce0   Section      824  btod.o(CL$$btod_div_common)
    CL$$btod_e2e                             0x08001018   Section      220  btod.o(CL$$btod_e2e)
    CL$$btod_ediv                            0x080010f4   Section       42  btod.o(CL$$btod_ediv)
    CL$$btod_emul                            0x0800111e   Section       42  btod.o(CL$$btod_emul)
    CL$$btod_mult_common                     0x08001148   Section      580  btod.o(CL$$btod_mult_common)
    i.GPIO_Init                              0x0800138c   Section        0  stm32f10x_gpio.o(i.GPIO_Init)
    i.GPIO_SetBits                           0x080014a2   Section        0  stm32f10x_gpio.o(i.GPIO_SetBits)
    i.JTAG_Set                               0x080014a8   Section        0  sys.o(i.JTAG_Set)
    i.MahonyAHRSupdateIMU                    0x080014d4   Section        0  ahrs.o(i.MahonyAHRSupdateIMU)
    i.NVIC_Init                              0x08001890   Section        0  misc.o(i.NVIC_Init)
    i.NVIC_PriorityGroupConfig               0x08001900   Section        0  misc.o(i.NVIC_PriorityGroupConfig)
    i.NVIC_SetVectorTable                    0x08001914   Section        0  misc.o(i.NVIC_SetVectorTable)
    i.Quat2Angle                             0x08001928   Section        0  ahrs.o(i.Quat2Angle)
    i.RCC_APB1PeriphClockCmd                 0x08001af0   Section        0  stm32f10x_rcc.o(i.RCC_APB1PeriphClockCmd)
    i.RCC_APB2PeriphClockCmd                 0x08001b10   Section        0  stm32f10x_rcc.o(i.RCC_APB2PeriphClockCmd)
    i.RCC_GetClocksFreq                      0x08001b30   Section        0  stm32f10x_rcc.o(i.RCC_GetClocksFreq)
    i.SPI_Cmd                                0x08001c04   Section        0  stm32f10x_spi.o(i.SPI_Cmd)
    i.SPI_Init                               0x08001c1c   Section        0  stm32f10x_spi.o(i.SPI_Init)
    i.SetSysClock                            0x08001c58   Section        0  system_stm32f10x.o(i.SetSysClock)
    SetSysClock                              0x08001c59   Thumb Code     8  system_stm32f10x.o(i.SetSysClock)
    i.SetSysClockTo72                        0x08001c60   Section        0  system_stm32f10x.o(i.SetSysClockTo72)
    SetSysClockTo72                          0x08001c61   Thumb Code   214  system_stm32f10x.o(i.SetSysClockTo72)
    i.SysTick_CLKSourceConfig                0x08001d40   Section        0  misc.o(i.SysTick_CLKSourceConfig)
    i.SystemInit                             0x08001d68   Section        0  system_stm32f10x.o(i.SystemInit)
    i.TIM2_IRQHandler                        0x08001dc8   Section        0  time.o(i.TIM2_IRQHandler)
    i.TIM_ClearFlag                          0x08001dec   Section        0  stm32f10x_tim.o(i.TIM_ClearFlag)
    i.TIM_Cmd                                0x08001df2   Section        0  stm32f10x_tim.o(i.TIM_Cmd)
    i.TIM_GetFlagStatus                      0x08001e0a   Section        0  stm32f10x_tim.o(i.TIM_GetFlagStatus)
    i.TIM_ITConfig                           0x08001e1c   Section        0  stm32f10x_tim.o(i.TIM_ITConfig)
    i.TIM_TimeBaseInit                       0x08001e30   Section        0  stm32f10x_tim.o(i.TIM_TimeBaseInit)
    i.USART1_IRQHandler                      0x08001ed4   Section        0  usart.o(i.USART1_IRQHandler)
    i.USART_Cmd                              0x08001ef0   Section        0  stm32f10x_usart.o(i.USART_Cmd)
    i.USART_GetFlagStatus                    0x08001f08   Section        0  stm32f10x_usart.o(i.USART_GetFlagStatus)
    i.USART_GetITStatus                      0x08001f22   Section        0  stm32f10x_usart.o(i.USART_GetITStatus)
    i.USART_ITConfig                         0x08001f76   Section        0  stm32f10x_usart.o(i.USART_ITConfig)
    i.USART_Init                             0x08001fc0   Section        0  stm32f10x_usart.o(i.USART_Init)
    i.USART_ReceiveData                      0x08002098   Section        0  stm32f10x_usart.o(i.USART_ReceiveData)
    i.USART_SendData                         0x080020a2   Section        0  stm32f10x_usart.o(i.USART_SendData)
    i.__ARM_fpclassify                       0x080020aa   Section        0  fpclassify.o(i.__ARM_fpclassify)
    i.__kernel_poly                          0x080020d2   Section        0  poly.o(i.__kernel_poly)
    i.__mathlib_dbl_infnan                   0x0800217c   Section        0  dunder.o(i.__mathlib_dbl_infnan)
    i.__mathlib_dbl_infnan2                  0x08002182   Section        0  dunder.o(i.__mathlib_dbl_infnan2)
    i.__mathlib_dbl_invalid                  0x08002186   Section        0  dunder.o(i.__mathlib_dbl_invalid)
    i.__mathlib_dbl_underflow                0x08002194   Section        0  dunder.o(i.__mathlib_dbl_underflow)
    i._is_digit                              0x080021a4   Section        0  __printf_wp.o(i._is_digit)
    i._sys_exit                              0x080021b2   Section        0  retarget.o(i._sys_exit)
    i.asin                                   0x080021b8   Section        0  asin.o(i.asin)
    i.atan                                   0x08002428   Section        0  atan.o(i.atan)
    i.atan2                                  0x08002648   Section        0  atan2.o(i.atan2)
    i.delay_init                             0x080027c8   Section        0  delay.o(i.delay_init)
    i.delay_ms                               0x0800280c   Section        0  delay.o(i.delay_ms)
    i.fputc                                  0x08002858   Section        0  retarget.o(i.fputc)
    i.gpio_mode_af                           0x08002868   Section        0  gpio.o(i.gpio_mode_af)
    i.gpio_mode_in                           0x08002888   Section        0  gpio.o(i.gpio_mode_in)
    i.gpio_mode_out                          0x080028a8   Section        0  gpio.o(i.gpio_mode_out)
    i.icm20602_calibrate                     0x080028c8   Section        0  icm20602.o(i.icm20602_calibrate)
    i.icm20602_get_accel                     0x08002b50   Section        0  icm20602.o(i.icm20602_get_accel)
    i.icm20602_get_accel_adc                 0x08002bdc   Section        0  icm20602.o(i.icm20602_get_accel_adc)
    i.icm20602_get_gyro                      0x08002c24   Section        0  icm20602.o(i.icm20602_get_gyro)
    i.icm20602_get_gyro_adc                  0x08002cb0   Section        0  icm20602.o(i.icm20602_get_gyro_adc)
    i.icm20602_init                          0x08002cf8   Section        0  icm20602.o(i.icm20602_init)
    i.icm20602_read_buffer                   0x08002e4c   Section        0  icm20602.o(i.icm20602_read_buffer)
    i.icm20602_read_reg                      0x08002e78   Section        0  icm20602.o(i.icm20602_read_reg)
    i.icm20602_set_accel_fullscale           0x08002ea0   Section        0  icm20602.o(i.icm20602_set_accel_fullscale)
    i.icm20602_set_gyro_fullscale            0x08002f0c   Section        0  icm20602.o(i.icm20602_set_gyro_fullscale)
    i.icm20602_write_reg                     0x08002f80   Section        0  icm20602.o(i.icm20602_write_reg)
    i.main                                   0x08002fa8   Section        0  main.o(i.main)
    i.millis                                 0x08003340   Section        0  time.o(i.millis)
    i.myputc                                 0x0800334c   Section        0  usart.o(i.myputc)
    i.oled_clear                             0x0800336c   Section        0  oled.o(i.oled_clear)
    i.oled_init                              0x080033ac   Section        0  oled.o(i.oled_init)
    i.oled_set_pos                           0x080034fc   Section        0  oled.o(i.oled_set_pos)
    i.oled_show_char                         0x0800352c   Section        0  oled.o(i.oled_show_char)
    i.oled_show_string                       0x080035c8   Section        0  oled.o(i.oled_show_string)
    i.oled_write_byte                        0x080035e8   Section        0  oled.o(i.oled_write_byte)
    i.spi2_init                              0x08003654   Section        0  spi.o(i.spi2_init)
    i.spi2_read_reg                          0x0800371c   Section        0  spi.o(i.spi2_read_reg)
    i.spi2_read_reg_buffer                   0x08003730   Section        0  spi.o(i.spi2_read_reg_buffer)
    i.spi2_read_write_byte                   0x0800375c   Section        0  spi.o(i.spi2_read_write_byte)
    i.spi2_write_reg                         0x08003790   Section        0  spi.o(i.spi2_write_reg)
    i.sqrt                                   0x080037a8   Section        0  sqrt.o(i.sqrt)
    i.time_init                              0x080037f4   Section        0  time.o(i.time_init)
    i.usart1_init                            0x0800385c   Section        0  usart.o(i.usart1_init)
    locale$$code                             0x080038e8   Section       44  lc_numeric_c.o(locale$$code)
    x$fpl$d2f                                0x08003914   Section       98  d2f.o(x$fpl$d2f)
    x$fpl$dadd                               0x08003978   Section      336  daddsub_clz.o(x$fpl$dadd)
    _dadd1                                   0x08003989   Thumb Code     0  daddsub_clz.o(x$fpl$dadd)
    x$fpl$dcheck1                            0x08003ac8   Section       16  dcheck1.o(x$fpl$dcheck1)
    x$fpl$dcmpinf                            0x08003ad8   Section       24  dcmpi.o(x$fpl$dcmpinf)
    x$fpl$ddiv                               0x08003af0   Section      688  ddiv.o(x$fpl$ddiv)
    ddiv_entry                               0x08003af7   Thumb Code     0  ddiv.o(x$fpl$ddiv)
    x$fpl$dflt                               0x08003da0   Section       46  dflt_clz.o(x$fpl$dflt)
    x$fpl$dleqf                              0x08003dd0   Section      120  dleqf.o(x$fpl$dleqf)
    x$fpl$dmul                               0x08003e48   Section      340  dmul.o(x$fpl$dmul)
    x$fpl$dnaninf                            0x08003f9c   Section      156  dnaninf.o(x$fpl$dnaninf)
    x$fpl$dretinf                            0x08004038   Section       12  dretinf.o(x$fpl$dretinf)
    x$fpl$drleqf                             0x08004044   Section      108  drleqf.o(x$fpl$drleqf)
    x$fpl$drsb                               0x080040b0   Section       22  daddsub_clz.o(x$fpl$drsb)
    x$fpl$dsqrt                              0x080040c8   Section      460  dsqrt_noumaal.o(x$fpl$dsqrt)
    x$fpl$dsub                               0x08004294   Section      468  daddsub_clz.o(x$fpl$dsub)
    _dsub1                                   0x080042a5   Thumb Code     0  daddsub_clz.o(x$fpl$dsub)
    x$fpl$f2d                                0x08004468   Section       86  f2d.o(x$fpl$f2d)
    x$fpl$fadd                               0x080044c0   Section      196  faddsub_clz.o(x$fpl$fadd)
    _fadd1                                   0x080044cf   Thumb Code     0  faddsub_clz.o(x$fpl$fadd)
    x$fpl$fcmpinf                            0x08004584   Section       24  fcmpi.o(x$fpl$fcmpinf)
    x$fpl$feqf                               0x0800459c   Section      104  feqf.o(x$fpl$feqf)
    x$fpl$fflt                               0x08004604   Section       48  fflt_clz.o(x$fpl$fflt)
    x$fpl$ffltu                              0x08004634   Section       38  fflt_clz.o(x$fpl$ffltu)
    x$fpl$fmul                               0x0800465c   Section      258  fmul.o(x$fpl$fmul)
    x$fpl$fnaninf                            0x0800475e   Section      140  fnaninf.o(x$fpl$fnaninf)
    x$fpl$fretinf                            0x080047ea   Section       10  fretinf.o(x$fpl$fretinf)
    x$fpl$fsub                               0x080047f4   Section      234  faddsub_clz.o(x$fpl$fsub)
    _fsub1                                   0x08004803   Thumb Code     0  faddsub_clz.o(x$fpl$fsub)
    x$fpl$printf1                            0x080048de   Section        4  printf1.o(x$fpl$printf1)
    x$fpl$retnan                             0x080048e2   Section      100  retnan.o(x$fpl$retnan)
    x$fpl$scalbn                             0x08004946   Section       92  scalbn.o(x$fpl$scalbn)
    x$fpl$trapveneer                         0x080049a2   Section       48  trapv.o(x$fpl$trapveneer)
    .constdata                               0x080049d2   Section     2072  oled.o(.constdata)
    x$fpl$usenofp                            0x080049d2   Section        0  usenofp.o(x$fpl$usenofp)
    .constdata                               0x080051ea   Section       40  _printf_hex_int.o(.constdata)
    uc_hextab                                0x080051ea   Data          20  _printf_hex_int.o(.constdata)
    lc_hextab                                0x080051fe   Data          20  _printf_hex_int.o(.constdata)
    .constdata                               0x08005218   Section       80  asin.o(.constdata)
    pS                                       0x08005218   Data          48  asin.o(.constdata)
    qS                                       0x08005248   Data          32  asin.o(.constdata)
    .constdata                               0x08005268   Section      152  atan.o(.constdata)
    atanhi                                   0x08005268   Data          32  atan.o(.constdata)
    atanlo                                   0x08005288   Data          32  atan.o(.constdata)
    aTodd                                    0x080052a8   Data          40  atan.o(.constdata)
    aTeven                                   0x080052d0   Data          48  atan.o(.constdata)
    .constdata                               0x08005300   Section        8  qnan.o(.constdata)
    .constdata                               0x08005308   Section      148  bigflt0.o(.constdata)
    tenpwrs_x                                0x08005308   Data          60  bigflt0.o(.constdata)
    tenpwrs_i                                0x08005344   Data          64  bigflt0.o(.constdata)
    .conststring                             0x0800539c   Section       66  icm20602.o(.conststring)
    locale$$data                             0x08005400   Section       28  lc_numeric_c.o(locale$$data)
    __lcnum_c_name                           0x08005404   Data           2  lc_numeric_c.o(locale$$data)
    __lcnum_c_start                          0x0800540c   Data           0  lc_numeric_c.o(locale$$data)
    __lcnum_c_point                          0x08005418   Data           0  lc_numeric_c.o(locale$$data)
    __lcnum_c_thousands                      0x0800541a   Data           0  lc_numeric_c.o(locale$$data)
    __lcnum_c_grouping                       0x0800541b   Data           0  lc_numeric_c.o(locale$$data)
    __lcnum_c_end                            0x0800541c   Data           0  lc_numeric_c.o(locale$$data)
    .data                                    0x20000000   Section       40  ahrs.o(.data)
    .data                                    0x20000028   Section       32  icm20602.o(.data)
    _accel_scale                             0x20000040   Data           4  icm20602.o(.data)
    _gyro_scale                              0x20000044   Data           4  icm20602.o(.data)
    .data                                    0x20000048   Section        4  retarget.o(.data)
    .data                                    0x2000004c   Section        4  time.o(.data)
    .data                                    0x20000050   Section        4  delay.o(.data)
    fac_us                                   0x20000050   Data           1  delay.o(.data)
    fac_ms                                   0x20000052   Data           2  delay.o(.data)
    .data                                    0x20000054   Section       20  stm32f10x_rcc.o(.data)
    APBAHBPrescTable                         0x20000054   Data          16  stm32f10x_rcc.o(.data)
    ADCPrescTable                            0x20000064   Data           4  stm32f10x_rcc.o(.data)
    .data                                    0x20000068   Section       20  system_stm32f10x.o(.data)
    .bss                                     0x2000007c   Section       96  libspace.o(.bss)
    HEAP                                     0x200000e0   Section      512  startup_stm32f10x_md.o(HEAP)
    Heap_Mem                                 0x200000e0   Data         512  startup_stm32f10x_md.o(HEAP)
    STACK                                    0x200002e0   Section     1024  startup_stm32f10x_md.o(STACK)
    Stack_Mem                                0x200002e0   Data        1024  startup_stm32f10x_md.o(STACK)
    __initial_sp                             0x200006e0   Data           0  startup_stm32f10x_md.o(STACK)

    Global Symbols

    Symbol Name                              Value     Ov Type        Size  Object(Section)

    BuildAttributes$$THM_ISAv4$P$D$K$B$S$PE$A:L22UL41UL21$X:L11$S22US41US21$IEEE1$IW$USESV6$~STKCKD$USESV7$~SHL$OTIME$ROPI$IEEEX$EBA8$UX$STANDARDLIB$REQ8$PRES8$EABIv2 0x00000000   Number         0  anon$$obj.o ABSOLUTE
    __ARM_use_no_argv                        0x00000000   Number         0  main.o ABSOLUTE
    _printf_flags                            0x00000000   Number         0  printf_stubs.o ABSOLUTE
    _printf_return_value                     0x00000000   Number         0  printf_stubs.o ABSOLUTE
    _printf_sizespec                         0x00000000   Number         0  printf_stubs.o ABSOLUTE
    _printf_widthprec                        0x00000000   Number         0  printf_stubs.o ABSOLUTE
    __ARM_exceptions_init                     - Undefined Weak Reference
    __alloca_initialize                       - Undefined Weak Reference
    __arm_preinit_                            - Undefined Weak Reference
    __cpp_initialize__aeabi_                  - Undefined Weak Reference
    __cxa_finalize                            - Undefined Weak Reference
    __sigvec_lookup                           - Undefined Weak Reference
    _atexit_init                              - Undefined Weak Reference
    _call_atexit_fns                          - Undefined Weak Reference
    _clock_init                               - Undefined Weak Reference
    _fp_trap_init                             - Undefined Weak Reference
    _fp_trap_shutdown                         - Undefined Weak Reference
    _get_lc_collate                           - Undefined Weak Reference
    _get_lc_ctype                             - Undefined Weak Reference
    _get_lc_monetary                          - Undefined Weak Reference
    _get_lc_time                              - Undefined Weak Reference
    _getenv_init                              - Undefined Weak Reference
    _handle_redirection                       - Undefined Weak Reference
    _init_alloc                               - Undefined Weak Reference
    _init_user_alloc                          - Undefined Weak Reference
    _initio                                   - Undefined Weak Reference
    _mutex_acquire                            - Undefined Weak Reference
    _mutex_release                            - Undefined Weak Reference
    _printf_post_padding                      - Undefined Weak Reference
    _printf_pre_padding                       - Undefined Weak Reference
    _printf_truncate_unsigned                 - Undefined Weak Reference
    _rand_init                                - Undefined Weak Reference
    _signal_finish                            - Undefined Weak Reference
    _signal_init                              - Undefined Weak Reference
    _terminate_alloc                          - Undefined Weak Reference
    _terminate_user_alloc                     - Undefined Weak Reference
    _terminateio                              - Undefined Weak Reference
    __Vectors_Size                           0x000000ec   Number         0  startup_stm32f10x_md.o ABSOLUTE
    __Vectors                                0x08000000   Data           4  startup_stm32f10x_md.o(RESET)
    __Vectors_End                            0x080000ec   Data           0  startup_stm32f10x_md.o(RESET)
    __main                                   0x080000ed   Thumb Code     8  __main.o(!!!main)
    __scatterload                            0x080000f5   Thumb Code     0  __scatter.o(!!!scatter)
    __scatterload_rt2                        0x080000f5   Thumb Code    44  __scatter.o(!!!scatter)
    __scatterload_rt2_thumb_only             0x080000f5   Thumb Code     0  __scatter.o(!!!scatter)
    __scatterload_null                       0x08000103   Thumb Code     0  __scatter.o(!!!scatter)
    __scatterload_copy                       0x08000129   Thumb Code    26  __scatter_copy.o(!!handler_copy)
    __scatterload_zeroinit                   0x08000145   Thumb Code    28  __scatter_zi.o(!!handler_zi)
    _printf_f                                0x08000161   Thumb Code     0  _printf_f.o(.ARM.Collect$$_printf_percent$$00000003)
    _printf_percent                          0x08000161   Thumb Code     0  _printf_percent.o(.ARM.Collect$$_printf_percent$$00000000)
    _printf_x                                0x08000167   Thumb Code     0  _printf_x.o(.ARM.Collect$$_printf_percent$$0000000C)
    _printf_percent_end                      0x0800016d   Thumb Code     0  _printf_percent_end.o(.ARM.Collect$$_printf_percent$$00000017)
    __rt_lib_init                            0x08000171   Thumb Code     0  libinit.o(.ARM.Collect$$libinit$$00000000)
    __rt_lib_init_fp_1                       0x08000173   Thumb Code     0  libinit2.o(.ARM.Collect$$libinit$$00000002)
    __rt_lib_init_heap_1                     0x08000173   Thumb Code     0  libinit2.o(.ARM.Collect$$libinit$$0000000A)
    __rt_lib_init_lc_common                  0x08000173   Thumb Code     0  libinit2.o(.ARM.Collect$$libinit$$0000000F)
    __rt_lib_init_preinit_1                  0x08000173   Thumb Code     0  libinit2.o(.ARM.Collect$$libinit$$00000004)
    __rt_lib_init_rand_1                     0x08000173   Thumb Code     0  libinit2.o(.ARM.Collect$$libinit$$0000000E)
    __rt_lib_init_user_alloc_1               0x08000173   Thumb Code     0  libinit2.o(.ARM.Collect$$libinit$$0000000C)
    __rt_lib_init_lc_collate_1               0x08000179   Thumb Code     0  libinit2.o(.ARM.Collect$$libinit$$00000011)
    __rt_lib_init_lc_ctype_1                 0x08000179   Thumb Code     0  libinit2.o(.ARM.Collect$$libinit$$00000013)
    __rt_lib_init_lc_monetary_1              0x08000179   Thumb Code     0  libinit2.o(.ARM.Collect$$libinit$$00000015)
    __rt_lib_init_lc_numeric_2               0x08000179   Thumb Code     0  libinit2.o(.ARM.Collect$$libinit$$00000016)
    __rt_lib_init_alloca_1                   0x08000183   Thumb Code     0  libinit2.o(.ARM.Collect$$libinit$$0000002E)
    __rt_lib_init_argv_1                     0x08000183   Thumb Code     0  libinit2.o(.ARM.Collect$$libinit$$0000002C)
    __rt_lib_init_atexit_1                   0x08000183   Thumb Code     0  libinit2.o(.ARM.Collect$$libinit$$0000001B)
    __rt_lib_init_clock_1                    0x08000183   Thumb Code     0  libinit2.o(.ARM.Collect$$libinit$$00000021)
    __rt_lib_init_cpp_1                      0x08000183   Thumb Code     0  libinit2.o(.ARM.Collect$$libinit$$00000032)
    __rt_lib_init_exceptions_1               0x08000183   Thumb Code     0  libinit2.o(.ARM.Collect$$libinit$$00000030)
    __rt_lib_init_fp_trap_1                  0x08000183   Thumb Code     0  libinit2.o(.ARM.Collect$$libinit$$0000001F)
    __rt_lib_init_getenv_1                   0x08000183   Thumb Code     0  libinit2.o(.ARM.Collect$$libinit$$00000023)
    __rt_lib_init_lc_numeric_1               0x08000183   Thumb Code     0  libinit2.o(.ARM.Collect$$libinit$$00000017)
    __rt_lib_init_lc_time_1                  0x08000183   Thumb Code     0  libinit2.o(.ARM.Collect$$libinit$$00000019)
    __rt_lib_init_return                     0x08000183   Thumb Code     0  libinit2.o(.ARM.Collect$$libinit$$00000033)
    __rt_lib_init_signal_1                   0x08000183   Thumb Code     0  libinit2.o(.ARM.Collect$$libinit$$0000001D)
    __rt_lib_init_stdio_1                    0x08000183   Thumb Code     0  libinit2.o(.ARM.Collect$$libinit$$00000025)
    __rt_lib_shutdown                        0x08000185   Thumb Code     0  libshutdown.o(.ARM.Collect$$libshutdown$$00000000)
    __rt_lib_shutdown_cpp_1                  0x08000187   Thumb Code     0  libshutdown2.o(.ARM.Collect$$libshutdown$$00000002)
    __rt_lib_shutdown_fp_trap_1              0x08000187   Thumb Code     0  libshutdown2.o(.ARM.Collect$$libshutdown$$00000007)
    __rt_lib_shutdown_heap_1                 0x08000187   Thumb Code     0  libshutdown2.o(.ARM.Collect$$libshutdown$$0000000F)
    __rt_lib_shutdown_return                 0x08000187   Thumb Code     0  libshutdown2.o(.ARM.Collect$$libshutdown$$00000010)
    __rt_lib_shutdown_signal_1               0x08000187   Thumb Code     0  libshutdown2.o(.ARM.Collect$$libshutdown$$0000000A)
    __rt_lib_shutdown_stdio_1                0x08000187   Thumb Code     0  libshutdown2.o(.ARM.Collect$$libshutdown$$00000004)
    __rt_lib_shutdown_user_alloc_1           0x08000187   Thumb Code     0  libshutdown2.o(.ARM.Collect$$libshutdown$$0000000C)
    __rt_entry                               0x08000189   Thumb Code     0  __rtentry.o(.ARM.Collect$$rtentry$$00000000)
    __rt_entry_presh_1                       0x08000189   Thumb Code     0  __rtentry2.o(.ARM.Collect$$rtentry$$00000002)
    __rt_entry_sh                            0x08000189   Thumb Code     0  __rtentry4.o(.ARM.Collect$$rtentry$$00000004)
    __rt_entry_li                            0x0800018f   Thumb Code     0  __rtentry2.o(.ARM.Collect$$rtentry$$0000000A)
    __rt_entry_postsh_1                      0x0800018f   Thumb Code     0  __rtentry2.o(.ARM.Collect$$rtentry$$00000009)
    __rt_entry_main                          0x08000193   Thumb Code     0  __rtentry2.o(.ARM.Collect$$rtentry$$0000000D)
    __rt_entry_postli_1                      0x08000193   Thumb Code     0  __rtentry2.o(.ARM.Collect$$rtentry$$0000000C)
    __rt_exit                                0x0800019b   Thumb Code     0  rtexit.o(.ARM.Collect$$rtexit$$00000000)
    __rt_exit_ls                             0x0800019d   Thumb Code     0  rtexit2.o(.ARM.Collect$$rtexit$$00000003)
    __rt_exit_prels_1                        0x0800019d   Thumb Code     0  rtexit2.o(.ARM.Collect$$rtexit$$00000002)
    __rt_exit_exit                           0x080001a1   Thumb Code     0  rtexit2.o(.ARM.Collect$$rtexit$$00000004)
    Reset_Handler                            0x080001a9   Thumb Code     8  startup_stm32f10x_md.o(.text)
    NMI_Handler                              0x080001b1   Thumb Code     2  startup_stm32f10x_md.o(.text)
    HardFault_Handler                        0x080001b3   Thumb Code     2  startup_stm32f10x_md.o(.text)
    MemManage_Handler                        0x080001b5   Thumb Code     2  startup_stm32f10x_md.o(.text)
    BusFault_Handler                         0x080001b7   Thumb Code     2  startup_stm32f10x_md.o(.text)
    UsageFault_Handler                       0x080001b9   Thumb Code     2  startup_stm32f10x_md.o(.text)
    SVC_Handler                              0x080001bb   Thumb Code     2  startup_stm32f10x_md.o(.text)
    DebugMon_Handler                         0x080001bd   Thumb Code     2  startup_stm32f10x_md.o(.text)
    PendSV_Handler                           0x080001bf   Thumb Code     2  startup_stm32f10x_md.o(.text)
    SysTick_Handler                          0x080001c1   Thumb Code     2  startup_stm32f10x_md.o(.text)
    ADC1_2_IRQHandler                        0x080001c3   Thumb Code     0  startup_stm32f10x_md.o(.text)
    CAN1_RX1_IRQHandler                      0x080001c3   Thumb Code     0  startup_stm32f10x_md.o(.text)
    CAN1_SCE_IRQHandler                      0x080001c3   Thumb Code     0  startup_stm32f10x_md.o(.text)
    DMA1_Channel1_IRQHandler                 0x080001c3   Thumb Code     0  startup_stm32f10x_md.o(.text)
    DMA1_Channel2_IRQHandler                 0x080001c3   Thumb Code     0  startup_stm32f10x_md.o(.text)
    DMA1_Channel3_IRQHandler                 0x080001c3   Thumb Code     0  startup_stm32f10x_md.o(.text)
    DMA1_Channel4_IRQHandler                 0x080001c3   Thumb Code     0  startup_stm32f10x_md.o(.text)
    DMA1_Channel5_IRQHandler                 0x080001c3   Thumb Code     0  startup_stm32f10x_md.o(.text)
    DMA1_Channel6_IRQHandler                 0x080001c3   Thumb Code     0  startup_stm32f10x_md.o(.text)
    DMA1_Channel7_IRQHandler                 0x080001c3   Thumb Code     0  startup_stm32f10x_md.o(.text)
    EXTI0_IRQHandler                         0x080001c3   Thumb Code     0  startup_stm32f10x_md.o(.text)
    EXTI15_10_IRQHandler                     0x080001c3   Thumb Code     0  startup_stm32f10x_md.o(.text)
    EXTI1_IRQHandler                         0x080001c3   Thumb Code     0  startup_stm32f10x_md.o(.text)
    EXTI2_IRQHandler                         0x080001c3   Thumb Code     0  startup_stm32f10x_md.o(.text)
    EXTI3_IRQHandler                         0x080001c3   Thumb Code     0  startup_stm32f10x_md.o(.text)
    EXTI4_IRQHandler                         0x080001c3   Thumb Code     0  startup_stm32f10x_md.o(.text)
    EXTI9_5_IRQHandler                       0x080001c3   Thumb Code     0  startup_stm32f10x_md.o(.text)
    FLASH_IRQHandler                         0x080001c3   Thumb Code     0  startup_stm32f10x_md.o(.text)
    I2C1_ER_IRQHandler                       0x080001c3   Thumb Code     0  startup_stm32f10x_md.o(.text)
    I2C1_EV_IRQHandler                       0x080001c3   Thumb Code     0  startup_stm32f10x_md.o(.text)
    I2C2_ER_IRQHandler                       0x080001c3   Thumb Code     0  startup_stm32f10x_md.o(.text)
    I2C2_EV_IRQHandler                       0x080001c3   Thumb Code     0  startup_stm32f10x_md.o(.text)
    PVD_IRQHandler                           0x080001c3   Thumb Code     0  startup_stm32f10x_md.o(.text)
    RCC_IRQHandler                           0x080001c3   Thumb Code     0  startup_stm32f10x_md.o(.text)
    RTCAlarm_IRQHandler                      0x080001c3   Thumb Code     0  startup_stm32f10x_md.o(.text)
    RTC_IRQHandler                           0x080001c3   Thumb Code     0  startup_stm32f10x_md.o(.text)
    SPI1_IRQHandler                          0x080001c3   Thumb Code     0  startup_stm32f10x_md.o(.text)
    SPI2_IRQHandler                          0x080001c3   Thumb Code     0  startup_stm32f10x_md.o(.text)
    TAMPER_IRQHandler                        0x080001c3   Thumb Code     0  startup_stm32f10x_md.o(.text)
    TIM1_BRK_IRQHandler                      0x080001c3   Thumb Code     0  startup_stm32f10x_md.o(.text)
    TIM1_CC_IRQHandler                       0x080001c3   Thumb Code     0  startup_stm32f10x_md.o(.text)
    TIM1_TRG_COM_IRQHandler                  0x080001c3   Thumb Code     0  startup_stm32f10x_md.o(.text)
    TIM1_UP_IRQHandler                       0x080001c3   Thumb Code     0  startup_stm32f10x_md.o(.text)
    TIM3_IRQHandler                          0x080001c3   Thumb Code     0  startup_stm32f10x_md.o(.text)
    TIM4_IRQHandler                          0x080001c3   Thumb Code     0  startup_stm32f10x_md.o(.text)
    USART2_IRQHandler                        0x080001c3   Thumb Code     0  startup_stm32f10x_md.o(.text)
    USART3_IRQHandler                        0x080001c3   Thumb Code     0  startup_stm32f10x_md.o(.text)
    USBWakeUp_IRQHandler                     0x080001c3   Thumb Code     0  startup_stm32f10x_md.o(.text)
    USB_HP_CAN1_TX_IRQHandler                0x080001c3   Thumb Code     0  startup_stm32f10x_md.o(.text)
    USB_LP_CAN1_RX0_IRQHandler               0x080001c3   Thumb Code     0  startup_stm32f10x_md.o(.text)
    WWDG_IRQHandler                          0x080001c3   Thumb Code     0  startup_stm32f10x_md.o(.text)
    __user_initial_stackheap                 0x080001c5   Thumb Code     0  startup_stm32f10x_md.o(.text)
    __use_no_semihosting                     0x080001e9   Thumb Code     2  use_no_semi_2.o(.text)
    __2printf                                0x080001ed   Thumb Code    20  noretval__2printf.o(.text)
    __2sprintf                               0x08000205   Thumb Code    34  noretval__2sprintf.o(.text)
    _printf_int_hex                          0x0800022d   Thumb Code    84  _printf_hex_int.o(.text)
    _printf_longlong_hex                     0x0800022d   Thumb Code     0  _printf_hex_int.o(.text)
    __printf                                 0x08000285   Thumb Code   270  __printf_wp.o(.text)
    puts                                     0x08000395   Thumb Code    40  puts.o(.text)
    __use_two_region_memory                  0x080003c1   Thumb Code     2  heapauxi.o(.text)
    __rt_heap_escrow$2region                 0x080003c3   Thumb Code     2  heapauxi.o(.text)
    __rt_heap_expand$2region                 0x080003c5   Thumb Code     2  heapauxi.o(.text)
    __I$use$semihosting                      0x080003c7   Thumb Code     0  use_no_semi.o(.text)
    __use_no_semihosting_swi                 0x080003c7   Thumb Code     2  use_no_semi.o(.text)
    __read_errno                             0x080003c9   Thumb Code    10  _rserrno.o(.text)
    __set_errno                              0x080003d3   Thumb Code    12  _rserrno.o(.text)
    _printf_int_common                       0x080003df   Thumb Code   178  _printf_intcommon.o(.text)
    __lib_sel_fp_printf                      0x08000491   Thumb Code     2  _printf_fp_dec.o(.text)
    _printf_fp_dec_real                      0x08000643   Thumb Code   620  _printf_fp_dec.o(.text)
    _printf_char_common                      0x080008bb   Thumb Code    32  _printf_char_common.o(.text)
    _sputc                                   0x080008e1   Thumb Code    10  _sputc.o(.text)
    _printf_char_file                        0x080008ed   Thumb Code    32  _printf_char_file.o(.text)
    __rt_locale                              0x08000911   Thumb Code     8  rt_locale_intlibspace.o(.text)
    __aeabi_errno_addr                       0x08000919   Thumb Code     8  rt_errno_addr_intlibspace.o(.text)
    __errno$intlibspace                      0x08000919   Thumb Code     0  rt_errno_addr_intlibspace.o(.text)
    __rt_errno_addr$intlibspace              0x08000919   Thumb Code     0  rt_errno_addr_intlibspace.o(.text)
    _ll_udiv10                               0x08000921   Thumb Code   138  lludiv10.o(.text)
    _printf_fp_infnan                        0x080009ad   Thumb Code   112  _printf_fp_infnan.o(.text)
    _btod_etento                             0x08000a2d   Thumb Code   224  bigflt0.o(.text)
    ferror                                   0x08000b11   Thumb Code     8  ferror.o(.text)
    __user_libspace                          0x08000b19   Thumb Code     8  libspace.o(.text)
    __user_perproc_libspace                  0x08000b19   Thumb Code     0  libspace.o(.text)
    __user_perthread_libspace                0x08000b19   Thumb Code     0  libspace.o(.text)
    __user_setup_stackheap                   0x08000b21   Thumb Code    74  sys_stackheap_outer.o(.text)
    exit                                     0x08000b6b   Thumb Code    18  exit.o(.text)
    strcmp                                   0x08000b7d   Thumb Code   128  strcmpv7m.o(.text)
    _btod_d2e                                0x08000bfd   Thumb Code    62  btod.o(CL$$btod_d2e)
    _d2e_denorm_low                          0x08000c3b   Thumb Code    70  btod.o(CL$$btod_d2e_denorm_low)
    _d2e_norm_op1                            0x08000c81   Thumb Code    96  btod.o(CL$$btod_d2e_norm_op1)
    __btod_div_common                        0x08000ce1   Thumb Code   696  btod.o(CL$$btod_div_common)
    _e2e                                     0x08001019   Thumb Code   220  btod.o(CL$$btod_e2e)
    _btod_ediv                               0x080010f5   Thumb Code    42  btod.o(CL$$btod_ediv)
    _btod_emul                               0x0800111f   Thumb Code    42  btod.o(CL$$btod_emul)
    __btod_mult_common                       0x08001149   Thumb Code   580  btod.o(CL$$btod_mult_common)
    GPIO_Init                                0x0800138d   Thumb Code   278  stm32f10x_gpio.o(i.GPIO_Init)
    GPIO_SetBits                             0x080014a3   Thumb Code     4  stm32f10x_gpio.o(i.GPIO_SetBits)
    JTAG_Set                                 0x080014a9   Thumb Code    38  sys.o(i.JTAG_Set)
    MahonyAHRSupdateIMU                      0x080014d5   Thumb Code   920  ahrs.o(i.MahonyAHRSupdateIMU)
    NVIC_Init                                0x08001891   Thumb Code   100  misc.o(i.NVIC_Init)
    NVIC_PriorityGroupConfig                 0x08001901   Thumb Code    10  misc.o(i.NVIC_PriorityGroupConfig)
    NVIC_SetVectorTable                      0x08001915   Thumb Code    12  misc.o(i.NVIC_SetVectorTable)
    Quat2Angle                               0x08001929   Thumb Code   424  ahrs.o(i.Quat2Angle)
    RCC_APB1PeriphClockCmd                   0x08001af1   Thumb Code    26  stm32f10x_rcc.o(i.RCC_APB1PeriphClockCmd)
    RCC_APB2PeriphClockCmd                   0x08001b11   Thumb Code    26  stm32f10x_rcc.o(i.RCC_APB2PeriphClockCmd)
    RCC_GetClocksFreq                        0x08001b31   Thumb Code   192  stm32f10x_rcc.o(i.RCC_GetClocksFreq)
    SPI_Cmd                                  0x08001c05   Thumb Code    24  stm32f10x_spi.o(i.SPI_Cmd)
    SPI_Init                                 0x08001c1d   Thumb Code    60  stm32f10x_spi.o(i.SPI_Init)
    SysTick_CLKSourceConfig                  0x08001d41   Thumb Code    40  misc.o(i.SysTick_CLKSourceConfig)
    SystemInit                               0x08001d69   Thumb Code    78  system_stm32f10x.o(i.SystemInit)
    TIM2_IRQHandler                          0x08001dc9   Thumb Code    32  time.o(i.TIM2_IRQHandler)
    TIM_ClearFlag                            0x08001ded   Thumb Code     6  stm32f10x_tim.o(i.TIM_ClearFlag)
    TIM_Cmd                                  0x08001df3   Thumb Code    24  stm32f10x_tim.o(i.TIM_Cmd)
    TIM_GetFlagStatus                        0x08001e0b   Thumb Code    18  stm32f10x_tim.o(i.TIM_GetFlagStatus)
    TIM_ITConfig                             0x08001e1d   Thumb Code    18  stm32f10x_tim.o(i.TIM_ITConfig)
    TIM_TimeBaseInit                         0x08001e31   Thumb Code   122  stm32f10x_tim.o(i.TIM_TimeBaseInit)
    USART1_IRQHandler                        0x08001ed5   Thumb Code    22  usart.o(i.USART1_IRQHandler)
    USART_Cmd                                0x08001ef1   Thumb Code    24  stm32f10x_usart.o(i.USART_Cmd)
    USART_GetFlagStatus                      0x08001f09   Thumb Code    26  stm32f10x_usart.o(i.USART_GetFlagStatus)
    USART_GetITStatus                        0x08001f23   Thumb Code    84  stm32f10x_usart.o(i.USART_GetITStatus)
    USART_ITConfig                           0x08001f77   Thumb Code    74  stm32f10x_usart.o(i.USART_ITConfig)
    USART_Init                               0x08001fc1   Thumb Code   210  stm32f10x_usart.o(i.USART_Init)
    USART_ReceiveData                        0x08002099   Thumb Code    10  stm32f10x_usart.o(i.USART_ReceiveData)
    USART_SendData                           0x080020a3   Thumb Code     8  stm32f10x_usart.o(i.USART_SendData)
    __ARM_fpclassify                         0x080020ab   Thumb Code    40  fpclassify.o(i.__ARM_fpclassify)
    __kernel_poly                            0x080020d3   Thumb Code   170  poly.o(i.__kernel_poly)
    __mathlib_dbl_infnan                     0x0800217d   Thumb Code     6  dunder.o(i.__mathlib_dbl_infnan)
    __mathlib_dbl_infnan2                    0x08002183   Thumb Code     4  dunder.o(i.__mathlib_dbl_infnan2)
    __mathlib_dbl_invalid                    0x08002187   Thumb Code    12  dunder.o(i.__mathlib_dbl_invalid)
    __mathlib_dbl_underflow                  0x08002195   Thumb Code    10  dunder.o(i.__mathlib_dbl_underflow)
    _is_digit                                0x080021a5   Thumb Code    14  __printf_wp.o(i._is_digit)
    _sys_exit                                0x080021b3   Thumb Code     6  retarget.o(i._sys_exit)
    asin                                     0x080021b9   Thumb Code   572  asin.o(i.asin)
    atan                                     0x08002429   Thumb Code   474  atan.o(i.atan)
    atan2                                    0x08002649   Thumb Code   346  atan2.o(i.atan2)
    delay_init                               0x080027c9   Thumb Code    50  delay.o(i.delay_init)
    delay_ms                                 0x0800280d   Thumb Code    72  delay.o(i.delay_ms)
    fputc                                    0x08002859   Thumb Code    16  retarget.o(i.fputc)
    gpio_mode_af                             0x08002869   Thumb Code    32  gpio.o(i.gpio_mode_af)
    gpio_mode_in                             0x08002889   Thumb Code    32  gpio.o(i.gpio_mode_in)
    gpio_mode_out                            0x080028a9   Thumb Code    32  gpio.o(i.gpio_mode_out)
    icm20602_calibrate                       0x080028c9   Thumb Code   550  icm20602.o(i.icm20602_calibrate)
    icm20602_get_accel                       0x08002b51   Thumb Code   122  icm20602.o(i.icm20602_get_accel)
    icm20602_get_accel_adc                   0x08002bdd   Thumb Code    72  icm20602.o(i.icm20602_get_accel_adc)
    icm20602_get_gyro                        0x08002c25   Thumb Code   122  icm20602.o(i.icm20602_get_gyro)
    icm20602_get_gyro_adc                    0x08002cb1   Thumb Code    72  icm20602.o(i.icm20602_get_gyro_adc)
    icm20602_init                            0x08002cf9   Thumb Code   222  icm20602.o(i.icm20602_init)
    icm20602_read_buffer                     0x08002e4d   Thumb Code    36  icm20602.o(i.icm20602_read_buffer)
    icm20602_read_reg                        0x08002e79   Thumb Code    30  icm20602.o(i.icm20602_read_reg)
    icm20602_set_accel_fullscale             0x08002ea1   Thumb Code    98  icm20602.o(i.icm20602_set_accel_fullscale)
    icm20602_set_gyro_fullscale              0x08002f0d   Thumb Code    88  icm20602.o(i.icm20602_set_gyro_fullscale)
    icm20602_write_reg                       0x08002f81   Thumb Code    32  icm20602.o(i.icm20602_write_reg)
    main                                     0x08002fa9   Thumb Code   748  main.o(i.main)
    millis                                   0x08003341   Thumb Code     6  time.o(i.millis)
    myputc                                   0x0800334d   Thumb Code    28  usart.o(i.myputc)
    oled_clear                               0x0800336d   Thumb Code    64  oled.o(i.oled_clear)
    oled_init                                0x080033ad   Thumb Code   322  oled.o(i.oled_init)
    oled_set_pos                             0x080034fd   Thumb Code    46  oled.o(i.oled_set_pos)
    oled_show_char                           0x0800352d   Thumb Code   150  oled.o(i.oled_show_char)
    oled_show_string                         0x080035c9   Thumb Code    30  oled.o(i.oled_show_string)
    oled_write_byte                          0x080035e9   Thumb Code    98  oled.o(i.oled_write_byte)
    spi2_init                                0x08003655   Thumb Code   174  spi.o(i.spi2_init)
    spi2_read_reg                            0x0800371d   Thumb Code    20  spi.o(i.spi2_read_reg)
    spi2_read_reg_buffer                     0x08003731   Thumb Code    42  spi.o(i.spi2_read_reg_buffer)
    spi2_read_write_byte                     0x0800375d   Thumb Code    46  spi.o(i.spi2_read_write_byte)
    spi2_write_reg                           0x08003791   Thumb Code    24  spi.o(i.spi2_write_reg)
    sqrt                                     0x080037a9   Thumb Code    76  sqrt.o(i.sqrt)
    time_init                                0x080037f5   Thumb Code   102  time.o(i.time_init)
    usart1_init                              0x0800385d   Thumb Code   130  usart.o(i.usart1_init)
    _get_lc_numeric                          0x080038e9   Thumb Code    44  lc_numeric_c.o(locale$$code)
    __aeabi_d2f                              0x08003915   Thumb Code     0  d2f.o(x$fpl$d2f)
    _d2f                                     0x08003915   Thumb Code    98  d2f.o(x$fpl$d2f)
    __aeabi_dadd                             0x08003979   Thumb Code     0  daddsub_clz.o(x$fpl$dadd)
    _dadd                                    0x08003979   Thumb Code   332  daddsub_clz.o(x$fpl$dadd)
    __fpl_dcheck_NaN1                        0x08003ac9   Thumb Code    10  dcheck1.o(x$fpl$dcheck1)
    __fpl_dcmp_Inf                           0x08003ad9   Thumb Code    24  dcmpi.o(x$fpl$dcmpinf)
    __aeabi_ddiv                             0x08003af1   Thumb Code     0  ddiv.o(x$fpl$ddiv)
    _ddiv                                    0x08003af1   Thumb Code   552  ddiv.o(x$fpl$ddiv)
    __aeabi_i2d                              0x08003da1   Thumb Code     0  dflt_clz.o(x$fpl$dflt)
    _dflt                                    0x08003da1   Thumb Code    46  dflt_clz.o(x$fpl$dflt)
    __aeabi_cdcmple                          0x08003dd1   Thumb Code     0  dleqf.o(x$fpl$dleqf)
    _dcmple                                  0x08003dd1   Thumb Code   120  dleqf.o(x$fpl$dleqf)
    __fpl_dcmple_InfNaN                      0x08003e33   Thumb Code     0  dleqf.o(x$fpl$dleqf)
    __aeabi_dmul                             0x08003e49   Thumb Code     0  dmul.o(x$fpl$dmul)
    _dmul                                    0x08003e49   Thumb Code   332  dmul.o(x$fpl$dmul)
    __fpl_dnaninf                            0x08003f9d   Thumb Code   156  dnaninf.o(x$fpl$dnaninf)
    __fpl_dretinf                            0x08004039   Thumb Code    12  dretinf.o(x$fpl$dretinf)
    __aeabi_cdrcmple                         0x08004045   Thumb Code     0  drleqf.o(x$fpl$drleqf)
    _drcmple                                 0x08004045   Thumb Code   108  drleqf.o(x$fpl$drleqf)
    __aeabi_drsub                            0x080040b1   Thumb Code     0  daddsub_clz.o(x$fpl$drsb)
    _drsb                                    0x080040b1   Thumb Code    22  daddsub_clz.o(x$fpl$drsb)
    _dsqrt                                   0x080040c9   Thumb Code   456  dsqrt_noumaal.o(x$fpl$dsqrt)
    __aeabi_dsub                             0x08004295   Thumb Code     0  daddsub_clz.o(x$fpl$dsub)
    _dsub                                    0x08004295   Thumb Code   464  daddsub_clz.o(x$fpl$dsub)
    __aeabi_f2d                              0x08004469   Thumb Code     0  f2d.o(x$fpl$f2d)
    _f2d                                     0x08004469   Thumb Code    86  f2d.o(x$fpl$f2d)
    __aeabi_fadd                             0x080044c1   Thumb Code     0  faddsub_clz.o(x$fpl$fadd)
    _fadd                                    0x080044c1   Thumb Code   196  faddsub_clz.o(x$fpl$fadd)
    __fpl_fcmp_Inf                           0x08004585   Thumb Code    24  fcmpi.o(x$fpl$fcmpinf)
    __aeabi_cfcmpeq                          0x0800459d   Thumb Code     0  feqf.o(x$fpl$feqf)
    _fcmpeq                                  0x0800459d   Thumb Code   104  feqf.o(x$fpl$feqf)
    __aeabi_i2f                              0x08004605   Thumb Code     0  fflt_clz.o(x$fpl$fflt)
    _fflt                                    0x08004605   Thumb Code    48  fflt_clz.o(x$fpl$fflt)
    __aeabi_ui2f                             0x08004635   Thumb Code     0  fflt_clz.o(x$fpl$ffltu)
    _ffltu                                   0x08004635   Thumb Code    38  fflt_clz.o(x$fpl$ffltu)
    __aeabi_fmul                             0x0800465d   Thumb Code     0  fmul.o(x$fpl$fmul)
    _fmul                                    0x0800465d   Thumb Code   258  fmul.o(x$fpl$fmul)
    __fpl_fnaninf                            0x0800475f   Thumb Code   140  fnaninf.o(x$fpl$fnaninf)
    __fpl_fretinf                            0x080047eb   Thumb Code    10  fretinf.o(x$fpl$fretinf)
    __aeabi_fsub                             0x080047f5   Thumb Code     0  faddsub_clz.o(x$fpl$fsub)
    _fsub                                    0x080047f5   Thumb Code   234  faddsub_clz.o(x$fpl$fsub)
    _printf_fp_dec                           0x080048df   Thumb Code     4  printf1.o(x$fpl$printf1)
    __fpl_return_NaN                         0x080048e3   Thumb Code   100  retnan.o(x$fpl$retnan)
    __ARM_scalbn                             0x08004947   Thumb Code    92  scalbn.o(x$fpl$scalbn)
    __fpl_cmpreturn                          0x080049a3   Thumb Code    48  trapv.o(x$fpl$trapveneer)
    F6X8                                     0x080049d2   Data         552  oled.o(.constdata)
    __I$use$fp                               0x080049d2   Number         0  usenofp.o(x$fpl$usenofp)
    F8X16                                    0x08004bfa   Data        1520  oled.o(.constdata)
    __mathlib_zero                           0x08005300   Data           8  qnan.o(.constdata)
    Region$$Table$$Base                      0x080053e0   Number         0  anon$$obj.o(Region$$Table)
    Region$$Table$$Limit                     0x08005400   Number         0  anon$$obj.o(Region$$Table)
    q0                                       0x20000000   Data           4  ahrs.o(.data)
    q1                                       0x20000004   Data           4  ahrs.o(.data)
    q2                                       0x20000008   Data           4  ahrs.o(.data)
    q3                                       0x2000000c   Data           4  ahrs.o(.data)
    roll                                     0x20000010   Data           4  ahrs.o(.data)
    pitch                                    0x20000014   Data           4  ahrs.o(.data)
    yaw                                      0x20000018   Data           4  ahrs.o(.data)
    integralFBx                              0x2000001c   Data           4  ahrs.o(.data)
    integralFBy                              0x20000020   Data           4  ahrs.o(.data)
    integralFBz                              0x20000024   Data           4  ahrs.o(.data)
    gyro_bias_x                              0x20000028   Data           4  icm20602.o(.data)
    gyro_bias_y                              0x2000002c   Data           4  icm20602.o(.data)
    gyro_bias_z                              0x20000030   Data           4  icm20602.o(.data)
    accel_bias_x                             0x20000034   Data           4  icm20602.o(.data)
    accel_bias_y                             0x20000038   Data           4  icm20602.o(.data)
    accel_bias_z                             0x2000003c   Data           4  icm20602.o(.data)
    __stdout                                 0x20000048   Data           4  retarget.o(.data)
    g_ul_ms_ticks                            0x2000004c   Data           4  time.o(.data)
    SystemCoreClock                          0x20000068   Data           4  system_stm32f10x.o(.data)
    AHBPrescTable                            0x2000006c   Data          16  system_stm32f10x.o(.data)
    __libspace_start                         0x2000007c   Data          96  libspace.o(.bss)
    __temporary_stack_top$libspace           0x200000dc   Data           0  libspace.o(.bss)



==============================================================================

Memory Map of the image

  Image Entry point : 0x080000ed

  Load Region LR_IROM1 (Base: 0x08000000, Size: 0x00005498, Max: 0x00010000, ABSOLUTE)

    Execution Region ER_IROM1 (Exec base: 0x08000000, Load base: 0x08000000, Size: 0x0000541c, Max: 0x00010000, ABSOLUTE)

    Exec Addr    Load Addr    Size         Type   Attr      Idx    E Section Name        Object

    0x08000000   0x08000000   0x000000ec   Data   RO         2005    RESET               startup_stm32f10x_md.o
    0x080000ec   0x080000ec   0x00000008   Code   RO         2118  * !!!main             c_w.l(__main.o)
    0x080000f4   0x080000f4   0x00000034   Code   RO         2472    !!!scatter          c_w.l(__scatter.o)
    0x08000128   0x08000128   0x0000001a   Code   RO         2474    !!handler_copy      c_w.l(__scatter_copy.o)
    0x08000142   0x08000142   0x00000002   PAD
    0x08000144   0x08000144   0x0000001c   Code   RO         2476    !!handler_zi        c_w.l(__scatter_zi.o)
    0x08000160   0x08000160   0x00000000   Code   RO         2113    .ARM.Collect$$_printf_percent$$00000000  c_w.l(_printf_percent.o)
    0x08000160   0x08000160   0x00000006   Code   RO         2112    .ARM.Collect$$_printf_percent$$00000003  c_w.l(_printf_f.o)
    0x08000166   0x08000166   0x00000006   Code   RO         2111    .ARM.Collect$$_printf_percent$$0000000C  c_w.l(_printf_x.o)
    0x0800016c   0x0800016c   0x00000004   Code   RO         2207    .ARM.Collect$$_printf_percent$$00000017  c_w.l(_printf_percent_end.o)
    0x08000170   0x08000170   0x00000002   Code   RO         2345    .ARM.Collect$$libinit$$00000000  c_w.l(libinit.o)
    0x08000172   0x08000172   0x00000000   Code   RO         2347    .ARM.Collect$$libinit$$00000002  c_w.l(libinit2.o)
    0x08000172   0x08000172   0x00000000   Code   RO         2349    .ARM.Collect$$libinit$$00000004  c_w.l(libinit2.o)
    0x08000172   0x08000172   0x00000000   Code   RO         2352    .ARM.Collect$$libinit$$0000000A  c_w.l(libinit2.o)
    0x08000172   0x08000172   0x00000000   Code   RO         2354    .ARM.Collect$$libinit$$0000000C  c_w.l(libinit2.o)
    0x08000172   0x08000172   0x00000000   Code   RO         2356    .ARM.Collect$$libinit$$0000000E  c_w.l(libinit2.o)
    0x08000172   0x08000172   0x00000006   Code   RO         2357    .ARM.Collect$$libinit$$0000000F  c_w.l(libinit2.o)
    0x08000178   0x08000178   0x00000000   Code   RO         2359    .ARM.Collect$$libinit$$00000011  c_w.l(libinit2.o)
    0x08000178   0x08000178   0x00000000   Code   RO         2361    .ARM.Collect$$libinit$$00000013  c_w.l(libinit2.o)
    0x08000178   0x08000178   0x00000000   Code   RO         2363    .ARM.Collect$$libinit$$00000015  c_w.l(libinit2.o)
    0x08000178   0x08000178   0x0000000a   Code   RO         2364    .ARM.Collect$$libinit$$00000016  c_w.l(libinit2.o)
    0x08000182   0x08000182   0x00000000   Code   RO         2365    .ARM.Collect$$libinit$$00000017  c_w.l(libinit2.o)
    0x08000182   0x08000182   0x00000000   Code   RO         2367    .ARM.Collect$$libinit$$00000019  c_w.l(libinit2.o)
    0x08000182   0x08000182   0x00000000   Code   RO         2369    .ARM.Collect$$libinit$$0000001B  c_w.l(libinit2.o)
    0x08000182   0x08000182   0x00000000   Code   RO         2371    .ARM.Collect$$libinit$$0000001D  c_w.l(libinit2.o)
    0x08000182   0x08000182   0x00000000   Code   RO         2373    .ARM.Collect$$libinit$$0000001F  c_w.l(libinit2.o)
    0x08000182   0x08000182   0x00000000   Code   RO         2375    .ARM.Collect$$libinit$$00000021  c_w.l(libinit2.o)
    0x08000182   0x08000182   0x00000000   Code   RO         2377    .ARM.Collect$$libinit$$00000023  c_w.l(libinit2.o)
    0x08000182   0x08000182   0x00000000   Code   RO         2379    .ARM.Collect$$libinit$$00000025  c_w.l(libinit2.o)
    0x08000182   0x08000182   0x00000000   Code   RO         2383    .ARM.Collect$$libinit$$0000002C  c_w.l(libinit2.o)
    0x08000182   0x08000182   0x00000000   Code   RO         2385    .ARM.Collect$$libinit$$0000002E  c_w.l(libinit2.o)
    0x08000182   0x08000182   0x00000000   Code   RO         2387    .ARM.Collect$$libinit$$00000030  c_w.l(libinit2.o)
    0x08000182   0x08000182   0x00000000   Code   RO         2389    .ARM.Collect$$libinit$$00000032  c_w.l(libinit2.o)
    0x08000182   0x08000182   0x00000002   Code   RO         2390    .ARM.Collect$$libinit$$00000033  c_w.l(libinit2.o)
    0x08000184   0x08000184   0x00000002   Code   RO         2422    .ARM.Collect$$libshutdown$$00000000  c_w.l(libshutdown.o)
    0x08000186   0x08000186   0x00000000   Code   RO         2431    .ARM.Collect$$libshutdown$$00000002  c_w.l(libshutdown2.o)
    0x08000186   0x08000186   0x00000000   Code   RO         2433    .ARM.Collect$$libshutdown$$00000004  c_w.l(libshutdown2.o)
    0x08000186   0x08000186   0x00000000   Code   RO         2436    .ARM.Collect$$libshutdown$$00000007  c_w.l(libshutdown2.o)
    0x08000186   0x08000186   0x00000000   Code   RO         2439    .ARM.Collect$$libshutdown$$0000000A  c_w.l(libshutdown2.o)
    0x08000186   0x08000186   0x00000000   Code   RO         2441    .ARM.Collect$$libshutdown$$0000000C  c_w.l(libshutdown2.o)
    0x08000186   0x08000186   0x00000000   Code   RO         2444    .ARM.Collect$$libshutdown$$0000000F  c_w.l(libshutdown2.o)
    0x08000186   0x08000186   0x00000002   Code   RO         2445    .ARM.Collect$$libshutdown$$00000010  c_w.l(libshutdown2.o)
    0x08000188   0x08000188   0x00000000   Code   RO         2194    .ARM.Collect$$rtentry$$00000000  c_w.l(__rtentry.o)
    0x08000188   0x08000188   0x00000000   Code   RO         2263    .ARM.Collect$$rtentry$$00000002  c_w.l(__rtentry2.o)
    0x08000188   0x08000188   0x00000006   Code   RO         2275    .ARM.Collect$$rtentry$$00000004  c_w.l(__rtentry4.o)
    0x0800018e   0x0800018e   0x00000000   Code   RO         2265    .ARM.Collect$$rtentry$$00000009  c_w.l(__rtentry2.o)
    0x0800018e   0x0800018e   0x00000004   Code   RO         2266    .ARM.Collect$$rtentry$$0000000A  c_w.l(__rtentry2.o)
    0x08000192   0x08000192   0x00000000   Code   RO         2268    .ARM.Collect$$rtentry$$0000000C  c_w.l(__rtentry2.o)
    0x08000192   0x08000192   0x00000008   Code   RO         2269    .ARM.Collect$$rtentry$$0000000D  c_w.l(__rtentry2.o)
    0x0800019a   0x0800019a   0x00000002   Code   RO         2393    .ARM.Collect$$rtexit$$00000000  c_w.l(rtexit.o)
    0x0800019c   0x0800019c   0x00000000   Code   RO         2402    .ARM.Collect$$rtexit$$00000002  c_w.l(rtexit2.o)
    0x0800019c   0x0800019c   0x00000004   Code   RO         2403    .ARM.Collect$$rtexit$$00000003  c_w.l(rtexit2.o)
    0x080001a0   0x080001a0   0x00000006   Code   RO         2404    .ARM.Collect$$rtexit$$00000004  c_w.l(rtexit2.o)
    0x080001a6   0x080001a6   0x00000002   PAD
    0x080001a8   0x080001a8   0x00000040   Code   RO         2006    .text               startup_stm32f10x_md.o
    0x080001e8   0x080001e8   0x00000002   Code   RO         2058    .text               c_w.l(use_no_semi_2.o)
    0x080001ea   0x080001ea   0x00000002   PAD
    0x080001ec   0x080001ec   0x00000018   Code   RO         2064    .text               c_w.l(noretval__2printf.o)
    0x08000204   0x08000204   0x00000028   Code   RO         2066    .text               c_w.l(noretval__2sprintf.o)
    0x0800022c   0x0800022c   0x00000058   Code   RO         2073    .text               c_w.l(_printf_hex_int.o)
    0x08000284   0x08000284   0x0000010e   Code   RO         2099    .text               c_w.l(__printf_wp.o)
    0x08000392   0x08000392   0x00000002   PAD
    0x08000394   0x08000394   0x0000002c   Code   RO         2114    .text               c_w.l(puts.o)
    0x080003c0   0x080003c0   0x00000006   Code   RO         2116    .text               c_w.l(heapauxi.o)
    0x080003c6   0x080003c6   0x00000002   Code   RO         2192    .text               c_w.l(use_no_semi.o)
    0x080003c8   0x080003c8   0x00000016   Code   RO         2195    .text               c_w.l(_rserrno.o)
    0x080003de   0x080003de   0x000000b2   Code   RO         2197    .text               c_w.l(_printf_intcommon.o)
    0x08000490   0x08000490   0x0000041e   Code   RO         2199    .text               c_w.l(_printf_fp_dec.o)
    0x080008ae   0x080008ae   0x00000002   PAD
    0x080008b0   0x080008b0   0x00000030   Code   RO         2201    .text               c_w.l(_printf_char_common.o)
    0x080008e0   0x080008e0   0x0000000a   Code   RO         2203    .text               c_w.l(_sputc.o)
    0x080008ea   0x080008ea   0x00000002   PAD
    0x080008ec   0x080008ec   0x00000024   Code   RO         2205    .text               c_w.l(_printf_char_file.o)
    0x08000910   0x08000910   0x00000008   Code   RO         2280    .text               c_w.l(rt_locale_intlibspace.o)
    0x08000918   0x08000918   0x00000008   Code   RO         2285    .text               c_w.l(rt_errno_addr_intlibspace.o)
    0x08000920   0x08000920   0x0000008a   Code   RO         2287    .text               c_w.l(lludiv10.o)
    0x080009aa   0x080009aa   0x00000002   PAD
    0x080009ac   0x080009ac   0x00000080   Code   RO         2289    .text               c_w.l(_printf_fp_infnan.o)
    0x08000a2c   0x08000a2c   0x000000e4   Code   RO         2293    .text               c_w.l(bigflt0.o)
    0x08000b10   0x08000b10   0x00000008   Code   RO         2318    .text               c_w.l(ferror.o)
    0x08000b18   0x08000b18   0x00000008   Code   RO         2331    .text               c_w.l(libspace.o)
    0x08000b20   0x08000b20   0x0000004a   Code   RO         2334    .text               c_w.l(sys_stackheap_outer.o)
    0x08000b6a   0x08000b6a   0x00000012   Code   RO         2336    .text               c_w.l(exit.o)
    0x08000b7c   0x08000b7c   0x00000080   Code   RO         2338    .text               c_w.l(strcmpv7m.o)
    0x08000bfc   0x08000bfc   0x0000003e   Code   RO         2296    CL$$btod_d2e        c_w.l(btod.o)
    0x08000c3a   0x08000c3a   0x00000046   Code   RO         2298    CL$$btod_d2e_denorm_low  c_w.l(btod.o)
    0x08000c80   0x08000c80   0x00000060   Code   RO         2297    CL$$btod_d2e_norm_op1  c_w.l(btod.o)
    0x08000ce0   0x08000ce0   0x00000338   Code   RO         2306    CL$$btod_div_common  c_w.l(btod.o)
    0x08001018   0x08001018   0x000000dc   Code   RO         2303    CL$$btod_e2e        c_w.l(btod.o)
    0x080010f4   0x080010f4   0x0000002a   Code   RO         2300    CL$$btod_ediv       c_w.l(btod.o)
    0x0800111e   0x0800111e   0x0000002a   Code   RO         2299    CL$$btod_emul       c_w.l(btod.o)
    0x08001148   0x08001148   0x00000244   Code   RO         2305    CL$$btod_mult_common  c_w.l(btod.o)
    0x0800138c   0x0800138c   0x00000116   Code   RO         1326    i.GPIO_Init         stm32f10x_gpio.o
    0x080014a2   0x080014a2   0x00000004   Code   RO         1334    i.GPIO_SetBits      stm32f10x_gpio.o
    0x080014a6   0x080014a6   0x00000002   PAD
    0x080014a8   0x080014a8   0x0000002c   Code   RO          108    i.JTAG_Set          sys.o
    0x080014d4   0x080014d4   0x000003bc   Code   RO          147    i.MahonyAHRSupdateIMU  ahrs.o
    0x08001890   0x08001890   0x00000070   Code   RO         1272    i.NVIC_Init         misc.o
    0x08001900   0x08001900   0x00000014   Code   RO         1273    i.NVIC_PriorityGroupConfig  misc.o
    0x08001914   0x08001914   0x00000014   Code   RO         1274    i.NVIC_SetVectorTable  misc.o
    0x08001928   0x08001928   0x000001c8   Code   RO          148    i.Quat2Angle        ahrs.o
    0x08001af0   0x08001af0   0x00000020   Code   RO         1448    i.RCC_APB1PeriphClockCmd  stm32f10x_rcc.o
    0x08001b10   0x08001b10   0x00000020   Code   RO         1450    i.RCC_APB2PeriphClockCmd  stm32f10x_rcc.o
    0x08001b30   0x08001b30   0x000000d4   Code   RO         1458    i.RCC_GetClocksFreq  stm32f10x_rcc.o
    0x08001c04   0x08001c04   0x00000018   Code   RO         1663    i.SPI_Cmd           stm32f10x_spi.o
    0x08001c1c   0x08001c1c   0x0000003c   Code   RO         1676    i.SPI_Init          stm32f10x_spi.o
    0x08001c58   0x08001c58   0x00000008   Code   RO         2013    i.SetSysClock       system_stm32f10x.o
    0x08001c60   0x08001c60   0x000000e0   Code   RO         2014    i.SetSysClockTo72   system_stm32f10x.o
    0x08001d40   0x08001d40   0x00000028   Code   RO         1276    i.SysTick_CLKSourceConfig  misc.o
    0x08001d68   0x08001d68   0x00000060   Code   RO         2016    i.SystemInit        system_stm32f10x.o
    0x08001dc8   0x08001dc8   0x00000024   Code   RO         1186    i.TIM2_IRQHandler   time.o
    0x08001dec   0x08001dec   0x00000006   Code   RO          377    i.TIM_ClearFlag     stm32f10x_tim.o
    0x08001df2   0x08001df2   0x00000018   Code   RO          383    i.TIM_Cmd           stm32f10x_tim.o
    0x08001e0a   0x08001e0a   0x00000012   Code   RO          403    i.TIM_GetFlagStatus  stm32f10x_tim.o
    0x08001e1c   0x08001e1c   0x00000012   Code   RO          408    i.TIM_ITConfig      stm32f10x_tim.o
    0x08001e2e   0x08001e2e   0x00000002   PAD
    0x08001e30   0x08001e30   0x000000a4   Code   RO          454    i.TIM_TimeBaseInit  stm32f10x_tim.o
    0x08001ed4   0x08001ed4   0x0000001c   Code   RO         1008    i.USART1_IRQHandler  usart.o
    0x08001ef0   0x08001ef0   0x00000018   Code   RO         1818    i.USART_Cmd         stm32f10x_usart.o
    0x08001f08   0x08001f08   0x0000001a   Code   RO         1821    i.USART_GetFlagStatus  stm32f10x_usart.o
    0x08001f22   0x08001f22   0x00000054   Code   RO         1822    i.USART_GetITStatus  stm32f10x_usart.o
    0x08001f76   0x08001f76   0x0000004a   Code   RO         1824    i.USART_ITConfig    stm32f10x_usart.o
    0x08001fc0   0x08001fc0   0x000000d8   Code   RO         1825    i.USART_Init        stm32f10x_usart.o
    0x08002098   0x08002098   0x0000000a   Code   RO         1832    i.USART_ReceiveData  stm32f10x_usart.o
    0x080020a2   0x080020a2   0x00000008   Code   RO         1835    i.USART_SendData    stm32f10x_usart.o
    0x080020aa   0x080020aa   0x00000028   Code   RO         2257    i.__ARM_fpclassify  m_ws.l(fpclassify.o)
    0x080020d2   0x080020d2   0x000000aa   Code   RO         2259    i.__kernel_poly     m_ws.l(poly.o)
    0x0800217c   0x0800217c   0x00000006   Code   RO         2244    i.__mathlib_dbl_infnan  m_ws.l(dunder.o)
    0x08002182   0x08002182   0x00000004   Code   RO         2245    i.__mathlib_dbl_infnan2  m_ws.l(dunder.o)
    0x08002186   0x08002186   0x0000000c   Code   RO         2246    i.__mathlib_dbl_invalid  m_ws.l(dunder.o)
    0x08002192   0x08002192   0x00000002   PAD
    0x08002194   0x08002194   0x00000010   Code   RO         2249    i.__mathlib_dbl_underflow  m_ws.l(dunder.o)
    0x080021a4   0x080021a4   0x0000000e   Code   RO         2101    i._is_digit         c_w.l(__printf_wp.o)
    0x080021b2   0x080021b2   0x00000006   Code   RO         1098    i._sys_exit         retarget.o
    0x080021b8   0x080021b8   0x00000270   Code   RO         2163    i.asin              m_ws.l(asin.o)
    0x08002428   0x08002428   0x00000220   Code   RO         2234    i.atan              m_ws.l(atan.o)
    0x08002648   0x08002648   0x00000180   Code   RO         2173    i.atan2             m_ws.l(atan2.o)
    0x080027c8   0x080027c8   0x00000044   Code   RO         1231    i.delay_init        delay.o
    0x0800280c   0x0800280c   0x0000004c   Code   RO         1232    i.delay_ms          delay.o
    0x08002858   0x08002858   0x00000010   Code   RO         1099    i.fputc             retarget.o
    0x08002868   0x08002868   0x00000020   Code   RO         1062    i.gpio_mode_af      gpio.o
    0x08002888   0x08002888   0x00000020   Code   RO         1063    i.gpio_mode_in      gpio.o
    0x080028a8   0x080028a8   0x00000020   Code   RO         1064    i.gpio_mode_out     gpio.o
    0x080028c8   0x080028c8   0x00000288   Code   RO          194    i.icm20602_calibrate  icm20602.o
    0x08002b50   0x08002b50   0x0000008c   Code   RO          195    i.icm20602_get_accel  icm20602.o
    0x08002bdc   0x08002bdc   0x00000048   Code   RO          196    i.icm20602_get_accel_adc  icm20602.o
    0x08002c24   0x08002c24   0x0000008c   Code   RO          197    i.icm20602_get_gyro  icm20602.o
    0x08002cb0   0x08002cb0   0x00000048   Code   RO          198    i.icm20602_get_gyro_adc  icm20602.o
    0x08002cf8   0x08002cf8   0x00000154   Code   RO          200    i.icm20602_init     icm20602.o
    0x08002e4c   0x08002e4c   0x0000002c   Code   RO          201    i.icm20602_read_buffer  icm20602.o
    0x08002e78   0x08002e78   0x00000028   Code   RO          202    i.icm20602_read_reg  icm20602.o
    0x08002ea0   0x08002ea0   0x0000006c   Code   RO          203    i.icm20602_set_accel_fullscale  icm20602.o
    0x08002f0c   0x08002f0c   0x00000074   Code   RO          204    i.icm20602_set_gyro_fullscale  icm20602.o
    0x08002f80   0x08002f80   0x00000028   Code   RO          205    i.icm20602_write_reg  icm20602.o
    0x08002fa8   0x08002fa8   0x00000398   Code   RO            4    i.main              main.o
    0x08003340   0x08003340   0x0000000c   Code   RO         1187    i.millis            time.o
    0x0800334c   0x0800334c   0x00000020   Code   RO         1010    i.myputc            usart.o
    0x0800336c   0x0800336c   0x00000040   Code   RO          930    i.oled_clear        oled.o
    0x080033ac   0x080033ac   0x00000150   Code   RO          933    i.oled_init         oled.o
    0x080034fc   0x080034fc   0x0000002e   Code   RO          935    i.oled_set_pos      oled.o
    0x0800352a   0x0800352a   0x00000002   PAD
    0x0800352c   0x0800352c   0x0000009c   Code   RO          936    i.oled_show_char    oled.o
    0x080035c8   0x080035c8   0x0000001e   Code   RO          937    i.oled_show_string  oled.o
    0x080035e6   0x080035e6   0x00000002   PAD
    0x080035e8   0x080035e8   0x0000006c   Code   RO          938    i.oled_write_byte   oled.o
    0x08003654   0x08003654   0x000000c8   Code   RO         1135    i.spi2_init         spi.o
    0x0800371c   0x0800371c   0x00000014   Code   RO         1136    i.spi2_read_reg     spi.o
    0x08003730   0x08003730   0x0000002a   Code   RO         1137    i.spi2_read_reg_buffer  spi.o
    0x0800375a   0x0800375a   0x00000002   PAD
    0x0800375c   0x0800375c   0x00000034   Code   RO         1138    i.spi2_read_write_byte  spi.o
    0x08003790   0x08003790   0x00000018   Code   RO         1139    i.spi2_write_reg    spi.o
    0x080037a8   0x080037a8   0x0000004c   Code   RO         2185    i.sqrt              m_ws.l(sqrt.o)
    0x080037f4   0x080037f4   0x00000066   Code   RO         1188    i.time_init         time.o
    0x0800385a   0x0800385a   0x00000002   PAD
    0x0800385c   0x0800385c   0x0000008c   Code   RO         1012    i.usart1_init       usart.o
    0x080038e8   0x080038e8   0x0000002c   Code   RO         2323    locale$$code        c_w.l(lc_numeric_c.o)
    0x08003914   0x08003914   0x00000062   Code   RO         2120    x$fpl$d2f           fz_ws.l(d2f.o)
    0x08003976   0x08003976   0x00000002   PAD
    0x08003978   0x08003978   0x00000150   Code   RO         2208    x$fpl$dadd          fz_ws.l(daddsub_clz.o)
    0x08003ac8   0x08003ac8   0x00000010   Code   RO         2325    x$fpl$dcheck1       fz_ws.l(dcheck1.o)
    0x08003ad8   0x08003ad8   0x00000018   Code   RO         2327    x$fpl$dcmpinf       fz_ws.l(dcmpi.o)
    0x08003af0   0x08003af0   0x000002b0   Code   RO         2123    x$fpl$ddiv          fz_ws.l(ddiv.o)
    0x08003da0   0x08003da0   0x0000002e   Code   RO         2127    x$fpl$dflt          fz_ws.l(dflt_clz.o)
    0x08003dce   0x08003dce   0x00000002   PAD
    0x08003dd0   0x08003dd0   0x00000078   Code   RO         2214    x$fpl$dleqf         fz_ws.l(dleqf.o)
    0x08003e48   0x08003e48   0x00000154   Code   RO         2216    x$fpl$dmul          fz_ws.l(dmul.o)
    0x08003f9c   0x08003f9c   0x0000009c   Code   RO         2218    x$fpl$dnaninf       fz_ws.l(dnaninf.o)
    0x08004038   0x08004038   0x0000000c   Code   RO         2220    x$fpl$dretinf       fz_ws.l(dretinf.o)
    0x08004044   0x08004044   0x0000006c   Code   RO         2132    x$fpl$drleqf        fz_ws.l(drleqf.o)
    0x080040b0   0x080040b0   0x00000016   Code   RO         2209    x$fpl$drsb          fz_ws.l(daddsub_clz.o)
    0x080040c6   0x080040c6   0x00000002   PAD
    0x080040c8   0x080040c8   0x000001cc   Code   RO         2222    x$fpl$dsqrt         fz_ws.l(dsqrt_noumaal.o)
    0x08004294   0x08004294   0x000001d4   Code   RO         2210    x$fpl$dsub          fz_ws.l(daddsub_clz.o)
    0x08004468   0x08004468   0x00000056   Code   RO         2134    x$fpl$f2d           fz_ws.l(f2d.o)
    0x080044be   0x080044be   0x00000002   PAD
    0x080044c0   0x080044c0   0x000000c4   Code   RO         2136    x$fpl$fadd          fz_ws.l(faddsub_clz.o)
    0x08004584   0x08004584   0x00000018   Code   RO         2224    x$fpl$fcmpinf       fz_ws.l(fcmpi.o)
    0x0800459c   0x0800459c   0x00000068   Code   RO         2146    x$fpl$feqf          fz_ws.l(feqf.o)
    0x08004604   0x08004604   0x00000030   Code   RO         2149    x$fpl$fflt          fz_ws.l(fflt_clz.o)
    0x08004634   0x08004634   0x00000026   Code   RO         2148    x$fpl$ffltu         fz_ws.l(fflt_clz.o)
    0x0800465a   0x0800465a   0x00000002   PAD
    0x0800465c   0x0800465c   0x00000102   Code   RO         2156    x$fpl$fmul          fz_ws.l(fmul.o)
    0x0800475e   0x0800475e   0x0000008c   Code   RO         2226    x$fpl$fnaninf       fz_ws.l(fnaninf.o)
    0x080047ea   0x080047ea   0x0000000a   Code   RO         2228    x$fpl$fretinf       fz_ws.l(fretinf.o)
    0x080047f4   0x080047f4   0x000000ea   Code   RO         2138    x$fpl$fsub          fz_ws.l(faddsub_clz.o)
    0x080048de   0x080048de   0x00000004   Code   RO         2160    x$fpl$printf1       fz_ws.l(printf1.o)
    0x080048e2   0x080048e2   0x00000064   Code   RO         2391    x$fpl$retnan        fz_ws.l(retnan.o)
    0x08004946   0x08004946   0x0000005c   Code   RO         2230    x$fpl$scalbn        fz_ws.l(scalbn.o)
    0x080049a2   0x080049a2   0x00000030   Code   RO         2399    x$fpl$trapveneer    fz_ws.l(trapv.o)
    0x080049d2   0x080049d2   0x00000000   Code   RO         2232    x$fpl$usenofp       fz_ws.l(usenofp.o)
    0x080049d2   0x080049d2   0x00000818   Data   RO          939    .constdata          oled.o
    0x080051ea   0x080051ea   0x00000028   Data   RO         2074    .constdata          c_w.l(_printf_hex_int.o)
    0x08005212   0x08005212   0x00000006   PAD
    0x08005218   0x08005218   0x00000050   Data   RO         2164    .constdata          m_ws.l(asin.o)
    0x08005268   0x08005268   0x00000098   Data   RO         2235    .constdata          m_ws.l(atan.o)
    0x08005300   0x08005300   0x00000008   Data   RO         2261    .constdata          m_ws.l(qnan.o)
    0x08005308   0x08005308   0x00000094   Data   RO         2294    .constdata          c_w.l(bigflt0.o)
    0x0800539c   0x0800539c   0x00000042   Data   RO          206    .conststring        icm20602.o
    0x080053de   0x080053de   0x00000002   PAD
    0x080053e0   0x080053e0   0x00000020   Data   RO         2470    Region$$Table       anon$$obj.o
    0x08005400   0x08005400   0x0000001c   Data   RO         2322    locale$$data        c_w.l(lc_numeric_c.o)


    Execution Region RW_IRAM1 (Exec base: 0x20000000, Load base: 0x0800541c, Size: 0x000006e0, Max: 0x00005000, ABSOLUTE)

    Exec Addr    Load Addr    Size         Type   Attr      Idx    E Section Name        Object

    0x20000000   0x0800541c   0x00000028   Data   RW          150    .data               ahrs.o
    0x20000028   0x08005444   0x00000020   Data   RW          207    .data               icm20602.o
    0x20000048   0x08005464   0x00000004   Data   RW         1100    .data               retarget.o
    0x2000004c   0x08005468   0x00000004   Data   RW         1189    .data               time.o
    0x20000050   0x0800546c   0x00000004   Data   RW         1234    .data               delay.o
    0x20000054   0x08005470   0x00000014   Data   RW         1478    .data               stm32f10x_rcc.o
    0x20000068   0x08005484   0x00000014   Data   RW         2017    .data               system_stm32f10x.o
    0x2000007c        -       0x00000060   Zero   RW         2332    .bss                c_w.l(libspace.o)
    0x200000dc   0x08005498   0x00000004   PAD
    0x200000e0        -       0x00000200   Zero   RW         2004    HEAP                startup_stm32f10x_md.o
    0x200002e0        -       0x00000400   Zero   RW         2003    STACK               startup_stm32f10x_md.o


==============================================================================

Image component sizes


      Code (inc. data)   RO Data    RW Data    ZI Data      Debug   Object Name

      1412         68          0         40          0       2458   ahrs.o
       144         22          0          4          0       1284   delay.o
        96          0          0          0          0       2166   gpio.o
      1760        316         66         32          0      10513   icm20602.o
       920        172          0          0          0     240135   main.o
       192         30          0          0          0       2903   misc.o
       740         30       2072          0          0       5119   oled.o
        22          0          0          4          0       2986   retarget.o
       338         32          0          0          0       3443   spi.o
        64         26        236          0       1536        892   startup_stm32f10x_md.o
       282          0          0          0          0       2703   stm32f10x_gpio.o
       276         32          0         20          0       4686   stm32f10x_rcc.o
        84          0          0          0          0       2341   stm32f10x_spi.o
       230         42          0          0          0      24132   stm32f10x_tim.o
       442          6          0          0          0       6625   stm32f10x_usart.o
        44          6          0          0          0        551   sys.o
       328         28          0         20          0       2653   system_stm32f10x.o
       150         10          0          4          0      22607   time.o
       200         20          0          0          0       1715   usart.o

    ----------------------------------------------------------------------
      7736        840       2408        124       1536     339912   Object Totals
         0          0         32          0          0          0   (incl. Generated)
        12          0          2          0          0          0   (incl. Padding)

    ----------------------------------------------------------------------

      Code (inc. data)   RO Data    RW Data    ZI Data      Debug   Library Member Name

         8          0          0          0          0         68   __main.o
       284          0          0          0          0        156   __printf_wp.o
         0          0          0          0          0          0   __rtentry.o
        12          0          0          0          0          0   __rtentry2.o
         6          0          0          0          0          0   __rtentry4.o
        52          8          0          0          0          0   __scatter.o
        26          0          0          0          0          0   __scatter_copy.o
        28          0          0          0          0          0   __scatter_zi.o
        48          6          0          0          0         96   _printf_char_common.o
        36          4          0          0          0         80   _printf_char_file.o
         6          0          0          0          0          0   _printf_f.o
      1054          0          0          0          0        216   _printf_fp_dec.o
       128         16          0          0          0         84   _printf_fp_infnan.o
        88          4         40          0          0         88   _printf_hex_int.o
       178          0          0          0          0         88   _printf_intcommon.o
         0          0          0          0          0          0   _printf_percent.o
         4          0          0          0          0          0   _printf_percent_end.o
         6          0          0          0          0          0   _printf_x.o
        22          0          0          0          0        100   _rserrno.o
        10          0          0          0          0         68   _sputc.o
       228          4        148          0          0         96   bigflt0.o
      1936        128          0          0          0        672   btod.o
        18          0          0          0          0         80   exit.o
         8          0          0          0          0         68   ferror.o
         6          0          0          0          0        152   heapauxi.o
        44         10         28          0          0         76   lc_numeric_c.o
         2          0          0          0          0          0   libinit.o
        18          0          0          0          0          0   libinit2.o
         2          0          0          0          0          0   libshutdown.o
         2          0          0          0          0          0   libshutdown2.o
         8          4          0          0         96         68   libspace.o
       138          0          0          0          0         80   lludiv10.o
        24          4          0          0          0         84   noretval__2printf.o
        40          6          0          0          0         84   noretval__2sprintf.o
        44          4          0          0          0         84   puts.o
         8          4          0          0          0         68   rt_errno_addr_intlibspace.o
         8          4          0          0          0         68   rt_locale_intlibspace.o
         2          0          0          0          0          0   rtexit.o
        10          0          0          0          0          0   rtexit2.o
       128          0          0          0          0         68   strcmpv7m.o
        74          0          0          0          0         80   sys_stackheap_outer.o
         2          0          0          0          0         68   use_no_semi.o
         2          0          0          0          0         68   use_no_semi_2.o
        98          4          0          0          0         92   d2f.o
       826         16          0          0          0        348   daddsub_clz.o
        16          4          0          0          0         68   dcheck1.o
        24          0          0          0          0         68   dcmpi.o
       688        140          0          0          0        208   ddiv.o
        46          0          0          0          0         68   dflt_clz.o
       120          4          0          0          0         92   dleqf.o
       340         12          0          0          0        104   dmul.o
       156          4          0          0          0         92   dnaninf.o
        12          0          0          0          0         68   dretinf.o
       108          0          0          0          0         80   drleqf.o
       460         56          0          0          0        120   dsqrt_noumaal.o
        86          4          0          0          0         84   f2d.o
       430          8          0          0          0        168   faddsub_clz.o
        24          0          0          0          0         68   fcmpi.o
       104          4          0          0          0         84   feqf.o
        86          0          0          0          0        136   fflt_clz.o
       258          4          0          0          0         84   fmul.o
       140          4          0          0          0         84   fnaninf.o
        10          0          0          0          0         68   fretinf.o
         4          0          0          0          0         68   printf1.o
       100          0          0          0          0         68   retnan.o
        92          0          0          0          0         68   scalbn.o
        48          0          0          0          0         68   trapv.o
         0          0          0          0          0          0   usenofp.o
       624         52         80          0          0        168   asin.o
       544         70        152          0          0        124   atan.o
       384         38          0          0          0        144   atan2.o
        38          6          0          0          0        272   dunder.o
        40          0          0          0          0         68   fpclassify.o
       170          0          0          0          0         96   poly.o
         0          0          8          0          0          0   qnan.o
        76          0          0          0          0         84   sqrt.o

    ----------------------------------------------------------------------
     10926        636        462          0        100       6420   Library Totals
        26          0          6          0          4          0   (incl. Padding)

    ----------------------------------------------------------------------

      Code (inc. data)   RO Data    RW Data    ZI Data      Debug   Library Name

      4748        206        216          0         96       3008   c_w.l
      4276        264          0          0          0       2456   fz_ws.l
      1876        166        240          0          0        956   m_ws.l

    ----------------------------------------------------------------------
     10926        636        462          0        100       6420   Library Totals

    ----------------------------------------------------------------------

==============================================================================


      Code (inc. data)   RO Data    RW Data    ZI Data      Debug   

     18662       1476       2870        124       1636     339464   Grand Totals
     18662       1476       2870        124       1636     339464   ELF Image Totals
     18662       1476       2870        124          0          0   ROM Totals

==============================================================================

    Total RO  Size (Code + RO Data)                21532 (  21.03kB)
    Total RW  Size (RW Data + ZI Data)              1760 (   1.72kB)
    Total ROM Size (Code + RO Data + RW Data)      21656 (  21.15kB)

==============================================================================

