Component: ARM Compiler 5.06 update 5 (build 528) Tool: armlink [4d35e2]

==============================================================================

Section Cross References

    main.o(i.main) refers to _printf_percent.o(.ARM.Collect$$_printf_percent$$00000000) for _printf_percent
    main.o(i.main) refers to _printf_f.o(.ARM.Collect$$_printf_percent$$00000003) for _printf_f
    main.o(i.main) refers to printf1.o(x$fpl$printf1) for _printf_fp_dec
    main.o(i.main) refers to misc.o(i.NVIC_PriorityGroupConfig) for NVIC_PriorityGroupConfig
    main.o(i.main) refers to misc.o(i.NVIC_SetVectorTable) for NVIC_SetVectorTable
    main.o(i.main) refers to sys.o(i.JTAG_Set) for JTAG_Set
    main.o(i.main) refers to delay.o(i.delay_init) for delay_init
    main.o(i.main) refers to usart.o(i.usart1_init) for usart1_init
    main.o(i.main) refers to spi.o(i.spi2_init) for spi2_init
    main.o(i.main) refers to ak8975.o(i.ak8975_init) for ak8975_init
    main.o(i.main) refers to icm20602.o(i.icm20602_init) for icm20602_init
    main.o(i.main) refers to spl06.o(i.spl06_init) for spl06_init
    main.o(i.main) refers to icm20602.o(i.icm20602_get_accel) for icm20602_get_accel
    main.o(i.main) refers to icm20602.o(i.icm20602_get_gyro) for icm20602_get_gyro
    main.o(i.main) refers to ak8975.o(i.ak8975_get_mag) for ak8975_get_mag
    main.o(i.main) refers to f2d.o(x$fpl$f2d) for __aeabi_f2d
    main.o(i.main) refers to noretval__2printf.o(.text) for __2printf
    main.o(i.main) refers to ak8975.o(i.ak8975_start) for ak8975_start
    main.o(i.main) refers to delay.o(i.delay_ms) for delay_ms
    sys.o(i.JTAG_Set) refers to stm32f10x_rcc.o(i.RCC_APB2PeriphClockCmd) for RCC_APB2PeriphClockCmd
    icm20602.o(i.icm20602_get_accel) refers to icm20602.o(i.icm20602_get_accel_adc) for icm20602_get_accel_adc
    icm20602.o(i.icm20602_get_accel) refers to fflt_clz.o(x$fpl$fflt) for __aeabi_i2f
    icm20602.o(i.icm20602_get_accel) refers to fmul.o(x$fpl$fmul) for __aeabi_fmul
    icm20602.o(i.icm20602_get_accel) refers to icm20602.o(.data) for _accel_scale
    icm20602.o(i.icm20602_get_accel_adc) refers to icm20602.o(i.icm20602_read_buffer) for icm20602_read_buffer
    icm20602.o(i.icm20602_get_gyro) refers to icm20602.o(i.icm20602_get_gyro_adc) for icm20602_get_gyro_adc
    icm20602.o(i.icm20602_get_gyro) refers to fflt_clz.o(x$fpl$fflt) for __aeabi_i2f
    icm20602.o(i.icm20602_get_gyro) refers to fmul.o(x$fpl$fmul) for __aeabi_fmul
    icm20602.o(i.icm20602_get_gyro) refers to icm20602.o(.data) for _gyro_scale
    icm20602.o(i.icm20602_get_gyro_adc) refers to icm20602.o(i.icm20602_read_buffer) for icm20602_read_buffer
    icm20602.o(i.icm20602_get_temp) refers to icm20602.o(i.icm20602_read_buffer) for icm20602_read_buffer
    icm20602.o(i.icm20602_get_temp) refers to fflt_clz.o(x$fpl$fflt) for __aeabi_i2f
    icm20602.o(i.icm20602_get_temp) refers to fdiv.o(x$fpl$fdiv) for __aeabi_fdiv
    icm20602.o(i.icm20602_get_temp) refers to faddsub_clz.o(x$fpl$fadd) for __aeabi_fadd
    icm20602.o(i.icm20602_init) refers to _printf_percent.o(.ARM.Collect$$_printf_percent$$00000000) for _printf_percent
    icm20602.o(i.icm20602_init) refers to _printf_x.o(.ARM.Collect$$_printf_percent$$0000000C) for _printf_x
    icm20602.o(i.icm20602_init) refers to _printf_hex_int.o(.text) for _printf_longlong_hex
    icm20602.o(i.icm20602_init) refers to icm20602.o(i.icm20602_write_reg) for icm20602_write_reg
    icm20602.o(i.icm20602_init) refers to puts.o(.text) for puts
    icm20602.o(i.icm20602_init) refers to delay.o(i.delay_ms) for delay_ms
    icm20602.o(i.icm20602_init) refers to icm20602.o(i.icm20602_read_reg) for icm20602_read_reg
    icm20602.o(i.icm20602_init) refers to noretval__2printf.o(.text) for __2printf
    icm20602.o(i.icm20602_init) refers to icm20602.o(i.icm20602_set_accel_fullscale) for icm20602_set_accel_fullscale
    icm20602.o(i.icm20602_init) refers to icm20602.o(i.icm20602_set_gyro_fullscale) for icm20602_set_gyro_fullscale
    icm20602.o(i.icm20602_read_buffer) refers to spi.o(i.spi2_read_reg_buffer) for spi2_read_reg_buffer
    icm20602.o(i.icm20602_read_reg) refers to spi.o(i.spi2_read_reg) for spi2_read_reg
    icm20602.o(i.icm20602_set_accel_fullscale) refers to fmul.o(x$fpl$fmul) for __aeabi_fmul
    icm20602.o(i.icm20602_set_accel_fullscale) refers to icm20602.o(i.icm20602_write_reg) for icm20602_write_reg
    icm20602.o(i.icm20602_set_accel_fullscale) refers to icm20602.o(.data) for _accel_scale
    icm20602.o(i.icm20602_set_gyro_fullscale) refers to fmul.o(x$fpl$fmul) for __aeabi_fmul
    icm20602.o(i.icm20602_set_gyro_fullscale) refers to icm20602.o(i.icm20602_write_reg) for icm20602_write_reg
    icm20602.o(i.icm20602_set_gyro_fullscale) refers to icm20602.o(.data) for _gyro_scale
    icm20602.o(i.icm20602_write_reg) refers to spi.o(i.spi2_write_reg) for spi2_write_reg
    ak8975.o(i.ak8975_get_mag) refers to ak8975.o(i.ak8975_get_mag_adc) for ak8975_get_mag_adc
[...]
    Removing stm32f10x_rcc.o(i.RCC_HSICmd), (12 bytes).
    Removing stm32f10x_rcc.o(i.RCC_ITConfig), (32 bytes).
    Removing stm32f10x_rcc.o(i.RCC_LSEConfig), (52 bytes).
    Removing stm32f10x_rcc.o(i.RCC_LSICmd), (12 bytes).
    Removing stm32f10x_rcc.o(i.RCC_MCOConfig), (12 bytes).
    Removing stm32f10x_rcc.o(i.RCC_PCLK1Config), (24 bytes).
    Removing stm32f10x_rcc.o(i.RCC_PCLK2Config), (24 bytes).
    Removing stm32f10x_rcc.o(i.RCC_PLLCmd), (12 bytes).
    Removing stm32f10x_rcc.o(i.RCC_PLLConfig), (28 bytes).
    Removing stm32f10x_rcc.o(i.RCC_RTCCLKCmd), (12 bytes).
    Removing stm32f10x_rcc.o(i.RCC_RTCCLKConfig), (16 bytes).
    Removing stm32f10x_rcc.o(i.RCC_SYSCLKConfig), (24 bytes).
    Removing stm32f10x_rcc.o(i.RCC_USBCLKConfig), (12 bytes).
    Removing stm32f10x_rcc.o(i.RCC_WaitForHSEStartUp), (56 bytes).
    Removing stm32f10x_spi.o(.rev16_text), (4 bytes).
    Removing stm32f10x_spi.o(.revsh_text), (4 bytes).
    Removing stm32f10x_spi.o(.rrx_text), (6 bytes).
    Removing stm32f10x_spi.o(i.I2S_Cmd), (24 bytes).
    Removing stm32f10x_spi.o(i.I2S_Init), (232 bytes).
    Removing stm32f10x_spi.o(i.I2S_StructInit), (20 bytes).
    Removing stm32f10x_spi.o(i.SPI_BiDirectionalLineConfig), (28 bytes).
    Removing stm32f10x_spi.o(i.SPI_CalculateCRC), (24 bytes).
    Removing stm32f10x_spi.o(i.SPI_DataSizeConfig), (18 bytes).
    Removing stm32f10x_spi.o(i.SPI_GetCRC), (16 bytes).
    Removing stm32f10x_spi.o(i.SPI_GetCRCPolynomial), (6 bytes).
    Removing stm32f10x_spi.o(i.SPI_I2S_ClearFlag), (6 bytes).
    Removing stm32f10x_spi.o(i.SPI_I2S_ClearITPendingBit), (20 bytes).
    Removing stm32f10x_spi.o(i.SPI_I2S_DMACmd), (18 bytes).
    Removing stm32f10x_spi.o(i.SPI_I2S_DeInit), (88 bytes).
    Removing stm32f10x_spi.o(i.SPI_I2S_GetFlagStatus), (18 bytes).
    Removing stm32f10x_spi.o(i.SPI_I2S_GetITStatus), (52 bytes).
    Removing stm32f10x_spi.o(i.SPI_I2S_ITConfig), (32 bytes).
    Removing stm32f10x_spi.o(i.SPI_I2S_ReceiveData), (6 bytes).
    Removing stm32f10x_spi.o(i.SPI_I2S_SendData), (4 bytes).
    Removing stm32f10x_spi.o(i.SPI_NSSInternalSoftwareConfig), (30 bytes).
    Removing stm32f10x_spi.o(i.SPI_SSOutputCmd), (24 bytes).
    Removing stm32f10x_spi.o(i.SPI_StructInit), (24 bytes).
    Removing stm32f10x_spi.o(i.SPI_TransmitCRC), (10 bytes).
    Removing stm32f10x_usart.o(.rev16_text), (4 bytes).
    Removing stm32f10x_usart.o(.revsh_text), (4 bytes).
    Removing stm32f10x_usart.o(.rrx_text), (6 bytes).
    Removing stm32f10x_usart.o(i.USART_ClearFlag), (18 bytes).
    Removing stm32f10x_usart.o(i.USART_ClearITPendingBit), (30 bytes).
    Removing stm32f10x_usart.o(i.USART_ClockInit), (34 bytes).
    Removing stm32f10x_usart.o(i.USART_ClockStructInit), (12 bytes).
    Removing stm32f10x_usart.o(i.USART_DMACmd), (18 bytes).
    Removing stm32f10x_usart.o(i.USART_DeInit), (156 bytes).
    Removing stm32f10x_usart.o(i.USART_HalfDuplexCmd), (24 bytes).
    Removing stm32f10x_usart.o(i.USART_IrDACmd), (24 bytes).
    Removing stm32f10x_usart.o(i.USART_IrDAConfig), (18 bytes).
    Removing stm32f10x_usart.o(i.USART_LINBreakDetectLengthConfig), (18 bytes).
    Removing stm32f10x_usart.o(i.USART_LINCmd), (24 bytes).
    Removing stm32f10x_usart.o(i.USART_OneBitMethodCmd), (24 bytes).
    Removing stm32f10x_usart.o(i.USART_OverSampling8Cmd), (22 bytes).
    Removing stm32f10x_usart.o(i.USART_ReceiverWakeUpCmd), (24 bytes).
    Removing stm32f10x_usart.o(i.USART_SendBreak), (10 bytes).
    Removing stm32f10x_usart.o(i.USART_SetAddress), (18 bytes).
    Removing stm32f10x_usart.o(i.USART_SetGuardTime), (16 bytes).
    Removing stm32f10x_usart.o(i.USART_SetPrescaler), (16 bytes).
    Removing stm32f10x_usart.o(i.USART_SmartCardCmd), (24 bytes).
    Removing stm32f10x_usart.o(i.USART_SmartCardNACKCmd), (24 bytes).
    Removing stm32f10x_usart.o(i.USART_StructInit), (24 bytes).
    Removing stm32f10x_usart.o(i.USART_WakeUpConfig), (18 bytes).
    Removing system_stm32f10x.o(.rev16_text), (4 bytes).
    Removing system_stm32f10x.o(.revsh_text), (4 bytes).
    Removing system_stm32f10x.o(.rrx_text), (6 bytes).
    Removing system_stm32f10x.o(i.SystemCoreClockUpdate), (164 bytes).

163 unused section(s) (total 4822 bytes) removed from the image.

==============================================================================

Image Symbol Table

    Local Symbols

    Symbol Name                              Value     Ov Type        Size  Object(Section)

    ../clib/angel/boardlib.s                 0x00000000   Number         0  boardshut.o ABSOLUTE
    ../clib/angel/boardlib.s                 0x00000000   Number         0  boardinit1.o ABSOLUTE
    ../clib/angel/boardlib.s                 0x00000000   Number         0  boardinit3.o ABSOLUTE
    ../clib/angel/boardlib.s                 0x00000000   Number         0  boardinit2.o ABSOLUTE
    ../clib/angel/handlers.s                 0x00000000   Number         0  __scatter_zi.o ABSOLUTE
    ../clib/angel/handlers.s                 0x00000000   Number         0  __scatter_copy.o ABSOLUTE
    ../clib/angel/kernel.s                   0x00000000   Number         0  __rtentry2.o ABSOLUTE
    ../clib/angel/kernel.s                   0x00000000   Number         0  __rtentry4.o ABSOLUTE
    ../clib/angel/kernel.s                   0x00000000   Number         0  rtexit.o ABSOLUTE
    ../clib/angel/kernel.s                   0x00000000   Number         0  __rtentry.o ABSOLUTE
    ../clib/angel/kernel.s                   0x00000000   Number         0  rtexit2.o ABSOLUTE
    ../clib/angel/rt.s                       0x00000000   Number         0  rt_locale_intlibspace.o ABSOLUTE
    ../clib/angel/rt.s                       0x00000000   Number         0  rt_locale.o ABSOLUTE
    ../clib/angel/rt.s                       0x00000000   Number         0  rt_raise.o ABSOLUTE
    ../clib/angel/scatter.s                  0x00000000   Number         0  __scatter.o ABSOLUTE
    ../clib/angel/startup.s                  0x00000000   Number         0  __main.o ABSOLUTE
    ../clib/angel/sys.s                      0x00000000   Number         0  use_no_semi.o ABSOLUTE
    ../clib/angel/sys.s                      0x00000000   Number         0  libspace.o ABSOLUTE
    ../clib/angel/sys.s                      0x00000000   Number         0  sys_stackheap_outer.o ABSOLUTE
    ../clib/angel/sys.s                      0x00000000   Number         0  indicate_semi.o ABSOLUTE
    ../clib/angel/sys.s                      0x00000000   Number         0  use_no_semi_2.o ABSOLUTE
    ../clib/angel/sysapp.c                   0x00000000   Number         0  sys_wrch.o ABSOLUTE
    ../clib/angel/sysapp.c                   0x00000000   Number         0  sys_command.o ABSOLUTE
    ../clib/armsys.c                         0x00000000   Number         0  no_argv.o ABSOLUTE
    ../clib/armsys.c                         0x00000000   Number         0  _get_argv_nomalloc.o ABSOLUTE
    ../clib/armsys.c                         0x00000000   Number         0  argv_veneer.o ABSOLUTE
    ../clib/armsys.c                         0x00000000   Number         0  argv_veneer.o ABSOLUTE
    ../clib/bigflt.c                         0x00000000   Number         0  bigflt0.o ABSOLUTE
    ../clib/btod.s                           0x00000000   Number         0  btod.o ABSOLUTE
    ../clib/heapalloc.c                      0x00000000   Number         0  hrguard.o ABSOLUTE
    ../clib/heapaux.c                        0x00000000   Number         0  heapauxi.o ABSOLUTE
    ../clib/libinit.s                        0x00000000   Number         0  libshutdown2.o ABSOLUTE
    ../clib/libinit.s                        0x00000000   Number         0  libinit.o ABSOLUTE
    ../clib/libinit.s                        0x00000000   Number         0  libinit2.o ABSOLUTE
    ../clib/libinit.s                        0x00000000   Number         0  libshutdown.o ABSOLUTE
    ../clib/locale.s                         0x00000000   Number         0  lc_numeric_c.o ABSOLUTE
    ../clib/longlong.s                       0x00000000   Number         0  lludiv10.o ABSOLUTE
    ../clib/memcpset.s                       0x00000000   Number         0  strcmpv7m.o ABSOLUTE
    ../clib/printf.c                         0x00000000   Number         0  _printf_hex_int_ptr.o ABSOLUTE
    ../clib/printf.c                         0x00000000   Number         0  _printf_hex_int_ll_ptr.o ABSOLUTE
    ../clib/printf.c                         0x00000000   Number         0  __printf_flags.o ABSOLUTE
    ../clib/printf.c                         0x00000000   Number         0  __printf_ss.o ABSOLUTE
    ../clib/printf.c                         0x00000000   Number         0  __printf_wp.o ABSOLUTE
    ../clib/printf.c                         0x00000000   Number         0  __printf_flags_wp.o ABSOLUTE
    ../clib/printf.c                         0x00000000   Number         0  __printf_ss_wp.o ABSOLUTE
    ../clib/printf.c                         0x00000000   Number         0  __printf_flags_ss_wp.o ABSOLUTE
    ../clib/printf.c                         0x00000000   Number         0  _printf_char_file.o ABSOLUTE
    ../clib/printf.c                         0x00000000   Number         0  _printf_fp_dec.o ABSOLUTE
    ../clib/printf.c                         0x00000000   Number         0  _printf_intcommon.o ABSOLUTE
    ../clib/printf.c                         0x00000000   Number         0  noretval__2printf.o ABSOLUTE
    ../clib/printf.c                         0x00000000   Number         0  _printf_hex_ll_ptr.o ABSOLUTE
    ../clib/printf.c                         0x00000000   Number         0  __printf_nopercent.o ABSOLUTE
    ../clib/printf.c                         0x00000000   Number         0  _printf_fp_infnan.o ABSOLUTE
    ../clib/printf.c                         0x00000000   Number         0  _printf_char_common.o ABSOLUTE
    ../clib/printf.c                         0x00000000   Number         0  __printf_flags_ss.o ABSOLUTE
    ../clib/printf.c                         0x00000000   Number         0  _printf_hex_ll.o ABSOLUTE
    ../clib/printf.c                         0x00000000   Number         0  __2printf.o ABSOLUTE
    ../clib/printf.c                         0x00000000   Number         0  _printf_hex_int.o ABSOLUTE
    ../clib/printf.c                         0x00000000   Number         0  _printf_hex_int_ll.o ABSOLUTE
    ../clib/printf.c                         0x00000000   Number         0  __printf.o ABSOLUTE
    ../clib/printf.c                         0x00000000   Number         0  _printf_hex_ptr.o ABSOLUTE
    ../clib/printf.c                         0x00000000   Number         0  _printf_dec.o ABSOLUTE
    ../clib/printf_percent.s                 0x00000000   Number         0  _printf_percent.o ABSOLUTE
    ../clib/printf_percent.s                 0x00000000   Number         0  _printf_f.o ABSOLUTE
    ../clib/printf_percent.s                 0x00000000   Number         0  _printf_d.o ABSOLUTE
    ../clib/printf_percent.s                 0x00000000   Number         0  _printf_x.o ABSOLUTE
    ../clib/printf_percent.s                 0x00000000   Number         0  _printf_percent_end.o ABSOLUTE
    ../clib/signal.c                         0x00000000   Number         0  defsig_general.o ABSOLUTE
    ../clib/signal.c                         0x00000000   Number         0  __raise.o ABSOLUTE
    ../clib/signal.c                         0x00000000   Number         0  defsig_other.o ABSOLUTE
    ../clib/signal.c                         0x00000000   Number         0  defsig_rtmem_formal.o ABSOLUTE
    ../clib/signal.c                         0x00000000   Number         0  defsig_rtmem_outer.o ABSOLUTE
    ../clib/signal.c                         0x00000000   Number         0  defsig_segv_inner.o ABSOLUTE
    ../clib/signal.c                         0x00000000   Number         0  defsig_cppl_inner.o ABSOLUTE
    ../clib/signal.c                         0x00000000   Number         0  defsig_exit.o ABSOLUTE
    ../clib/signal.c                         0x00000000   Number         0  defsig_rtmem_inner.o ABSOLUTE
    ../clib/signal.c                         0x00000000   Number         0  defsig_pvfn_inner.o ABSOLUTE
    ../clib/signal.c                         0x00000000   Number         0  defsig_stak_inner.o ABSOLUTE
    ../clib/signal.c                         0x00000000   Number         0  defsig_rtred_inner.o ABSOLUTE
    ../clib/signal.c                         0x00000000   Number         0  defsig_fpe_inner.o ABSOLUTE
    ../clib/signal.c                         0x00000000   Number         0  defsig_abrt_inner.o ABSOLUTE
    ../clib/signal.s                         0x00000000   Number         0  defsig.o ABSOLUTE
    ../clib/stdio.c                          0x00000000   Number         0  ferror.o ABSOLUTE
    ../clib/stdio.c                          0x00000000   Number         0  puts.o ABSOLUTE
    ../clib/stdio.c                          0x00000000   Number         0  ferror_locked.o ABSOLUTE
    ../clib/stdlib.c                         0x00000000   Number         0  exit.o ABSOLUTE
    ../fplib/dretinf.s                       0x00000000   Number         0  dretinf.o ABSOLUTE
    ../fplib/f2d.s                           0x00000000   Number         0  f2d.o ABSOLUTE
    ../fplib/faddsub.s                       0x00000000   Number         0  faddsub_clz.o ABSOLUTE
    ../fplib/fdiv.s                          0x00000000   Number         0  fdiv.o ABSOLUTE
    ../fplib/fflt.s                          0x00000000   Number         0  fflt_clz.o ABSOLUTE
    ../fplib/fmul.s                          0x00000000   Number         0  fmul.o ABSOLUTE
    ../fplib/fnaninf.s                       0x00000000   Number         0  fnaninf.o ABSOLUTE
    ../fplib/fpinit.s                        0x00000000   Number         0  fpinit.o ABSOLUTE
    ../fplib/fretinf.s                       0x00000000   Number         0  fretinf.o ABSOLUTE
    ../fplib/istatus.s                       0x00000000   Number         0  istatus.o ABSOLUTE
    ../fplib/printf1.s                       0x00000000   Number         0  printf1.o ABSOLUTE
    ../fplib/usenofp.s                       0x00000000   Number         0  usenofp.o ABSOLUTE
    ../mathlib/fpclassify.c                  0x00000000   Number         0  fpclassify.o ABSOLUTE
    C:\Keil_v5\ARM\PACK\Keil\STM32F1xx_DFP\2.2.0\Device\StdPeriph_Driver\src\misc.c 0x00000000   Number         0  misc.o ABSOLUTE
    C:\Keil_v5\ARM\PACK\Keil\STM32F1xx_DFP\2.2.0\Device\StdPeriph_Driver\src\stm32f10x_gpio.c 0x00000000   Number         0  stm32f10x_gpio.o ABSOLUTE
    C:\Keil_v5\ARM\PACK\Keil\STM32F1xx_DFP\2.2.0\Device\StdPeriph_Driver\src\stm32f10x_rcc.c 0x00000000   Number         0  stm32f10x_rcc.o ABSOLUTE
    C:\Keil_v5\ARM\PACK\Keil\STM32F1xx_DFP\2.2.0\Device\StdPeriph_Driver\src\stm32f10x_spi.c 0x00000000   Number         0  stm32f10x_spi.o ABSOLUTE
    C:\Keil_v5\ARM\PACK\Keil\STM32F1xx_DFP\2.2.0\Device\StdPeriph_Driver\src\stm32f10x_usart.c 0x00000000   Number         0  stm32f10x_usart.o ABSOLUTE
    C:\\Keil_v5\\ARM\\PACK\\Keil\\STM32F1xx_DFP\\2.2.0\\Device\\StdPeriph_Driver\\src\\misc.c 0x00000000   Number         0  misc.o ABSOLUTE
    C:\\Keil_v5\\ARM\\PACK\\Keil\\STM32F1xx_DFP\\2.2.0\\Device\\StdPeriph_Driver\\src\\stm32f10x_gpio.c 0x00000000   Number         0  stm32f10x_gpio.o ABSOLUTE
    C:\\Keil_v5\\ARM\\PACK\\Keil\\STM32F1xx_DFP\\2.2.0\\Device\\StdPeriph_Driver\\src\\stm32f10x_rcc.c 0x00000000   Number         0  stm32f10x_rcc.o ABSOLUTE
    C:\\Keil_v5\\ARM\\PACK\\Keil\\STM32F1xx_DFP\\2.2.0\\Device\\StdPeriph_Driver\\src\\stm32f10x_spi.c 0x00000000   Number         0  stm32f10x_spi.o ABSOLUTE
    C:\\Keil_v5\\ARM\\PACK\\Keil\\STM32F1xx_DFP\\2.2.0\\Device\\StdPeriph_Driver\\src\\stm32f10x_usart.c 0x00000000   Number         0  stm32f10x_usart.o ABSOLUTE
    RTE\Device\STM32F103C8\startup_stm32f10x_md.s 0x00000000   Number         0  startup_stm32f10x_md.o ABSOLUTE
    RTE\Device\STM32F103C8\system_stm32f10x.c 0x00000000   Number         0  system_stm32f10x.o ABSOLUTE
    RTE\\Device\\STM32F103C8\\system_stm32f10x.c 0x00000000   Number         0  system_stm32f10x.o ABSOLUTE
    dc.s                                     0x00000000   Number         0  dc.o ABSOLUTE
    driver\\ak8975.c                         0x00000000   Number         0  ak8975.o ABSOLUTE
    driver\\icm20602.c                       0x00000000   Number         0  icm20602.o ABSOLUTE
    driver\\spl06.c                          0x00000000   Number         0  spl06.o ABSOLUTE
    driver\ak8975.c                          0x00000000   Number         0  ak8975.o ABSOLUTE
    driver\icm20602.c                        0x00000000   Number         0  icm20602.o ABSOLUTE
    driver\spl06.c                           0x00000000   Number         0  spl06.o ABSOLUTE
    lib\\delay.c                             0x00000000   Number         0  delay.o ABSOLUTE
    lib\\gpio.c                              0x00000000   Number         0  gpio.o ABSOLUTE
    lib\\retarget.c                          0x00000000   Number         0  retarget.o ABSOLUTE
    lib\\spi.c                               0x00000000   Number         0  spi.o ABSOLUTE
    lib\\usart.c                             0x00000000   Number         0  usart.o ABSOLUTE
    lib\delay.c                              0x00000000   Number         0  delay.o ABSOLUTE
    lib\gpio.c                               0x00000000   Number         0  gpio.o ABSOLUTE
    lib\retarget.c                           0x00000000   Number         0  retarget.o ABSOLUTE
    lib\spi.c                                0x00000000   Number         0  spi.o ABSOLUTE
    lib\usart.c                              0x00000000   Number         0  usart.o ABSOLUTE
    software\\ano.c                          0x00000000   Number         0  ano.o ABSOLUTE
    software\ano.c                           0x00000000   Number         0  ano.o ABSOLUTE
    user\\main.c                             0x00000000   Number         0  main.o ABSOLUTE
    user\\sys.c                              0x00000000   Number         0  sys.o ABSOLUTE
    user\main.c                              0x00000000   Number         0  main.o ABSOLUTE
    user\sys.c                               0x00000000   Number         0  sys.o ABSOLUTE
    RESET                                    0x08000000   Section      236  startup_stm32f10x_md.o(RESET)
    !!!main                                  0x080000ec   Section        8  __main.o(!!!main)
    !!!scatter                               0x080000f4   Section       52  __scatter.o(!!!scatter)
    !!handler_copy                           0x08000128   Section       26  __scatter_copy.o(!!handler_copy)
    !!handler_zi                             0x08000144   Section       28  __scatter_zi.o(!!handler_zi)
    .ARM.Collect$$_printf_percent$$00000000  0x08000160   Section        0  _printf_percent.o(.ARM.Collect$$_printf_percent$$00000000)
    .ARM.Collect$$_printf_percent$$00000003  0x08000160   Section        6  _printf_f.o(.ARM.Collect$$_printf_percent$$00000003)
    .ARM.Collect$$_printf_percent$$00000009  0x08000166   Section        6  _printf_d.o(.ARM.Collect$$_printf_percent$$00000009)
    .ARM.Collect$$_printf_percent$$0000000C  0x0800016c   Section        6  _printf_x.o(.ARM.Collect$$_printf_percent$$0000000C)
    .ARM.Collect$$_printf_percent$$00000017  0x08000172   Section        4  _printf_percent_end.o(.ARM.Collect$$_printf_percent$$00000017)
    .ARM.Collect$$libinit$$00000000          0x08000176   Section        2  libinit.o(.ARM.Collect$$libinit$$00000000)
    .ARM.Collect$$libinit$$00000002          0x08000178   Section        0  libinit2.o(.ARM.Collect$$libinit$$00000002)
    .ARM.Collect$$libinit$$00000004          0x08000178   Section        0  libinit2.o(.ARM.Collect$$libinit$$00000004)
    .ARM.Collect$$libinit$$0000000A          0x08000178   Section        0  libinit2.o(.ARM.Collect$$libinit$$0000000A)
    .ARM.Collect$$libinit$$0000000C          0x08000178   Section        0  libinit2.o(.ARM.Collect$$libinit$$0000000C)
    .ARM.Collect$$libinit$$0000000E          0x08000178   Section        0  libinit2.o(.ARM.Collect$$libinit$$0000000E)
    .ARM.Collect$$libinit$$0000000F          0x08000178   Section        6  libinit2.o(.ARM.Collect$$libinit$$0000000F)
    .ARM.Collect$$libinit$$00000011          0x0800017e   Section        0  libinit2.o(.ARM.Collect$$libinit$$00000011)
    .ARM.Collect$$libinit$$00000013          0x0800017e   Section        0  libinit2.o(.ARM.Collect$$libinit$$00000013)
    .ARM.Collect$$libinit$$00000015          0x0800017e   Section        0  libinit2.o(.ARM.Collect$$libinit$$00000015)
    .ARM.Collect$$libinit$$00000016          0x0800017e   Section       10  libinit2.o(.ARM.Collect$$libinit$$00000016)
    .ARM.Collect$$libinit$$00000017          0x08000188   Section        0  libinit2.o(.ARM.Collect$$libinit$$00000017)
    .ARM.Collect$$libinit$$00000019          0x08000188   Section        0  libinit2.o(.ARM.Collect$$libinit$$00000019)
    .ARM.Collect$$libinit$$0000001B          0x08000188   Section        0  libinit2.o(.ARM.Collect$$libinit$$0000001B)
    .ARM.Collect$$libinit$$0000001D          0x08000188   Section        0  libinit2.o(.ARM.Collect$$libinit$$0000001D)
    .ARM.Collect$$libinit$$0000001F          0x08000188   Section        0  libinit2.o(.ARM.Collect$$libinit$$0000001F)
    .ARM.Collect$$libinit$$00000021          0x08000188   Section        0  libinit2.o(.ARM.Collect$$libinit$$00000021)
    .ARM.Collect$$libinit$$00000023          0x08000188   Section        0  libinit2.o(.ARM.Collect$$libinit$$00000023)
    .ARM.Collect$$libinit$$00000025          0x08000188   Section        0  libinit2.o(.ARM.Collect$$libinit$$00000025)
    .ARM.Collect$$libinit$$0000002C          0x08000188   Section        0  libinit2.o(.ARM.Collect$$libinit$$0000002C)
    .ARM.Collect$$libinit$$0000002E          0x08000188   Section        0  libinit2.o(.ARM.Collect$$libinit$$0000002E)
    .ARM.Collect$$libinit$$00000030          0x08000188   Section        0  libinit2.o(.ARM.Collect$$libinit$$00000030)
    .ARM.Collect$$libinit$$00000032          0x08000188   Section        0  libinit2.o(.ARM.Collect$$libinit$$00000032)
    .ARM.Collect$$libinit$$00000033          0x08000188   Section        2  libinit2.o(.ARM.Collect$$libinit$$00000033)
    .ARM.Collect$$libshutdown$$00000000      0x0800018a   Section        2  libshutdown.o(.ARM.Collect$$libshutdown$$00000000)
    .ARM.Collect$$libshutdown$$00000002      0x0800018c   Section        0  libshutdown2.o(.ARM.Collect$$libshutdown$$00000002)
    .ARM.Collect$$libshutdown$$00000004      0x0800018c   Section        0  libshutdown2.o(.ARM.Collect$$libshutdown$$00000004)
    .ARM.Collect$$libshutdown$$00000007      0x0800018c   Section        0  libshutdown2.o(.ARM.Collect$$libshutdown$$00000007)
    .ARM.Collect$$libshutdown$$0000000A      0x0800018c   Section        0  libshutdown2.o(.ARM.Collect$$libshutdown$$0000000A)
    .ARM.Collect$$libshutdown$$0000000C      0x0800018c   Section        0  libshutdown2.o(.ARM.Collect$$libshutdown$$0000000C)
    .ARM.Collect$$libshutdown$$0000000F      0x0800018c   Section        0  libshutdown2.o(.ARM.Collect$$libshutdown$$0000000F)
    .ARM.Collect$$libshutdown$$00000010      0x0800018c   Section        2  libshutdown2.o(.ARM.Collect$$libshutdown$$00000010)
    .ARM.Collect$$rtentry$$00000000          0x0800018e   Section        0  __rtentry.o(.ARM.Collect$$rtentry$$00000000)
    .ARM.Collect$$rtentry$$00000002          0x0800018e   Section        0  __rtentry2.o(.ARM.Collect$$rtentry$$00000002)
    .ARM.Collect$$rtentry$$00000004          0x0800018e   Section        6  __rtentry4.o(.ARM.Collect$$rtentry$$00000004)
    .ARM.Collect$$rtentry$$00000009          0x08000194   Section        0  __rtentry2.o(.ARM.Collect$$rtentry$$00000009)
    .ARM.Collect$$rtentry$$0000000A          0x08000194   Section        4  __rtentry2.o(.ARM.Collect$$rtentry$$0000000A)
    .ARM.Collect$$rtentry$$0000000C          0x08000198   Section        0  __rtentry2.o(.ARM.Collect$$rtentry$$0000000C)
    .ARM.Collect$$rtentry$$0000000D          0x08000198   Section        8  __rtentry2.o(.ARM.Collect$$rtentry$$0000000D)
    .ARM.Collect$$rtexit$$00000000           0x080001a0   Section        2  rtexit.o(.ARM.Collect$$rtexit$$00000000)
    .ARM.Collect$$rtexit$$00000002           0x080001a2   Section        0  rtexit2.o(.ARM.Collect$$rtexit$$00000002)
    .ARM.Collect$$rtexit$$00000003           0x080001a2   Section        4  rtexit2.o(.ARM.Collect$$rtexit$$00000003)
    .ARM.Collect$$rtexit$$00000004           0x080001a6   Section        6  rtexit2.o(.ARM.Collect$$rtexit$$00000004)
    .text                                    0x080001ac   Section       64  startup_stm32f10x_md.o(.text)
    .text                                    0x080001ec   Section        2  use_no_semi_2.o(.text)
    .text                                    0x080001f0   Section        0  noretval__2printf.o(.text)
    .text                                    0x08000208   Section        0  __printf.o(.text)
    .text                                    0x08000270   Section        0  _printf_dec.o(.text)
    .text                                    0x080002e8   Section        0  _printf_hex_int.o(.text)
    .text                                    0x08000340   Section        0  puts.o(.text)
    .text                                    0x0800036c   Section        0  heapauxi.o(.text)
    .text                                    0x08000372   Section        2  use_no_semi.o(.text)
    .text                                    0x08000374   Section        0  _printf_intcommon.o(.text)
    .text                                    0x08000426   Section        0  _printf_fp_dec.o(.text)
    _fp_digits                               0x08000429   Thumb Code   432  _printf_fp_dec.o(.text)
    .text                                    0x08000844   Section        0  _printf_char_file.o(.text)
    .text                                    0x08000868   Section        8  rt_locale_intlibspace.o(.text)
    .text                                    0x08000870   Section      138  lludiv10.o(.text)
    .text                                    0x080008fc   Section        0  _printf_char_common.o(.text)
    _printf_input_char                       0x080008fd   Thumb Code    10  _printf_char_common.o(.text)
    .text                                    0x0800092c   Section        0  _printf_fp_infnan.o(.text)
    .text                                    0x080009ac   Section        0  bigflt0.o(.text)
    .text                                    0x08000a90   Section        0  ferror.o(.text)
    .text                                    0x08000a98   Section        8  libspace.o(.text)
    .text                                    0x08000aa0   Section       74  sys_stackheap_outer.o(.text)
    .text                                    0x08000aea   Section        0  exit.o(.text)
    .text                                    0x08000afc   Section      128  strcmpv7m.o(.text)
    CL$$btod_d2e                             0x08000b7c   Section       62  btod.o(CL$$btod_d2e)
    CL$$btod_d2e_denorm_low                  0x08000bba   Section       70  btod.o(CL$$btod_d2e_denorm_low)
    CL$$btod_d2e_norm_op1                    0x08000c00   Section       96  btod.o(CL$$btod_d2e_norm_op1)
    CL$$btod_div_common                      0x08000c60   Section      824  btod.o(CL$$btod_div_common)
    CL$$btod_e2e                             0x08000f98   Section      220  btod.o(CL$$btod_e2e)
    CL$$btod_ediv                            0x08001074   Section       42  btod.o(CL$$btod_ediv)
    CL$$btod_emul                            0x0800109e   Section       42  btod.o(CL$$btod_emul)
    CL$$btod_mult_common                     0x080010c8   Section      580  btod.o(CL$$btod_mult_common)
    i.GPIO_Init                              0x0800130c   Section        0  stm32f10x_gpio.o(i.GPIO_Init)
    i.JTAG_Set                               0x08001424   Section        0  sys.o(i.JTAG_Set)
    i.NVIC_Init                              0x08001450   Section        0  misc.o(i.NVIC_Init)
    i.NVIC_PriorityGroupConfig               0x080014c0   Section        0  misc.o(i.NVIC_PriorityGroupConfig)
    i.NVIC_SetVectorTable                    0x080014d4   Section        0  misc.o(i.NVIC_SetVectorTable)
    i.RCC_APB1PeriphClockCmd                 0x080014e8   Section        0  stm32f10x_rcc.o(i.RCC_APB1PeriphClockCmd)
    i.RCC_APB2PeriphClockCmd                 0x08001508   Section        0  stm32f10x_rcc.o(i.RCC_APB2PeriphClockCmd)
    i.RCC_GetClocksFreq                      0x08001528   Section        0  stm32f10x_rcc.o(i.RCC_GetClocksFreq)
    i.SPI_Cmd                                0x080015fc   Section        0  stm32f10x_spi.o(i.SPI_Cmd)
    i.SPI_Init                               0x08001614   Section        0  stm32f10x_spi.o(i.SPI_Init)
    i.SetSysClock                            0x08001650   Section        0  system_stm32f10x.o(i.SetSysClock)
    SetSysClock                              0x08001651   Thumb Code     8  system_stm32f10x.o(i.SetSysClock)
    i.SetSysClockTo72                        0x08001658   Section        0  system_stm32f10x.o(i.SetSysClockTo72)
    SetSysClockTo72                          0x08001659   Thumb Code   214  system_stm32f10x.o(i.SetSysClockTo72)
    i.SysTick_Handler                        0x08001738   Section        0  delay.o(i.SysTick_Handler)
    i.SystemInit                             0x08001748   Section        0  system_stm32f10x.o(i.SystemInit)
    i.USART1_IRQHandler                      0x080017a8   Section        0  usart.o(i.USART1_IRQHandler)
    i.USART_Cmd                              0x080017c4   Section        0  stm32f10x_usart.o(i.USART_Cmd)
    i.USART_GetFlagStatus                    0x080017dc   Section        0  stm32f10x_usart.o(i.USART_GetFlagStatus)
    i.USART_GetITStatus                      0x080017f6   Section        0  stm32f10x_usart.o(i.USART_GetITStatus)
    i.USART_ITConfig                         0x0800184a   Section        0  stm32f10x_usart.o(i.USART_ITConfig)
    i.USART_Init                             0x08001894   Section        0  stm32f10x_usart.o(i.USART_Init)
    i.USART_ReceiveData                      0x0800196c   Section        0  stm32f10x_usart.o(i.USART_ReceiveData)
    i.USART_SendData                         0x08001976   Section        0  stm32f10x_usart.o(i.USART_SendData)
    i.__ARM_fpclassify                       0x0800197e   Section        0  fpclassify.o(i.__ARM_fpclassify)
    i._sys_exit                              0x080019a6   Section        0  retarget.o(i._sys_exit)
    i.ak8975_get_mag                         0x080019ac   Section        0  ak8975.o(i.ak8975_get_mag)
    i.ak8975_get_mag_adc                     0x08001a08   Section        0  ak8975.o(i.ak8975_get_mag_adc)
    i.ak8975_init                            0x08001a50   Section        0  ak8975.o(i.ak8975_init)
    i.ak8975_read_buffer                     0x08001ad0   Section        0  ak8975.o(i.ak8975_read_buffer)
    i.ak8975_read_reg                        0x08001afc   Section        0  ak8975.o(i.ak8975_read_reg)
    i.ak8975_start                           0x08001b24   Section        0  ak8975.o(i.ak8975_start)
    i.ak8975_write_reg                       0x08001b30   Section        0  ak8975.o(i.ak8975_write_reg)
    i.delay_init                             0x08001b58   Section        0  delay.o(i.delay_init)
    i.delay_ms                               0x08001bcc   Section        0  delay.o(i.delay_ms)
    i.fputc                                  0x08001bee   Section        0  retarget.o(i.fputc)
    i.gpio_mode_af                           0x08001bfe   Section        0  gpio.o(i.gpio_mode_af)
    i.gpio_mode_in                           0x08001c1e   Section        0  gpio.o(i.gpio_mode_in)
    i.gpio_mode_out                          0x08001c3e   Section        0  gpio.o(i.gpio_mode_out)
    i.icm20602_get_accel                     0x08001c60   Section        0  icm20602.o(i.icm20602_get_accel)
    i.icm20602_get_accel_adc                 0x08001cbc   Section        0  icm20602.o(i.icm20602_get_accel_adc)
    i.icm20602_get_gyro                      0x08001d04   Section        0  icm20602.o(i.icm20602_get_gyro)
    i.icm20602_get_gyro_adc                  0x08001d60   Section        0  icm20602.o(i.icm20602_get_gyro_adc)
    i.icm20602_init                          0x08001da8   Section        0  icm20602.o(i.icm20602_init)
    i.icm20602_read_buffer                   0x08001e5c   Section        0  icm20602.o(i.icm20602_read_buffer)
    i.icm20602_read_reg                      0x08001e88   Section        0  icm20602.o(i.icm20602_read_reg)
    i.icm20602_set_accel_fullscale           0x08001eb0   Section        0  icm20602.o(i.icm20602_set_accel_fullscale)
    i.icm20602_set_gyro_fullscale            0x08001f1c   Section        0  icm20602.o(i.icm20602_set_gyro_fullscale)
    i.icm20602_write_reg                     0x08001f90   Section        0  icm20602.o(i.icm20602_write_reg)
    i.main                                   0x08001fb8   Section        0  main.o(i.main)
    i.micros                                 0x080020f0   Section        0  delay.o(i.micros)
    i.myputc                                 0x08002134   Section        0  usart.o(i.myputc)
    i.spi2_init                              0x08002154   Section        0  spi.o(i.spi2_init)
    i.spi2_read_reg                          0x0800221c   Section        0  spi.o(i.spi2_read_reg)
    i.spi2_read_reg_buffer                   0x08002230   Section        0  spi.o(i.spi2_read_reg_buffer)
    i.spi2_read_write_byte                   0x0800225c   Section        0  spi.o(i.spi2_read_write_byte)
    i.spi2_write_reg                         0x08002290   Section        0  spi.o(i.spi2_write_reg)
    i.spl06_config_pressure                  0x080022a8   Section        0  spl06.o(i.spl06_config_pressure)
    i.spl06_config_temperature               0x08002358   Section        0  spl06.o(i.spl06_config_temperature)
    i.spl06_init                             0x0800240c   Section        0  spl06.o(i.spl06_init)
    i.spl06_read_buffer                      0x08002750   Section        0  spl06.o(i.spl06_read_buffer)
    i.spl06_read_reg                         0x0800277c   Section        0  spl06.o(i.spl06_read_reg)
    i.spl06_start_T                          0x080027a4   Section        0  spl06.o(i.spl06_start_T)
    i.spl06_write_reg                        0x080027b0   Section        0  spl06.o(i.spl06_write_reg)
    i.usart1_init                            0x080027d8   Section        0  usart.o(i.usart1_init)
    locale$$code                             0x08002864   Section       44  lc_numeric_c.o(locale$$code)
    x$fpl$dretinf                            0x08002890   Section       12  dretinf.o(x$fpl$dretinf)
    x$fpl$f2d                                0x0800289c   Section       86  f2d.o(x$fpl$f2d)
    x$fpl$fdiv                               0x080028f4   Section      388  fdiv.o(x$fpl$fdiv)
    _fdiv1                                   0x080028f5   Thumb Code     0  fdiv.o(x$fpl$fdiv)
    x$fpl$fflt                               0x08002a78   Section       48  fflt_clz.o(x$fpl$fflt)
    x$fpl$fmul                               0x08002aa8   Section      258  fmul.o(x$fpl$fmul)
    x$fpl$fnaninf                            0x08002baa   Section      140  fnaninf.o(x$fpl$fnaninf)
    x$fpl$fretinf                            0x08002c36   Section       10  fretinf.o(x$fpl$fretinf)
    x$fpl$printf1                            0x08002c40   Section        4  printf1.o(x$fpl$printf1)
    .constdata                               0x08002c44   Section       40  _printf_hex_int.o(.constdata)
    x$fpl$usenofp                            0x08002c44   Section        0  usenofp.o(x$fpl$usenofp)
    uc_hextab                                0x08002c44   Data          20  _printf_hex_int.o(.constdata)
    lc_hextab                                0x08002c58   Data          20  _printf_hex_int.o(.constdata)
    .constdata                               0x08002c6c   Section      148  bigflt0.o(.constdata)
    tenpwrs_x                                0x08002c6c   Data          60  bigflt0.o(.constdata)
    tenpwrs_i                                0x08002ca8   Data          64  bigflt0.o(.constdata)
    locale$$data                             0x08002d20   Section       28  lc_numeric_c.o(locale$$data)
    __lcnum_c_name                           0x08002d24   Data           2  lc_numeric_c.o(locale$$data)
    __lcnum_c_start                          0x08002d2c   Data           0  lc_numeric_c.o(locale$$data)
    __lcnum_c_point                          0x08002d38   Data           0  lc_numeric_c.o(locale$$data)
    __lcnum_c_thousands                      0x08002d3a   Data           0  lc_numeric_c.o(locale$$data)
    __lcnum_c_grouping                       0x08002d3b   Data           0  lc_numeric_c.o(locale$$data)
    __lcnum_c_end                            0x08002d3c   Data           0  lc_numeric_c.o(locale$$data)
    .data                                    0x20000000   Section        8  icm20602.o(.data)
    _accel_scale                             0x20000000   Data           4  icm20602.o(.data)
    _gyro_scale                              0x20000004   Data           4  icm20602.o(.data)
    .data                                    0x20000008   Section        4  ak8975.o(.data)
    .data                                    0x2000000c   Section       36  spl06.o(.data)
    .data                                    0x20000030   Section        8  delay.o(.data)
    usTicks                                  0x20000030   Data           4  delay.o(.data)
    sysTickUptime                            0x20000034   Data           4  delay.o(.data)
    .data                                    0x20000038   Section        4  retarget.o(.data)
    .data                                    0x2000003c   Section       20  stm32f10x_rcc.o(.data)
    APBAHBPrescTable                         0x2000003c   Data          16  stm32f10x_rcc.o(.data)
    ADCPrescTable                            0x2000004c   Data           4  stm32f10x_rcc.o(.data)
    .data                                    0x20000050   Section       20  system_stm32f10x.o(.data)
    .bss                                     0x20000064   Section       96  libspace.o(.bss)
    HEAP                                     0x200000c8   Section      512  startup_stm32f10x_md.o(HEAP)
    Heap_Mem                                 0x200000c8   Data         512  startup_stm32f10x_md.o(HEAP)
    STACK                                    0x200002c8   Section     1024  startup_stm32f10x_md.o(STACK)
    Stack_Mem                                0x200002c8   Data        1024  startup_stm32f10x_md.o(STACK)
    __initial_sp                             0x200006c8   Data           0  startup_stm32f10x_md.o(STACK)

    Global Symbols

    Symbol Name                              Value     Ov Type        Size  Object(Section)

    BuildAttributes$$THM_ISAv4$P$D$K$B$S$PE$A:L22UL41UL21$X:L11$S22US41US21$IEEE1$IW$USESV6$~STKCKD$USESV7$~SHL$OTIME$ROPI$IEEEJ$EBA8$UX$STANDARDLIB$REQ8$PRES8$EABIv2 0x00000000   Number         0  anon$$obj.o ABSOLUTE
    __ARM_use_no_argv                        0x00000000   Number         0  main.o ABSOLUTE
    __ARM_exceptions_init                     - Undefined Weak Reference
    __alloca_initialize                       - Undefined Weak Reference
    __arm_preinit_                            - Undefined Weak Reference
    __cpp_initialize__aeabi_                  - Undefined Weak Reference
    __cxa_finalize                            - Undefined Weak Reference
    __sigvec_lookup                           - Undefined Weak Reference
    _atexit_init                              - Undefined Weak Reference
    _call_atexit_fns                          - Undefined Weak Reference
    _clock_init                               - Undefined Weak Reference
    _fp_trap_init                             - Undefined Weak Reference
    _fp_trap_shutdown                         - Undefined Weak Reference
    _get_lc_collate                           - Undefined Weak Reference
    _get_lc_ctype                             - Undefined Weak Reference
    _get_lc_monetary                          - Undefined Weak Reference
    _get_lc_time                              - Undefined Weak Reference
    _getenv_init                              - Undefined Weak Reference
    _handle_redirection                       - Undefined Weak Reference
    _init_alloc                               - Undefined Weak Reference
    _init_user_alloc                          - Undefined Weak Reference
    _initio                                   - Undefined Weak Reference
    _mutex_acquire                            - Undefined Weak Reference
    _mutex_release                            - Undefined Weak Reference
    _printf_post_padding                      - Undefined Weak Reference
    _printf_pre_padding                       - Undefined Weak Reference
    _printf_truncate_signed                   - Undefined Weak Reference
    _printf_truncate_unsigned                 - Undefined Weak Reference
    _rand_init                                - Undefined Weak Reference
    _signal_finish                            - Undefined Weak Reference
    _signal_init                              - Undefined Weak Reference
    _terminate_alloc                          - Undefined Weak Reference
    _terminate_user_alloc                     - Undefined Weak Reference
    _terminateio                              - Undefined Weak Reference
    __Vectors_Size                           0x000000ec   Number         0  startup_stm32f10x_md.o ABSOLUTE
    __Vectors                                0x08000000   Data           4  startup_stm32f10x_md.o(RESET)
    __Vectors_End                            0x080000ec   Data           0  startup_stm32f10x_md.o(RESET)
    __main                                   0x080000ed   Thumb Code     8  __main.o(!!!main)
    __scatterload                            0x080000f5   Thumb Code     0  __scatter.o(!!!scatter)
    __scatterload_rt2                        0x080000f5   Thumb Code    44  __scatter.o(!!!scatter)
    __scatterload_rt2_thumb_only             0x080000f5   Thumb Code     0  __scatter.o(!!!scatter)
    __scatterload_null                       0x08000103   Thumb Code     0  __scatter.o(!!!scatter)
    __scatterload_copy                       0x08000129   Thumb Code    26  __scatter_copy.o(!!handler_copy)
    __scatterload_zeroinit                   0x08000145   Thumb Code    28  __scatter_zi.o(!!handler_zi)
    _printf_f                                0x08000161   Thumb Code     0  _printf_f.o(.ARM.Collect$$_printf_percent$$00000003)
    _printf_percent                          0x08000161   Thumb Code     0  _printf_percent.o(.ARM.Collect$$_printf_percent$$00000000)
    _printf_d                                0x08000167   Thumb Code     0  _printf_d.o(.ARM.Collect$$_printf_percent$$00000009)
    _printf_x                                0x0800016d   Thumb Code     0  _printf_x.o(.ARM.Collect$$_printf_percent$$0000000C)
    _printf_percent_end                      0x08000173   Thumb Code     0  _printf_percent_end.o(.ARM.Collect$$_printf_percent$$00000017)
    __rt_lib_init                            0x08000177   Thumb Code     0  libinit.o(.ARM.Collect$$libinit$$00000000)
    __rt_lib_init_fp_1                       0x08000179   Thumb Code     0  libinit2.o(.ARM.Collect$$libinit$$00000002)
    __rt_lib_init_heap_1                     0x08000179   Thumb Code     0  libinit2.o(.ARM.Collect$$libinit$$0000000A)
    __rt_lib_init_lc_common                  0x08000179   Thumb Code     0  libinit2.o(.ARM.Collect$$libinit$$0000000F)
    __rt_lib_init_preinit_1                  0x08000179   Thumb Code     0  libinit2.o(.ARM.Collect$$libinit$$00000004)
    __rt_lib_init_rand_1                     0x08000179   Thumb Code     0  libinit2.o(.ARM.Collect$$libinit$$0000000E)
    __rt_lib_init_user_alloc_1               0x08000179   Thumb Code     0  libinit2.o(.ARM.Collect$$libinit$$0000000C)
    __rt_lib_init_lc_collate_1               0x0800017f   Thumb Code     0  libinit2.o(.ARM.Collect$$libinit$$00000011)
    __rt_lib_init_lc_ctype_1                 0x0800017f   Thumb Code     0  libinit2.o(.ARM.Collect$$libinit$$00000013)
    __rt_lib_init_lc_monetary_1              0x0800017f   Thumb Code     0  libinit2.o(.ARM.Collect$$libinit$$00000015)
    __rt_lib_init_lc_numeric_2               0x0800017f   Thumb Code     0  libinit2.o(.ARM.Collect$$libinit$$00000016)
    __rt_lib_init_alloca_1                   0x08000189   Thumb Code     0  libinit2.o(.ARM.Collect$$libinit$$0000002E)
    __rt_lib_init_argv_1                     0x08000189   Thumb Code     0  libinit2.o(.ARM.Collect$$libinit$$0000002C)
    __rt_lib_init_atexit_1                   0x08000189   Thumb Code     0  libinit2.o(.ARM.Collect$$libinit$$0000001B)
    __rt_lib_init_clock_1                    0x08000189   Thumb Code     0  libinit2.o(.ARM.Collect$$libinit$$00000021)
    __rt_lib_init_cpp_1                      0x08000189   Thumb Code     0  libinit2.o(.ARM.Collect$$libinit$$00000032)
    __rt_lib_init_exceptions_1               0x08000189   Thumb Code     0  libinit2.o(.ARM.Collect$$libinit$$00000030)
    __rt_lib_init_fp_trap_1                  0x08000189   Thumb Code     0  libinit2.o(.ARM.Collect$$libinit$$0000001F)
    __rt_lib_init_getenv_1                   0x08000189   Thumb Code     0  libinit2.o(.ARM.Collect$$libinit$$00000023)
    __rt_lib_init_lc_numeric_1               0x08000189   Thumb Code     0  libinit2.o(.ARM.Collect$$libinit$$00000017)
    __rt_lib_init_lc_time_1                  0x08000189   Thumb Code     0  libinit2.o(.ARM.Collect$$libinit$$00000019)
    __rt_lib_init_return                     0x08000189   Thumb Code     0  libinit2.o(.ARM.Collect$$libinit$$00000033)
    __rt_lib_init_signal_1                   0x08000189   Thumb Code     0  libinit2.o(.ARM.Collect$$libinit$$0000001D)
    __rt_lib_init_stdio_1                    0x08000189   Thumb Code     0  libinit2.o(.ARM.Collect$$libinit$$00000025)
    __rt_lib_shutdown                        0x0800018b   Thumb Code     0  libshutdown.o(.ARM.Collect$$libshutdown$$00000000)
    __rt_lib_shutdown_cpp_1                  0x0800018d   Thumb Code     0  libshutdown2.o(.ARM.Collect$$libshutdown$$00000002)
    __rt_lib_shutdown_fp_trap_1              0x0800018d   Thumb Code     0  libshutdown2.o(.ARM.Collect$$libshutdown$$00000007)
    __rt_lib_shutdown_heap_1                 0x0800018d   Thumb Code     0  libshutdown2.o(.ARM.Collect$$libshutdown$$0000000F)
    __rt_lib_shutdown_return                 0x0800018d   Thumb Code     0  libshutdown2.o(.ARM.Collect$$libshutdown$$00000010)
    __rt_lib_shutdown_signal_1               0x0800018d   Thumb Code     0  libshutdown2.o(.ARM.Collect$$libshutdown$$0000000A)
    __rt_lib_shutdown_stdio_1                0x0800018d   Thumb Code     0  libshutdown2.o(.ARM.Collect$$libshutdown$$00000004)
    __rt_lib_shutdown_user_alloc_1           0x0800018d   Thumb Code     0  libshutdown2.o(.ARM.Collect$$libshutdown$$0000000C)
    __rt_entry                               0x0800018f   Thumb Code     0  __rtentry.o(.ARM.Collect$$rtentry$$00000000)
    __rt_entry_presh_1                       0x0800018f   Thumb Code     0  __rtentry2.o(.ARM.Collect$$rtentry$$00000002)
    __rt_entry_sh                            0x0800018f   Thumb Code     0  __rtentry4.o(.ARM.Collect$$rtentry$$00000004)
    __rt_entry_li                            0x08000195   Thumb Code     0  __rtentry2.o(.ARM.Collect$$rtentry$$0000000A)
    __rt_entry_postsh_1                      0x08000195   Thumb Code     0  __rtentry2.o(.ARM.Collect$$rtentry$$00000009)
    __rt_entry_main                          0x08000199   Thumb Code     0  __rtentry2.o(.ARM.Collect$$rtentry$$0000000D)
    __rt_entry_postli_1                      0x08000199   Thumb Code     0  __rtentry2.o(.ARM.Collect$$rtentry$$0000000C)
    __rt_exit                                0x080001a1   Thumb Code     0  rtexit.o(.ARM.Collect$$rtexit$$00000000)
    __rt_exit_ls                             0x080001a3   Thumb Code     0  rtexit2.o(.ARM.Collect$$rtexit$$00000003)
    __rt_exit_prels_1                        0x080001a3   Thumb Code     0  rtexit2.o(.ARM.Collect$$rtexit$$00000002)
    __rt_exit_exit                           0x080001a7   Thumb Code     0  rtexit2.o(.ARM.Collect$$rtexit$$00000004)
    Reset_Handler                            0x080001ad   Thumb Code     8  startup_stm32f10x_md.o(.text)
    NMI_Handler                              0x080001b5   Thumb Code     2  startup_stm32f10x_md.o(.text)
    HardFault_Handler                        0x080001b7   Thumb Code     2  startup_stm32f10x_md.o(.text)
    MemManage_Handler                        0x080001b9   Thumb Code     2  startup_stm32f10x_md.o(.text)
    BusFault_Handler                         0x080001bb   Thumb Code     2  startup_stm32f10x_md.o(.text)
    UsageFault_Handler                       0x080001bd   Thumb Code     2  startup_stm32f10x_md.o(.text)
    SVC_Handler                              0x080001bf   Thumb Code     2  startup_stm32f10x_md.o(.text)
    DebugMon_Handler                         0x080001c1   Thumb Code     2  startup_stm32f10x_md.o(.text)
    PendSV_Handler                           0x080001c3   Thumb Code     2  startup_stm32f10x_md.o(.text)
    ADC1_2_IRQHandler                        0x080001c7   Thumb Code     0  startup_stm32f10x_md.o(.text)
    CAN1_RX1_IRQHandler                      0x080001c7   Thumb Code     0  startup_stm32f10x_md.o(.text)
    CAN1_SCE_IRQHandler                      0x080001c7   Thumb Code     0  startup_stm32f10x_md.o(.text)
    DMA1_Channel1_IRQHandler                 0x080001c7   Thumb Code     0  startup_stm32f10x_md.o(.text)
    DMA1_Channel2_IRQHandler                 0x080001c7   Thumb Code     0  startup_stm32f10x_md.o(.text)
    DMA1_Channel3_IRQHandler                 0x080001c7   Thumb Code     0  startup_stm32f10x_md.o(.text)
    DMA1_Channel4_IRQHandler                 0x080001c7   Thumb Code     0  startup_stm32f10x_md.o(.text)
    DMA1_Channel5_IRQHandler                 0x080001c7   Thumb Code     0  startup_stm32f10x_md.o(.text)
    DMA1_Channel6_IRQHandler                 0x080001c7   Thumb Code     0  startup_stm32f10x_md.o(.text)
    DMA1_Channel7_IRQHandler                 0x080001c7   Thumb Code     0  startup_stm32f10x_md.o(.text)
    EXTI0_IRQHandler                         0x080001c7   Thumb Code     0  startup_stm32f10x_md.o(.text)
    EXTI15_10_IRQHandler                     0x080001c7   Thumb Code     0  startup_stm32f10x_md.o(.text)
    EXTI1_IRQHandler                         0x080001c7   Thumb Code     0  startup_stm32f10x_md.o(.text)
    EXTI2_IRQHandler                         0x080001c7   Thumb Code     0  startup_stm32f10x_md.o(.text)
    EXTI3_IRQHandler                         0x080001c7   Thumb Code     0  startup_stm32f10x_md.o(.text)
    EXTI4_IRQHandler                         0x080001c7   Thumb Code     0  startup_stm32f10x_md.o(.text)
    EXTI9_5_IRQHandler                       0x080001c7   Thumb Code     0  startup_stm32f10x_md.o(.text)
    FLASH_IRQHandler                         0x080001c7   Thumb Code     0  startup_stm32f10x_md.o(.text)
    I2C1_ER_IRQHandler                       0x080001c7   Thumb Code     0  startup_stm32f10x_md.o(.text)
    I2C1_EV_IRQHandler                       0x080001c7   Thumb Code     0  startup_stm32f10x_md.o(.text)
    I2C2_ER_IRQHandler                       0x080001c7   Thumb Code     0  startup_stm32f10x_md.o(.text)
    I2C2_EV_IRQHandler                       0x080001c7   Thumb Code     0  startup_stm32f10x_md.o(.text)
    PVD_IRQHandler                           0x080001c7   Thumb Code     0  startup_stm32f10x_md.o(.text)
    RCC_IRQHandler                           0x080001c7   Thumb Code     0  startup_stm32f10x_md.o(.text)
    RTCAlarm_IRQHandler                      0x080001c7   Thumb Code     0  startup_stm32f10x_md.o(.text)
    RTC_IRQHandler                           0x080001c7   Thumb Code     0  startup_stm32f10x_md.o(.text)
    SPI1_IRQHandler                          0x080001c7   Thumb Code     0  startup_stm32f10x_md.o(.text)
    SPI2_IRQHandler                          0x080001c7   Thumb Code     0  startup_stm32f10x_md.o(.text)
    TAMPER_IRQHandler                        0x080001c7   Thumb Code     0  startup_stm32f10x_md.o(.text)
    TIM1_BRK_IRQHandler                      0x080001c7   Thumb Code     0  startup_stm32f10x_md.o(.text)
    TIM1_CC_IRQHandler                       0x080001c7   Thumb Code     0  startup_stm32f10x_md.o(.text)
    TIM1_TRG_COM_IRQHandler                  0x080001c7   Thumb Code     0  startup_stm32f10x_md.o(.text)
    TIM1_UP_IRQHandler                       0x080001c7   Thumb Code     0  startup_stm32f10x_md.o(.text)
    TIM2_IRQHandler                          0x080001c7   Thumb Code     0  startup_stm32f10x_md.o(.text)
    TIM3_IRQHandler                          0x080001c7   Thumb Code     0  startup_stm32f10x_md.o(.text)
    TIM4_IRQHandler                          0x080001c7   Thumb Code     0  startup_stm32f10x_md.o(.text)
    USART2_IRQHandler                        0x080001c7   Thumb Code     0  startup_stm32f10x_md.o(.text)
    USART3_IRQHandler                        0x080001c7   Thumb Code     0  startup_stm32f10x_md.o(.text)
    USBWakeUp_IRQHandler                     0x080001c7   Thumb Code     0  startup_stm32f10x_md.o(.text)
    USB_HP_CAN1_TX_IRQHandler                0x080001c7   Thumb Code     0  startup_stm32f10x_md.o(.text)
    USB_LP_CAN1_RX0_IRQHandler               0x080001c7   Thumb Code     0  startup_stm32f10x_md.o(.text)
    WWDG_IRQHandler                          0x080001c7   Thumb Code     0  startup_stm32f10x_md.o(.text)
    __user_initial_stackheap                 0x080001c9   Thumb Code     0  startup_stm32f10x_md.o(.text)
    __use_no_semihosting                     0x080001ed   Thumb Code     2  use_no_semi_2.o(.text)
    __2printf                                0x080001f1   Thumb Code    20  noretval__2printf.o(.text)
    __printf                                 0x08000209   Thumb Code   104  __printf.o(.text)
    _printf_int_dec                          0x08000271   Thumb Code   104  _printf_dec.o(.text)
    _printf_int_hex                          0x080002e9   Thumb Code    84  _printf_hex_int.o(.text)
    _printf_longlong_hex                     0x080002e9   Thumb Code     0  _printf_hex_int.o(.text)
    puts                                     0x08000341   Thumb Code    40  puts.o(.text)
    __use_two_region_memory                  0x0800036d   Thumb Code     2  heapauxi.o(.text)
    __rt_heap_escrow$2region                 0x0800036f   Thumb Code     2  heapauxi.o(.text)
    __rt_heap_expand$2region                 0x08000371   Thumb Code     2  heapauxi.o(.text)
    __I$use$semihosting                      0x08000373   Thumb Code     0  use_no_semi.o(.text)
    __use_no_semihosting_swi                 0x08000373   Thumb Code     2  use_no_semi.o(.text)
    _printf_int_common                       0x08000375   Thumb Code   178  _printf_intcommon.o(.text)
    __lib_sel_fp_printf                      0x08000427   Thumb Code     2  _printf_fp_dec.o(.text)
    _printf_fp_dec_real                      0x080005d9   Thumb Code   620  _printf_fp_dec.o(.text)
    _printf_char_file                        0x08000845   Thumb Code    32  _printf_char_file.o(.text)
    __rt_locale                              0x08000869   Thumb Code     8  rt_locale_intlibspace.o(.text)
    _ll_udiv10                               0x08000871   Thumb Code   138  lludiv10.o(.text)
    _printf_char_common                      0x08000907   Thumb Code    32  _printf_char_common.o(.text)
    _printf_fp_infnan                        0x0800092d   Thumb Code   112  _printf_fp_infnan.o(.text)
    _btod_etento                             0x080009ad   Thumb Code   224  bigflt0.o(.text)
    ferror                                   0x08000a91   Thumb Code     8  ferror.o(.text)
    __user_libspace                          0x08000a99   Thumb Code     8  libspace.o(.text)
    __user_perproc_libspace                  0x08000a99   Thumb Code     0  libspace.o(.text)
    __user_perthread_libspace                0x08000a99   Thumb Code     0  libspace.o(.text)
    __user_setup_stackheap                   0x08000aa1   Thumb Code    74  sys_stackheap_outer.o(.text)
    exit                                     0x08000aeb   Thumb Code    18  exit.o(.text)
    strcmp                                   0x08000afd   Thumb Code   128  strcmpv7m.o(.text)
    _btod_d2e                                0x08000b7d   Thumb Code    62  btod.o(CL$$btod_d2e)
    _d2e_denorm_low                          0x08000bbb   Thumb Code    70  btod.o(CL$$btod_d2e_denorm_low)
    _d2e_norm_op1                            0x08000c01   Thumb Code    96  btod.o(CL$$btod_d2e_norm_op1)
    __btod_div_common                        0x08000c61   Thumb Code   696  btod.o(CL$$btod_div_common)
    _e2e                                     0x08000f99   Thumb Code   220  btod.o(CL$$btod_e2e)
    _btod_ediv                               0x08001075   Thumb Code    42  btod.o(CL$$btod_ediv)
    _btod_emul                               0x0800109f   Thumb Code    42  btod.o(CL$$btod_emul)
    __btod_mult_common                       0x080010c9   Thumb Code   580  btod.o(CL$$btod_mult_common)
    GPIO_Init                                0x0800130d   Thumb Code   278  stm32f10x_gpio.o(i.GPIO_Init)
    JTAG_Set                                 0x08001425   Thumb Code    38  sys.o(i.JTAG_Set)
    NVIC_Init                                0x08001451   Thumb Code   100  misc.o(i.NVIC_Init)
    NVIC_PriorityGroupConfig                 0x080014c1   Thumb Code    10  misc.o(i.NVIC_PriorityGroupConfig)
    NVIC_SetVectorTable                      0x080014d5   Thumb Code    12  misc.o(i.NVIC_SetVectorTable)
    RCC_APB1PeriphClockCmd                   0x080014e9   Thumb Code    26  stm32f10x_rcc.o(i.RCC_APB1PeriphClockCmd)
    RCC_APB2PeriphClockCmd                   0x08001509   Thumb Code    26  stm32f10x_rcc.o(i.RCC_APB2PeriphClockCmd)
    RCC_GetClocksFreq                        0x08001529   Thumb Code   192  stm32f10x_rcc.o(i.RCC_GetClocksFreq)
    SPI_Cmd                                  0x080015fd   Thumb Code    24  stm32f10x_spi.o(i.SPI_Cmd)
    SPI_Init                                 0x08001615   Thumb Code    60  stm32f10x_spi.o(i.SPI_Init)
    SysTick_Handler                          0x08001739   Thumb Code    12  delay.o(i.SysTick_Handler)
    SystemInit                               0x08001749   Thumb Code    78  system_stm32f10x.o(i.SystemInit)
    USART1_IRQHandler                        0x080017a9   Thumb Code    22  usart.o(i.USART1_IRQHandler)
    USART_Cmd                                0x080017c5   Thumb Code    24  stm32f10x_usart.o(i.USART_Cmd)
    USART_GetFlagStatus                      0x080017dd   Thumb Code    26  stm32f10x_usart.o(i.USART_GetFlagStatus)
    USART_GetITStatus                        0x080017f7   Thumb Code    84  stm32f10x_usart.o(i.USART_GetITStatus)
    USART_ITConfig                           0x0800184b   Thumb Code    74  stm32f10x_usart.o(i.USART_ITConfig)
    USART_Init                               0x08001895   Thumb Code   210  stm32f10x_usart.o(i.USART_Init)
    USART_ReceiveData                        0x0800196d   Thumb Code    10  stm32f10x_usart.o(i.USART_ReceiveData)
    USART_SendData                           0x08001977   Thumb Code     8  stm32f10x_usart.o(i.USART_SendData)
    __ARM_fpclassify                         0x0800197f   Thumb Code    40  fpclassify.o(i.__ARM_fpclassify)
    _sys_exit                                0x080019a7   Thumb Code     6  retarget.o(i._sys_exit)
    ak8975_get_mag                           0x080019ad   Thumb Code    86  ak8975.o(i.ak8975_get_mag)
    ak8975_get_mag_adc                       0x08001a09   Thumb Code    72  ak8975.o(i.ak8975_get_mag_adc)
    ak8975_init                              0x08001a51   Thumb Code    60  ak8975.o(i.ak8975_init)
    ak8975_read_buffer                       0x08001ad1   Thumb Code    36  ak8975.o(i.ak8975_read_buffer)
    ak8975_read_reg                          0x08001afd   Thumb Code    30  ak8975.o(i.ak8975_read_reg)
    ak8975_start                             0x08001b25   Thumb Code    12  ak8975.o(i.ak8975_start)
    ak8975_write_reg                         0x08001b31   Thumb Code    32  ak8975.o(i.ak8975_write_reg)
    delay_init                               0x08001b59   Thumb Code    96  delay.o(i.delay_init)
    delay_ms                                 0x08001bcd   Thumb Code    34  delay.o(i.delay_ms)
    fputc                                    0x08001bef   Thumb Code    16  retarget.o(i.fputc)
    gpio_mode_af                             0x08001bff   Thumb Code    32  gpio.o(i.gpio_mode_af)
    gpio_mode_in                             0x08001c1f   Thumb Code    32  gpio.o(i.gpio_mode_in)
    gpio_mode_out                            0x08001c3f   Thumb Code    32  gpio.o(i.gpio_mode_out)
    icm20602_get_accel                       0x08001c61   Thumb Code    86  icm20602.o(i.icm20602_get_accel)
    icm20602_get_accel_adc                   0x08001cbd   Thumb Code    72  icm20602.o(i.icm20602_get_accel_adc)
    icm20602_get_gyro                        0x08001d05   Thumb Code    86  icm20602.o(i.icm20602_get_gyro)
    icm20602_get_gyro_adc                    0x08001d61   Thumb Code    72  icm20602.o(i.icm20602_get_gyro_adc)
    icm20602_init                            0x08001da9   Thumb Code   110  icm20602.o(i.icm20602_init)
    icm20602_read_buffer                     0x08001e5d   Thumb Code    36  icm20602.o(i.icm20602_read_buffer)
    icm20602_read_reg                        0x08001e89   Thumb Code    30  icm20602.o(i.icm20602_read_reg)
    icm20602_set_accel_fullscale             0x08001eb1   Thumb Code    96  icm20602.o(i.icm20602_set_accel_fullscale)
    icm20602_set_gyro_fullscale              0x08001f1d   Thumb Code    88  icm20602.o(i.icm20602_set_gyro_fullscale)
    icm20602_write_reg                       0x08001f91   Thumb Code    32  icm20602.o(i.icm20602_write_reg)
    main                                     0x08001fb9   Thumb Code   264  main.o(i.main)
    micros                                   0x080020f1   Thumb Code    58  delay.o(i.micros)
    myputc                                   0x08002135   Thumb Code    28  usart.o(i.myputc)
    spi2_init                                0x08002155   Thumb Code   176  spi.o(i.spi2_init)
    spi2_read_reg                            0x0800221d   Thumb Code    20  spi.o(i.spi2_read_reg)
    spi2_read_reg_buffer                     0x08002231   Thumb Code    42  spi.o(i.spi2_read_reg_buffer)
    spi2_read_write_byte                     0x0800225d   Thumb Code    46  spi.o(i.spi2_read_write_byte)
    spi2_write_reg                           0x08002291   Thumb Code    24  spi.o(i.spi2_write_reg)
    spl06_config_pressure                    0x080022a9   Thumb Code   142  spl06.o(i.spl06_config_pressure)
    spl06_config_temperature                 0x08002359   Thumb Code   146  spl06.o(i.spl06_config_temperature)
    spl06_init                               0x0800240d   Thumb Code   632  spl06.o(i.spl06_init)
    spl06_read_buffer                        0x08002751   Thumb Code    36  spl06.o(i.spl06_read_buffer)
    spl06_read_reg                           0x0800277d   Thumb Code    30  spl06.o(i.spl06_read_reg)
    spl06_start_T                            0x080027a5   Thumb Code    12  spl06.o(i.spl06_start_T)
    spl06_write_reg                          0x080027b1   Thumb Code    32  spl06.o(i.spl06_write_reg)
    usart1_init                              0x080027d9   Thumb Code   130  usart.o(i.usart1_init)
    _get_lc_numeric                          0x08002865   Thumb Code    44  lc_numeric_c.o(locale$$code)
    __fpl_dretinf                            0x08002891   Thumb Code    12  dretinf.o(x$fpl$dretinf)
    __aeabi_f2d                              0x0800289d   Thumb Code     0  f2d.o(x$fpl$f2d)
    _f2d                                     0x0800289d   Thumb Code    86  f2d.o(x$fpl$f2d)
    __aeabi_fdiv                             0x080028f5   Thumb Code     0  fdiv.o(x$fpl$fdiv)
    _fdiv                                    0x080028f5   Thumb Code   384  fdiv.o(x$fpl$fdiv)
    __aeabi_i2f                              0x08002a79   Thumb Code     0  fflt_clz.o(x$fpl$fflt)
    _fflt                                    0x08002a79   Thumb Code    48  fflt_clz.o(x$fpl$fflt)
    __aeabi_fmul                             0x08002aa9   Thumb Code     0  fmul.o(x$fpl$fmul)
    _fmul                                    0x08002aa9   Thumb Code   258  fmul.o(x$fpl$fmul)
    __fpl_fnaninf                            0x08002bab   Thumb Code   140  fnaninf.o(x$fpl$fnaninf)
    __fpl_fretinf                            0x08002c37   Thumb Code    10  fretinf.o(x$fpl$fretinf)
    _printf_fp_dec                           0x08002c41   Thumb Code     4  printf1.o(x$fpl$printf1)
    __I$use$fp                               0x08002c44   Number         0  usenofp.o(x$fpl$usenofp)
    Region$$Table$$Base                      0x08002d00   Number         0  anon$$obj.o(Region$$Table)
    Region$$Table$$Limit                     0x08002d20   Number         0  anon$$obj.o(Region$$Table)
    _mag_scale                               0x20000008   Data           4  ak8975.o(.data)
    _C0                                      0x2000000c   Data           2  spl06.o(.data)
    _C1                                      0x2000000e   Data           2  spl06.o(.data)
    _C01                                     0x20000010   Data           2  spl06.o(.data)
    _C11                                     0x20000012   Data           2  spl06.o(.data)
    _C20                                     0x20000014   Data           2  spl06.o(.data)
    _C21                                     0x20000016   Data           2  spl06.o(.data)
    _C30                                     0x20000018   Data           2  spl06.o(.data)
    _C00                                     0x2000001c   Data           4  spl06.o(.data)
    _C10                                     0x20000020   Data           4  spl06.o(.data)
    _kT                                      0x20000024   Data           4  spl06.o(.data)
    _kP                                      0x20000028   Data           4  spl06.o(.data)
    temp_adc                                 0x2000002c   Data           4  spl06.o(.data)
    __stdout                                 0x20000038   Data           4  retarget.o(.data)
    SystemCoreClock                          0x20000050   Data           4  system_stm32f10x.o(.data)
    AHBPrescTable                            0x20000054   Data          16  system_stm32f10x.o(.data)
    __libspace_start                         0x20000064   Data          96  libspace.o(.bss)
    __temporary_stack_top$libspace           0x200000c4   Data           0  libspace.o(.bss)



==============================================================================

Memory Map of the image

  Image Entry point : 0x080000ed

  Load Region LR_IROM1 (Base: 0x08000000, Size: 0x00002da0, Max: 0x00010000, ABSOLUTE)

    Execution Region ER_IROM1 (Exec base: 0x08000000, Load base: 0x08000000, Size: 0x00002d3c, Max: 0x00010000, ABSOLUTE)

    Exec Addr    Load Addr    Size         Type   Attr      Idx    E Section Name        Object

    0x08000000   0x08000000   0x000000ec   Data   RO         1437    RESET               startup_stm32f10x_md.o
    0x080000ec   0x080000ec   0x00000008   Code   RO         1549  * !!!main             c_w.l(__main.o)
    0x080000f4   0x080000f4   0x00000034   Code   RO         1791    !!!scatter          c_w.l(__scatter.o)
    0x08000128   0x08000128   0x0000001a   Code   RO         1793    !!handler_copy      c_w.l(__scatter_copy.o)
    0x08000142   0x08000142   0x00000002   PAD
    0x08000144   0x08000144   0x0000001c   Code   RO         1795    !!handler_zi        c_w.l(__scatter_zi.o)
    0x08000160   0x08000160   0x00000000   Code   RO         1544    .ARM.Collect$$_printf_percent$$00000000  c_w.l(_printf_percent.o)
    0x08000160   0x08000160   0x00000006   Code   RO         1543    .ARM.Collect$$_printf_percent$$00000003  c_w.l(_printf_f.o)
    0x08000166   0x08000166   0x00000006   Code   RO         1542    .ARM.Collect$$_printf_percent$$00000009  c_w.l(_printf_d.o)
    0x0800016c   0x0800016c   0x00000006   Code   RO         1541    .ARM.Collect$$_printf_percent$$0000000C  c_w.l(_printf_x.o)
    0x08000172   0x08000172   0x00000004   Code   RO         1582    .ARM.Collect$$_printf_percent$$00000017  c_w.l(_printf_percent_end.o)
    0x08000176   0x08000176   0x00000002   Code   RO         1668    .ARM.Collect$$libinit$$00000000  c_w.l(libinit.o)
    0x08000178   0x08000178   0x00000000   Code   RO         1670    .ARM.Collect$$libinit$$00000002  c_w.l(libinit2.o)
    0x08000178   0x08000178   0x00000000   Code   RO         1672    .ARM.Collect$$libinit$$00000004  c_w.l(libinit2.o)
    0x08000178   0x08000178   0x00000000   Code   RO         1675    .ARM.Collect$$libinit$$0000000A  c_w.l(libinit2.o)
    0x08000178   0x08000178   0x00000000   Code   RO         1677    .ARM.Collect$$libinit$$0000000C  c_w.l(libinit2.o)
    0x08000178   0x08000178   0x00000000   Code   RO         1679    .ARM.Collect$$libinit$$0000000E  c_w.l(libinit2.o)
    0x08000178   0x08000178   0x00000006   Code   RO         1680    .ARM.Collect$$libinit$$0000000F  c_w.l(libinit2.o)
    0x0800017e   0x0800017e   0x00000000   Code   RO         1682    .ARM.Collect$$libinit$$00000011  c_w.l(libinit2.o)
    0x0800017e   0x0800017e   0x00000000   Code   RO         1684    .ARM.Collect$$libinit$$00000013  c_w.l(libinit2.o)
    0x0800017e   0x0800017e   0x00000000   Code   RO         1686    .ARM.Collect$$libinit$$00000015  c_w.l(libinit2.o)
    0x0800017e   0x0800017e   0x0000000a   Code   RO         1687    .ARM.Collect$$libinit$$00000016  c_w.l(libinit2.o)
    0x08000188   0x08000188   0x00000000   Code   RO         1688    .ARM.Collect$$libinit$$00000017  c_w.l(libinit2.o)
    0x08000188   0x08000188   0x00000000   Code   RO         1690    .ARM.Collect$$libinit$$00000019  c_w.l(libinit2.o)
    0x08000188   0x08000188   0x00000000   Code   RO         1692    .ARM.Collect$$libinit$$0000001B  c_w.l(libinit2.o)
    0x08000188   0x08000188   0x00000000   Code   RO         1694    .ARM.Collect$$libinit$$0000001D  c_w.l(libinit2.o)
    0x08000188   0x08000188   0x00000000   Code   RO         1696    .ARM.Collect$$libinit$$0000001F  c_w.l(libinit2.o)
    0x08000188   0x08000188   0x00000000   Code   RO         1698    .ARM.Collect$$libinit$$00000021  c_w.l(libinit2.o)
    0x08000188   0x08000188   0x00000000   Code   RO         1700    .ARM.Collect$$libinit$$00000023  c_w.l(libinit2.o)
    0x08000188   0x08000188   0x00000000   Code   RO         1702    .ARM.Collect$$libinit$$00000025  c_w.l(libinit2.o)
    0x08000188   0x08000188   0x00000000   Code   RO         1706    .ARM.Collect$$libinit$$0000002C  c_w.l(libinit2.o)
    0x08000188   0x08000188   0x00000000   Code   RO         1708    .ARM.Collect$$libinit$$0000002E  c_w.l(libinit2.o)
    0x08000188   0x08000188   0x00000000   Code   RO         1710    .ARM.Collect$$libinit$$00000030  c_w.l(libinit2.o)
    0x08000188   0x08000188   0x00000000   Code   RO         1712    .ARM.Collect$$libinit$$00000032  c_w.l(libinit2.o)
    0x08000188   0x08000188   0x00000002   Code   RO         1713    .ARM.Collect$$libinit$$00000033  c_w.l(libinit2.o)
    0x0800018a   0x0800018a   0x00000002   Code   RO         1741    .ARM.Collect$$libshutdown$$00000000  c_w.l(libshutdown.o)
    0x0800018c   0x0800018c   0x00000000   Code   RO         1750    .ARM.Collect$$libshutdown$$00000002  c_w.l(libshutdown2.o)
    0x0800018c   0x0800018c   0x00000000   Code   RO         1752    .ARM.Collect$$libshutdown$$00000004  c_w.l(libshutdown2.o)
    0x0800018c   0x0800018c   0x00000000   Code   RO         1755    .ARM.Collect$$libshutdown$$00000007  c_w.l(libshutdown2.o)
    0x0800018c   0x0800018c   0x00000000   Code   RO         1758    .ARM.Collect$$libshutdown$$0000000A  c_w.l(libshutdown2.o)
    0x0800018c   0x0800018c   0x00000000   Code   RO         1760    .ARM.Collect$$libshutdown$$0000000C  c_w.l(libshutdown2.o)
    0x0800018c   0x0800018c   0x00000000   Code   RO         1763    .ARM.Collect$$libshutdown$$0000000F  c_w.l(libshutdown2.o)
    0x0800018c   0x0800018c   0x00000002   Code   RO         1764    .ARM.Collect$$libshutdown$$00000010  c_w.l(libshutdown2.o)
    0x0800018e   0x0800018e   0x00000000   Code   RO         1575    .ARM.Collect$$rtentry$$00000000  c_w.l(__rtentry.o)
    0x0800018e   0x0800018e   0x00000000   Code   RO         1591    .ARM.Collect$$rtentry$$00000002  c_w.l(__rtentry2.o)
    0x0800018e   0x0800018e   0x00000006   Code   RO         1603    .ARM.Collect$$rtentry$$00000004  c_w.l(__rtentry4.o)
    0x08000194   0x08000194   0x00000000   Code   RO         1593    .ARM.Collect$$rtentry$$00000009  c_w.l(__rtentry2.o)
    0x08000194   0x08000194   0x00000004   Code   RO         1594    .ARM.Collect$$rtentry$$0000000A  c_w.l(__rtentry2.o)
    0x08000198   0x08000198   0x00000000   Code   RO         1596    .ARM.Collect$$rtentry$$0000000C  c_w.l(__rtentry2.o)
    0x08000198   0x08000198   0x00000008   Code   RO         1597    .ARM.Collect$$rtentry$$0000000D  c_w.l(__rtentry2.o)
    0x080001a0   0x080001a0   0x00000002   Code   RO         1714    .ARM.Collect$$rtexit$$00000000  c_w.l(rtexit.o)
    0x080001a2   0x080001a2   0x00000000   Code   RO         1721    .ARM.Collect$$rtexit$$00000002  c_w.l(rtexit2.o)
    0x080001a2   0x080001a2   0x00000004   Code   RO         1722    .ARM.Collect$$rtexit$$00000003  c_w.l(rtexit2.o)
    0x080001a6   0x080001a6   0x00000006   Code   RO         1723    .ARM.Collect$$rtexit$$00000004  c_w.l(rtexit2.o)
    0x080001ac   0x080001ac   0x00000040   Code   RO         1438    .text               startup_stm32f10x_md.o
    0x080001ec   0x080001ec   0x00000002   Code   RO         1490    .text               c_w.l(use_no_semi_2.o)
    0x080001ee   0x080001ee   0x00000002   PAD
    0x080001f0   0x080001f0   0x00000018   Code   RO         1494    .text               c_w.l(noretval__2printf.o)
    0x08000208   0x08000208   0x00000068   Code   RO         1496    .text               c_w.l(__printf.o)
    0x08000270   0x08000270   0x00000078   Code   RO         1498    .text               c_w.l(_printf_dec.o)
    0x080002e8   0x080002e8   0x00000058   Code   RO         1503    .text               c_w.l(_printf_hex_int.o)
    0x08000340   0x08000340   0x0000002c   Code   RO         1545    .text               c_w.l(puts.o)
    0x0800036c   0x0800036c   0x00000006   Code   RO         1547    .text               c_w.l(heapauxi.o)
    0x08000372   0x08000372   0x00000002   Code   RO         1573    .text               c_w.l(use_no_semi.o)
    0x08000374   0x08000374   0x000000b2   Code   RO         1576    .text               c_w.l(_printf_intcommon.o)
    0x08000426   0x08000426   0x0000041e   Code   RO         1578    .text               c_w.l(_printf_fp_dec.o)
    0x08000844   0x08000844   0x00000024   Code   RO         1580    .text               c_w.l(_printf_char_file.o)
    0x08000868   0x08000868   0x00000008   Code   RO         1608    .text               c_w.l(rt_locale_intlibspace.o)
    0x08000870   0x08000870   0x0000008a   Code   RO         1610    .text               c_w.l(lludiv10.o)
    0x080008fa   0x080008fa   0x00000002   PAD
    0x080008fc   0x080008fc   0x00000030   Code   RO         1612    .text               c_w.l(_printf_char_common.o)
    0x0800092c   0x0800092c   0x00000080   Code   RO         1614    .text               c_w.l(_printf_fp_infnan.o)
    0x080009ac   0x080009ac   0x000000e4   Code   RO         1616    .text               c_w.l(bigflt0.o)
    0x08000a90   0x08000a90   0x00000008   Code   RO         1641    .text               c_w.l(ferror.o)
    0x08000a98   0x08000a98   0x00000008   Code   RO         1652    .text               c_w.l(libspace.o)
    0x08000aa0   0x08000aa0   0x0000004a   Code   RO         1655    .text               c_w.l(sys_stackheap_outer.o)
    0x08000aea   0x08000aea   0x00000012   Code   RO         1659    .text               c_w.l(exit.o)
    0x08000afc   0x08000afc   0x00000080   Code   RO         1661    .text               c_w.l(strcmpv7m.o)
    0x08000b7c   0x08000b7c   0x0000003e   Code   RO         1619    CL$$btod_d2e        c_w.l(btod.o)
    0x08000bba   0x08000bba   0x00000046   Code   RO         1621    CL$$btod_d2e_denorm_low  c_w.l(btod.o)
    0x08000c00   0x08000c00   0x00000060   Code   RO         1620    CL$$btod_d2e_norm_op1  c_w.l(btod.o)
    0x08000c60   0x08000c60   0x00000338   Code   RO         1629    CL$$btod_div_common  c_w.l(btod.o)
    0x08000f98   0x08000f98   0x000000dc   Code   RO         1626    CL$$btod_e2e        c_w.l(btod.o)
    0x08001074   0x08001074   0x0000002a   Code   RO         1623    CL$$btod_ediv       c_w.l(btod.o)
    0x0800109e   0x0800109e   0x0000002a   Code   RO         1622    CL$$btod_emul       c_w.l(btod.o)
    0x080010c8   0x080010c8   0x00000244   Code   RO         1628    CL$$btod_mult_common  c_w.l(btod.o)
    0x0800130c   0x0800130c   0x00000116   Code   RO          758    i.GPIO_Init         stm32f10x_gpio.o
    0x08001422   0x08001422   0x00000002   PAD
    0x08001424   0x08001424   0x0000002c   Code   RO          101    i.JTAG_Set          sys.o
    0x08001450   0x08001450   0x00000070   Code   RO          704    i.NVIC_Init         misc.o
    0x080014c0   0x080014c0   0x00000014   Code   RO          705    i.NVIC_PriorityGroupConfig  misc.o
    0x080014d4   0x080014d4   0x00000014   Code   RO          706    i.NVIC_SetVectorTable  misc.o
    0x080014e8   0x080014e8   0x00000020   Code   RO          880    i.RCC_APB1PeriphClockCmd  stm32f10x_rcc.o
    0x08001508   0x08001508   0x00000020   Code   RO          882    i.RCC_APB2PeriphClockCmd  stm32f10x_rcc.o
    0x08001528   0x08001528   0x000000d4   Code   RO          890    i.RCC_GetClocksFreq  stm32f10x_rcc.o
    0x080015fc   0x080015fc   0x00000018   Code   RO         1095    i.SPI_Cmd           stm32f10x_spi.o
    0x08001614   0x08001614   0x0000003c   Code   RO         1108    i.SPI_Init          stm32f10x_spi.o
    0x08001650   0x08001650   0x00000008   Code   RO         1445    i.SetSysClock       system_stm32f10x.o
    0x08001658   0x08001658   0x000000e0   Code   RO         1446    i.SetSysClockTo72   system_stm32f10x.o
    0x08001738   0x08001738   0x00000010   Code   RO          553    i.SysTick_Handler   delay.o
    0x08001748   0x08001748   0x00000060   Code   RO         1448    i.SystemInit        system_stm32f10x.o
    0x080017a8   0x080017a8   0x0000001c   Code   RO          463    i.USART1_IRQHandler  usart.o
    0x080017c4   0x080017c4   0x00000018   Code   RO         1250    i.USART_Cmd         stm32f10x_usart.o
    0x080017dc   0x080017dc   0x0000001a   Code   RO         1253    i.USART_GetFlagStatus  stm32f10x_usart.o
    0x080017f6   0x080017f6   0x00000054   Code   RO         1254    i.USART_GetITStatus  stm32f10x_usart.o
    0x0800184a   0x0800184a   0x0000004a   Code   RO         1256    i.USART_ITConfig    stm32f10x_usart.o
    0x08001894   0x08001894   0x000000d8   Code   RO         1257    i.USART_Init        stm32f10x_usart.o
    0x0800196c   0x0800196c   0x0000000a   Code   RO         1264    i.USART_ReceiveData  stm32f10x_usart.o
    0x08001976   0x08001976   0x00000008   Code   RO         1267    i.USART_SendData    stm32f10x_usart.o
    0x0800197e   0x0800197e   0x00000028   Code   RO         1650    i.__ARM_fpclassify  m_ws.l(fpclassify.o)
    0x080019a6   0x080019a6   0x00000006   Code   RO          616    i._sys_exit         retarget.o
    0x080019ac   0x080019ac   0x0000005c   Code   RO          232    i.ak8975_get_mag    ak8975.o
    0x08001a08   0x08001a08   0x00000048   Code   RO          233    i.ak8975_get_mag_adc  ak8975.o
    0x08001a50   0x08001a50   0x00000080   Code   RO          234    i.ak8975_init       ak8975.o
    0x08001ad0   0x08001ad0   0x0000002c   Code   RO          235    i.ak8975_read_buffer  ak8975.o
    0x08001afc   0x08001afc   0x00000028   Code   RO          236    i.ak8975_read_reg   ak8975.o
    0x08001b24   0x08001b24   0x0000000c   Code   RO          237    i.ak8975_start      ak8975.o
    0x08001b30   0x08001b30   0x00000028   Code   RO          238    i.ak8975_write_reg  ak8975.o
    0x08001b58   0x08001b58   0x00000074   Code   RO          554    i.delay_init        delay.o
    0x08001bcc   0x08001bcc   0x00000022   Code   RO          555    i.delay_ms          delay.o
    0x08001bee   0x08001bee   0x00000010   Code   RO          617    i.fputc             retarget.o
    0x08001bfe   0x08001bfe   0x00000020   Code   RO          517    i.gpio_mode_af      gpio.o
    0x08001c1e   0x08001c1e   0x00000020   Code   RO          518    i.gpio_mode_in      gpio.o
    0x08001c3e   0x08001c3e   0x00000020   Code   RO          519    i.gpio_mode_out     gpio.o
    0x08001c5e   0x08001c5e   0x00000002   PAD
    0x08001c60   0x08001c60   0x0000005c   Code   RO          140    i.icm20602_get_accel  icm20602.o
    0x08001cbc   0x08001cbc   0x00000048   Code   RO          141    i.icm20602_get_accel_adc  icm20602.o
    0x08001d04   0x08001d04   0x0000005c   Code   RO          142    i.icm20602_get_gyro  icm20602.o
    0x08001d60   0x08001d60   0x00000048   Code   RO          143    i.icm20602_get_gyro_adc  icm20602.o
    0x08001da8   0x08001da8   0x000000b4   Code   RO          145    i.icm20602_init     icm20602.o
    0x08001e5c   0x08001e5c   0x0000002c   Code   RO          146    i.icm20602_read_buffer  icm20602.o
    0x08001e88   0x08001e88   0x00000028   Code   RO          147    i.icm20602_read_reg  icm20602.o
    0x08001eb0   0x08001eb0   0x0000006c   Code   RO          148    i.icm20602_set_accel_fullscale  icm20602.o
    0x08001f1c   0x08001f1c   0x00000074   Code   RO          149    i.icm20602_set_gyro_fullscale  icm20602.o
    0x08001f90   0x08001f90   0x00000028   Code   RO          150    i.icm20602_write_reg  icm20602.o
    0x08001fb8   0x08001fb8   0x00000138   Code   RO            4    i.main              main.o
    0x080020f0   0x080020f0   0x00000044   Code   RO          557    i.micros            delay.o
    0x08002134   0x08002134   0x00000020   Code   RO          465    i.myputc            usart.o
    0x08002154   0x08002154   0x000000c8   Code   RO          653    i.spi2_init         spi.o
    0x0800221c   0x0800221c   0x00000014   Code   RO          654    i.spi2_read_reg     spi.o
    0x08002230   0x08002230   0x0000002a   Code   RO          655    i.spi2_read_reg_buffer  spi.o
    0x0800225a   0x0800225a   0x00000002   PAD
    0x0800225c   0x0800225c   0x00000034   Code   RO          656    i.spi2_read_write_byte  spi.o
    0x08002290   0x08002290   0x00000018   Code   RO          657    i.spi2_write_reg    spi.o
    0x080022a8   0x080022a8   0x000000b0   Code   RO          298    i.spl06_config_pressure  spl06.o
    0x08002358   0x08002358   0x000000b4   Code   RO          299    i.spl06_config_temperature  spl06.o
    0x0800240c   0x0800240c   0x00000344   Code   RO          304    i.spl06_init        spl06.o
    0x08002750   0x08002750   0x0000002c   Code   RO          305    i.spl06_read_buffer  spl06.o
    0x0800277c   0x0800277c   0x00000028   Code   RO          306    i.spl06_read_reg    spl06.o
    0x080027a4   0x080027a4   0x0000000c   Code   RO          308    i.spl06_start_T     spl06.o
    0x080027b0   0x080027b0   0x00000028   Code   RO          309    i.spl06_write_reg   spl06.o
    0x080027d8   0x080027d8   0x0000008c   Code   RO          467    i.usart1_init       usart.o
    0x08002864   0x08002864   0x0000002c   Code   RO         1646    locale$$code        c_w.l(lc_numeric_c.o)
    0x08002890   0x08002890   0x0000000c   Code   RO         1583    x$fpl$dretinf       fz_ws.l(dretinf.o)
    0x0800289c   0x0800289c   0x00000056   Code   RO         1551    x$fpl$f2d           fz_ws.l(f2d.o)
    0x080028f2   0x080028f2   0x00000002   PAD
    0x080028f4   0x080028f4   0x00000184   Code   RO         1560    x$fpl$fdiv          fz_ws.l(fdiv.o)
    0x08002a78   0x08002a78   0x00000030   Code   RO         1564    x$fpl$fflt          fz_ws.l(fflt_clz.o)
    0x08002aa8   0x08002aa8   0x00000102   Code   RO         1569    x$fpl$fmul          fz_ws.l(fmul.o)
    0x08002baa   0x08002baa   0x0000008c   Code   RO         1585    x$fpl$fnaninf       fz_ws.l(fnaninf.o)
    0x08002c36   0x08002c36   0x0000000a   Code   RO         1587    x$fpl$fretinf       fz_ws.l(fretinf.o)
    0x08002c40   0x08002c40   0x00000004   Code   RO         1571    x$fpl$printf1       fz_ws.l(printf1.o)
    0x08002c44   0x08002c44   0x00000000   Code   RO         1589    x$fpl$usenofp       fz_ws.l(usenofp.o)
    0x08002c44   0x08002c44   0x00000028   Data   RO         1504    .constdata          c_w.l(_printf_hex_int.o)
    0x08002c6c   0x08002c6c   0x00000094   Data   RO         1617    .constdata          c_w.l(bigflt0.o)
    0x08002d00   0x08002d00   0x00000020   Data   RO         1789    Region$$Table       anon$$obj.o
    0x08002d20   0x08002d20   0x0000001c   Data   RO         1645    locale$$data        c_w.l(lc_numeric_c.o)


    Execution Region RW_IRAM1 (Exec base: 0x20000000, Load base: 0x08002d3c, Size: 0x000006c8, Max: 0x00005000, ABSOLUTE)

    Exec Addr    Load Addr    Size         Type   Attr      Idx    E Section Name        Object

    0x20000000   0x08002d3c   0x00000008   Data   RW          151    .data               icm20602.o
    0x20000008   0x08002d44   0x00000004   Data   RW          239    .data               ak8975.o
    0x2000000c   0x08002d48   0x00000024   Data   RW          310    .data               spl06.o
    0x20000030   0x08002d6c   0x00000008   Data   RW          559    .data               delay.o
    0x20000038   0x08002d74   0x00000004   Data   RW          618    .data               retarget.o
    0x2000003c   0x08002d78   0x00000014   Data   RW          910    .data               stm32f10x_rcc.o
    0x20000050   0x08002d8c   0x00000014   Data   RW         1449    .data               system_stm32f10x.o
    0x20000064        -       0x00000060   Zero   RW         1653    .bss                c_w.l(libspace.o)
    0x200000c4   0x08002da0   0x00000004   PAD
    0x200000c8        -       0x00000200   Zero   RW         1436    HEAP                startup_stm32f10x_md.o
    0x200002c8        -       0x00000400   Zero   RW         1435    STACK               startup_stm32f10x_md.o


==============================================================================

Image component sizes


      Code (inc. data)   RO Data    RW Data    ZI Data      Debug   Object Name

       428        100          0          4          0       4850   ak8975.o
       234         34          0          8          0      27150   delay.o
        96          0          0          0          0       1930   gpio.o
       856        148          0          8          0       8239   icm20602.o
       312         48          0          0          0     239211   main.o
       152         30          0          0          0       2261   misc.o
        22          0          0          4          0       2734   retarget.o
       338         30          0          0          0       3083   spi.o
      1328        314          0         36          0       4881   spl06.o
        64         26        236          0       1536        832   startup_stm32f10x_md.o
       278          0          0          0          0       2080   stm32f10x_gpio.o
       276         32          0         20          0       4606   stm32f10x_rcc.o
        84          0          0          0          0       2285   stm32f10x_spi.o
       442          6          0          0          0       6489   stm32f10x_usart.o
        44          6          0          0          0        495   sys.o
       328         28          0         20          0       2345   system_stm32f10x.o
       200         20          0          0          0       1535   usart.o

    ----------------------------------------------------------------------
      5488        822        268        100       1536     315006   Object Totals
         0          0         32          0          0          0   (incl. Generated)
         6          0          0          0          0          0   (incl. Padding)

    ----------------------------------------------------------------------

      Code (inc. data)   RO Data    RW Data    ZI Data      Debug   Library Member Name

         8          0          0          0          0         68   __main.o
       104          0          0          0          0         84   __printf.o
         0          0          0          0          0          0   __rtentry.o
        12          0          0          0          0          0   __rtentry2.o
         6          0          0          0          0          0   __rtentry4.o
        52          8          0          0          0          0   __scatter.o
        26          0          0          0          0          0   __scatter_copy.o
        28          0          0          0          0          0   __scatter_zi.o
        48          6          0          0          0         96   _printf_char_common.o
        36          4          0          0          0         80   _printf_char_file.o
         6          0          0          0          0          0   _printf_d.o
       120         16          0          0          0         92   _printf_dec.o
         6          0          0          0          0          0   _printf_f.o
      1054          0          0          0          0        216   _printf_fp_dec.o
       128         16          0          0          0         84   _printf_fp_infnan.o
        88          4         40          0          0         88   _printf_hex_int.o
       178          0          0          0          0         88   _printf_intcommon.o
         0          0          0          0          0          0   _printf_percent.o
         4          0          0          0          0          0   _printf_percent_end.o
         6          0          0          0          0          0   _printf_x.o
       228          4        148          0          0         96   bigflt0.o
      1936        128          0          0          0        672   btod.o
        18          0          0          0          0         80   exit.o
         8          0          0          0          0         68   ferror.o
         6          0          0          0          0        152   heapauxi.o
        44         10         28          0          0         76   lc_numeric_c.o
         2          0          0          0          0          0   libinit.o
        18          0          0          0          0          0   libinit2.o
         2          0          0          0          0          0   libshutdown.o
         2          0          0          0          0          0   libshutdown2.o
         8          4          0          0         96         68   libspace.o
       138          0          0          0          0         80   lludiv10.o
        24          4          0          0          0         84   noretval__2printf.o
        44          4          0          0          0         84   puts.o
         8          4          0          0          0         68   rt_locale_intlibspace.o
         2          0          0          0          0          0   rtexit.o
        10          0          0          0          0          0   rtexit2.o
       128          0          0          0          0         68   strcmpv7m.o
        74          0          0          0          0         80   sys_stackheap_outer.o
         2          0          0          0          0         68   use_no_semi.o
         2          0          0          0          0         68   use_no_semi_2.o
        12          0          0          0          0         68   dretinf.o
        86          4          0          0          0         84   f2d.o
       388         76          0          0          0         96   fdiv.o
        48          0          0          0          0         68   fflt_clz.o
       258          4          0          0          0         84   fmul.o
       140          4          0          0          0         84   fnaninf.o
        10          0          0          0          0         68   fretinf.o
         4          0          0          0          0         68   printf1.o
         0          0          0          0          0          0   usenofp.o
        40          0          0          0          0         68   fpclassify.o

    ----------------------------------------------------------------------
      5608        300        216          0        100       3396   Library Totals
         8          0          0          0          4          0   (incl. Padding)

    ----------------------------------------------------------------------

      Code (inc. data)   RO Data    RW Data    ZI Data      Debug   Library Name

      4614        212        216          0         96       2708   c_w.l
       946         88          0          0          0        620   fz_ws.l
        40          0          0          0          0         68   m_ws.l

    ----------------------------------------------------------------------
      5608        300        216          0        100       3396   Library Totals

    ----------------------------------------------------------------------

==============================================================================


      Code (inc. data)   RO Data    RW Data    ZI Data      Debug   

     11096       1122        484        100       1636     313406   Grand Totals
     11096       1122        484        100       1636     313406   ELF Image Totals
     11096       1122        484        100          0          0   ROM Totals

==============================================================================

    Total RO  Size (Code + RO Data)                11580 (  11.31kB)
    Total RW  Size (RW Data + ZI Data)              1736 (   1.70kB)
    Total ROM Size (Code + RO Data + RW Data)      11680 (  11.41kB)

==============================================================================

