Component: ARM Compiler 5.06 update 5 (build 528) Tool: armlink [4d35e2]

==============================================================================

Section Cross References

    delay.o(i.SysTick_Handler) refers to delay.o(.data) for sysTickUptime
    delay.o(i.delay_init) refers to system_stm32f10x.o(.data) for SystemCoreClock
    delay.o(i.delay_init) refers to delay.o(.data) for usTicks
    delay.o(i.delay_ms) refers to delay.o(i.micros) for micros
    delay.o(i.delay_us) refers to delay.o(i.micros) for micros
    delay.o(i.micros) refers to delay.o(.data) for sysTickUptime
    gpio.o(i.gpio_mode_af) refers to stm32f10x_gpio.o(i.GPIO_Init) for GPIO_Init
    gpio.o(i.gpio_mode_in) refers to stm32f10x_gpio.o(i.GPIO_Init) for GPIO_Init
    gpio.o(i.gpio_mode_out) refers to stm32f10x_gpio.o(i.GPIO_Init) for GPIO_Init
    icm20602.o(i.icm20602_get_acc_gyro_adc) refers to icm20602.o(i.icm20602_read_buffer) for icm20602_read_buffer
    icm20602.o(i.icm20602_get_acc_gyro_raw) refers to icm20602.o(i.icm20602_get_acc_gyro_adc) for icm20602_get_acc_gyro_adc
    icm20602.o(i.icm20602_get_acc_gyro_raw) refers to fflt_clz.o(x$fpl$fflt) for __aeabi_i2f
    icm20602.o(i.icm20602_get_acc_gyro_raw) refers to fmul.o(x$fpl$fmul) for __aeabi_fmul
    icm20602.o(i.icm20602_get_acc_gyro_raw) refers to icm20602.o(.data) for _accel_scale
    icm20602.o(i.icm20602_init) refers to _printf_percent.o(.ARM.Collect$$_printf_percent$$00000000) for _printf_percent
    icm20602.o(i.icm20602_init) refers to _printf_x.o(.ARM.Collect$$_printf_percent$$0000000C) for _printf_x
    icm20602.o(i.icm20602_init) refers to _printf_hex_int.o(.text) for _printf_longlong_hex
    icm20602.o(i.icm20602_init) refers to icm20602.o(i.icm20602_write_reg) for icm20602_write_reg
    icm20602.o(i.icm20602_init) refers to puts.o(.text) for puts
    icm20602.o(i.icm20602_init) refers to delay.o(i.delay_ms) for delay_ms
    icm20602.o(i.icm20602_init) refers to icm20602.o(i.icm20602_read_reg) for icm20602_read_reg
    icm20602.o(i.icm20602_init) refers to noretval__2printf.o(.text) for __2printf
    icm20602.o(i.icm20602_init) refers to icm20602.o(i.icm20602_set_accel_fullscale) for icm20602_set_accel_fullscale
    icm20602.o(i.icm20602_init) refers to icm20602.o(i.icm20602_set_gyro_fullscale) for icm20602_set_gyro_fullscale
    icm20602.o(i.icm20602_read_buffer) refers to spi.o(i.spi2_read_reg_buffer) for spi2_read_reg_buffer
    icm20602.o(i.icm20602_read_reg) refers to spi.o(i.spi2_read_reg) for spi2_read_reg
    icm20602.o(i.icm20602_set_accel_fullscale) refers to fmul.o(x$fpl$fmul) for __aeabi_fmul
    icm20602.o(i.icm20602_set_accel_fullscale) refers to icm20602.o(i.icm20602_write_reg) for icm20602_write_reg
    icm20602.o(i.icm20602_set_accel_fullscale) refers to icm20602.o(.data) for _accel_scale
    icm20602.o(i.icm20602_set_gyro_fullscale) refers to icm20602.o(i.icm20602_write_reg) for icm20602_write_reg
    icm20602.o(i.icm20602_set_gyro_fullscale) refers to icm20602.o(.data) for _gyro_scale
    icm20602.o(i.icm20602_write_reg) refers to spi.o(i.spi2_write_reg) for spi2_write_reg
    main.o(i.main) refers to misc.o(i.NVIC_PriorityGroupConfig) for NVIC_PriorityGroupConfig
    main.o(i.main) refers to misc.o(i.NVIC_SetVectorTable) for NVIC_SetVectorTable
    main.o(i.main) refers to delay.o(i.delay_init) for delay_init
    main.o(i.main) refers to time.o(i.time_init) for time_init
    main.o(i.main) refers to usart.o(i.usart1_init) for usart1_init
    main.o(i.main) refers to spi.o(i.spi2_init) for spi2_init
    main.o(i.main) refers to icm20602.o(i.icm20602_init) for icm20602_init
    main.o(i.main) refers to oled.o(i.oled_init) for oled_init
    main.o(i.main) refers to oled.o(i.oled_clear) for oled_clear
    main.o(i.main) refers to noretval__2sprintf.o(.text) for __2sprintf
    main.o(i.main) refers to oled.o(i.oled_show_string) for oled_show_string
    main.o(i.main) refers to ndof.o(i.NDOF_Init) for NDOF_Init
    main.o(i.main) refers to doordetection.o(i.door_detection) for door_detection
    oled.o(i.oled_clear) refers to oled.o(i.oled_write_byte) for oled_write_byte
    oled.o(i.oled_display_off) refers to oled.o(i.oled_write_byte) for oled_write_byte
    oled.o(i.oled_display_on) refers to oled.o(i.oled_write_byte) for oled_write_byte
    oled.o(i.oled_init) refers to stm32f10x_rcc.o(i.RCC_APB2PeriphClockCmd) for RCC_APB2PeriphClockCmd
    oled.o(i.oled_init) refers to stm32f10x_gpio.o(i.GPIO_Init) for GPIO_Init
    oled.o(i.oled_init) refers to stm32f10x_gpio.o(i.GPIO_SetBits) for GPIO_SetBits
    oled.o(i.oled_init) refers to delay.o(i.delay_ms) for delay_ms
    oled.o(i.oled_init) refers to oled.o(i.oled_write_byte) for oled_write_byte
    oled.o(i.oled_init) refers to oled.o(i.oled_clear) for oled_clear
    oled.o(i.oled_init) refers to oled.o(i.oled_set_pos) for oled_set_pos
    oled.o(i.oled_set_pos) refers to oled.o(i.oled_write_byte) for oled_write_byte
[...]
    i.NDOF_GetCorGyroData                    0x08002634   Section        0  ndof.o(i.NDOF_GetCorGyroData)
    i.NDOF_GetEulerAngle                     0x08002674   Section        0  ndof.o(i.NDOF_GetEulerAngle)
    i.NDOF_GetFiltAccData                    0x080026b4   Section        0  ndof.o(i.NDOF_GetFiltAccData)
    i.NDOF_GetGyroBias                       0x08002710   Section        0  ndof.o(i.NDOF_GetGyroBias)
    i.NDOF_GetRawAccData                     0x08002750   Section        0  ndof.o(i.NDOF_GetRawAccData)
    i.NDOF_GetRawGyroData                    0x080027a8   Section        0  ndof.o(i.NDOF_GetRawGyroData)
    i.NDOF_Init                              0x080027e4   Section        0  ndof.o(i.NDOF_Init)
    i.NDOF_IsAccCalibrated                   0x080028cc   Section        0  ndof.o(i.NDOF_IsAccCalibrated)
    i.NDOF_IsAccDynamic                      0x080028d8   Section        0  ndof.o(i.NDOF_IsAccDynamic)
    i.NDOF_IsGyroCalibrated                  0x080028e4   Section        0  ndof.o(i.NDOF_IsGyroCalibrated)
    i.NDOF_IsGyroDynamic                     0x080028f0   Section        0  ndof.o(i.NDOF_IsGyroDynamic)
    i.NDOF_Reset                             0x080028fc   Section        0  ndof.o(i.NDOF_Reset)
    i.NVIC_Init                              0x08002a44   Section        0  misc.o(i.NVIC_Init)
    i.NVIC_PriorityGroupConfig               0x08002ab4   Section        0  misc.o(i.NVIC_PriorityGroupConfig)
    i.NVIC_SetVectorTable                    0x08002ac8   Section        0  misc.o(i.NVIC_SetVectorTable)
    i.QuatMultiplication                     0x08002adc   Section        0  ndof.o(i.QuatMultiplication)
    i.QuatNormalization                      0x08002bec   Section        0  ndof.o(i.QuatNormalization)
    i.RCC_APB1PeriphClockCmd                 0x08002cb0   Section        0  stm32f10x_rcc.o(i.RCC_APB1PeriphClockCmd)
    i.RCC_APB2PeriphClockCmd                 0x08002cd0   Section        0  stm32f10x_rcc.o(i.RCC_APB2PeriphClockCmd)
    i.RCC_GetClocksFreq                      0x08002cf0   Section        0  stm32f10x_rcc.o(i.RCC_GetClocksFreq)
    i.Round                                  0x08002dc4   Section        0  ndof.o(i.Round)
    i.SPI_Cmd                                0x08002dfc   Section        0  stm32f10x_spi.o(i.SPI_Cmd)
    i.SPI_Init                               0x08002e14   Section        0  stm32f10x_spi.o(i.SPI_Init)
    i.SetSysClock                            0x08002e50   Section        0  system_stm32f10x.o(i.SetSysClock)
    SetSysClock                              0x08002e51   Thumb Code     8  system_stm32f10x.o(i.SetSysClock)
    i.SetSysClockTo72                        0x08002e58   Section        0  system_stm32f10x.o(i.SetSysClockTo72)
    SetSysClockTo72                          0x08002e59   Thumb Code   214  system_stm32f10x.o(i.SetSysClockTo72)
    i.SysTick_Handler                        0x08002f38   Section        0  delay.o(i.SysTick_Handler)
    i.SystemInit                             0x08002f48   Section        0  system_stm32f10x.o(i.SystemInit)
    i.TIM2_IRQHandler                        0x08002fa8   Section        0  time.o(i.TIM2_IRQHandler)
    i.TIM_ClearFlag                          0x08002fcc   Section        0  stm32f10x_tim.o(i.TIM_ClearFlag)
    i.TIM_Cmd                                0x08002fd2   Section        0  stm32f10x_tim.o(i.TIM_Cmd)
    i.TIM_GetFlagStatus                      0x08002fea   Section        0  stm32f10x_tim.o(i.TIM_GetFlagStatus)
    i.TIM_ITConfig                           0x08002ffc   Section        0  stm32f10x_tim.o(i.TIM_ITConfig)
    i.TIM_TimeBaseInit                       0x08003010   Section        0  stm32f10x_tim.o(i.TIM_TimeBaseInit)
    i.USART1_IRQHandler                      0x080030b4   Section        0  usart.o(i.USART1_IRQHandler)
    i.USART_Cmd                              0x080030d0   Section        0  stm32f10x_usart.o(i.USART_Cmd)
    i.USART_GetFlagStatus                    0x080030e8   Section        0  stm32f10x_usart.o(i.USART_GetFlagStatus)
    i.USART_GetITStatus                      0x08003102   Section        0  stm32f10x_usart.o(i.USART_GetITStatus)
    i.USART_ITConfig                         0x08003156   Section        0  stm32f10x_usart.o(i.USART_ITConfig)
    i.USART_Init                             0x080031a0   Section        0  stm32f10x_usart.o(i.USART_Init)
    i.USART_ReceiveData                      0x08003278   Section        0  stm32f10x_usart.o(i.USART_ReceiveData)
    i.USART_SendData                         0x08003282   Section        0  stm32f10x_usart.o(i.USART_SendData)
    i.UpdateOffsetStepwise                   0x0800328c   Section        0  ndof.o(i.UpdateOffsetStepwise)
    i.UpdateOrientation                      0x08003320   Section        0  ndof.o(i.UpdateOrientation)
    i.__ARM_fpclassify                       0x08003488   Section        0  fpclassify.o(i.__ARM_fpclassify)
    i.__ARM_fpclassifyf                      0x080034b0   Section        0  fpclassifyf.o(i.__ARM_fpclassifyf)
    i.__mathlib_flt_infnan                   0x080034d6   Section        0  funder.o(i.__mathlib_flt_infnan)
    i.__mathlib_flt_infnan2                  0x080034dc   Section        0  funder.o(i.__mathlib_flt_infnan2)
    i.__mathlib_flt_invalid                  0x080034e0   Section        0  funder.o(i.__mathlib_flt_invalid)
    i.__mathlib_flt_underflow                0x080034e8   Section        0  funder.o(i.__mathlib_flt_underflow)
    i.__mathlib_rredf2                       0x080034f4   Section        0  rredf.o(i.__mathlib_rredf2)
    i._is_digit                              0x0800365c   Section        0  __printf_wp.o(i._is_digit)
    i._sys_exit                              0x0800366a   Section        0  usart.o(i._sys_exit)
    i.acosf                                  0x08003670   Section        0  acosf.o(i.acosf)
    i.atan2f                                 0x0800378c   Section        0  atan2f.o(i.atan2f)
    i.ceilf                                  0x080039e8   Section        0  ceilf.o(i.ceilf)
    i.cosf                                   0x08003a60   Section        0  cosf.o(i.cosf)
    i.delay_init                             0x08003bdc   Section        0  delay.o(i.delay_init)
    i.delay_ms                               0x08003c50   Section        0  delay.o(i.delay_ms)
    i.door_detection                         0x08003c74   Section        0  doordetection.o(i.door_detection)
    i.floor                                  0x080040d0   Section        0  floor.o(i.floor)
    i.floorf                                 0x080041ac   Section        0  floorf.o(i.floorf)
    i.fputc                                  0x08004228   Section        0  usart.o(i.fputc)
    i.gpio_mode_af                           0x08004238   Section        0  gpio.o(i.gpio_mode_af)
    i.gpio_mode_in                           0x08004258   Section        0  gpio.o(i.gpio_mode_in)
    i.gpio_mode_out                          0x08004278   Section        0  gpio.o(i.gpio_mode_out)
    i.icm20602_get_acc_gyro_adc              0x08004298   Section        0  icm20602.o(i.icm20602_get_acc_gyro_adc)
    i.icm20602_init                          0x08004324   Section        0  icm20602.o(i.icm20602_init)
    i.icm20602_read_buffer                   0x080043d8   Section        0  icm20602.o(i.icm20602_read_buffer)
    i.icm20602_read_reg                      0x08004404   Section        0  icm20602.o(i.icm20602_read_reg)
    i.icm20602_set_accel_fullscale           0x0800442c   Section        0  icm20602.o(i.icm20602_set_accel_fullscale)
    i.icm20602_set_gyro_fullscale            0x08004498   Section        0  icm20602.o(i.icm20602_set_gyro_fullscale)
    i.icm20602_write_reg                     0x080044fc   Section        0  icm20602.o(i.icm20602_write_reg)
    i.main                                   0x08004524   Section        0  main.o(i.main)
    i.micros                                 0x080045a0   Section        0  delay.o(i.micros)
    i.millis                                 0x080045e4   Section        0  time.o(i.millis)
    i.myputc                                 0x080045f0   Section        0  usart.o(i.myputc)
    i.oled_clear                             0x08004610   Section        0  oled.o(i.oled_clear)
    i.oled_init                              0x08004650   Section        0  oled.o(i.oled_init)
    i.oled_set_pos                           0x080047a0   Section        0  oled.o(i.oled_set_pos)
    i.oled_show_char                         0x080047d0   Section        0  oled.o(i.oled_show_char)
    i.oled_show_string                       0x0800486c   Section        0  oled.o(i.oled_show_string)
    i.oled_write_byte                        0x0800488c   Section        0  oled.o(i.oled_write_byte)
    i.sinf                                   0x080048f8   Section        0  sinf.o(i.sinf)
    i.spi2_init                              0x08004a80   Section        0  spi.o(i.spi2_init)
    i.spi2_read_reg                          0x08004b48   Section        0  spi.o(i.spi2_read_reg)
    i.spi2_read_reg_buffer                   0x08004b5c   Section        0  spi.o(i.spi2_read_reg_buffer)
    i.spi2_read_write_byte                   0x08004b88   Section        0  spi.o(i.spi2_read_write_byte)
    i.spi2_write_reg                         0x08004bbc   Section        0  spi.o(i.spi2_write_reg)
    i.sqrt                                   0x08004bd4   Section        0  sqrt.o(i.sqrt)
    i.sqrtf                                  0x08004c20   Section        0  sqrtf.o(i.sqrtf)
    i.time_init                              0x08004c4c   Section        0  time.o(i.time_init)
    i.usart1_init                            0x08004cb4   Section        0  usart.o(i.usart1_init)
    locale$$code                             0x08004d40   Section       44  lc_numeric_c.o(locale$$code)
    x$fpl$d2f                                0x08004d6c   Section       98  d2f.o(x$fpl$d2f)
    x$fpl$dadd                               0x08004dd0   Section      336  daddsub_clz.o(x$fpl$dadd)
    _dadd1                                   0x08004de1   Thumb Code     0  daddsub_clz.o(x$fpl$dadd)
    x$fpl$dcmpinf                            0x08004f20   Section       24  dcmpi.o(x$fpl$dcmpinf)
    x$fpl$ddiv                               0x08004f38   Section      688  ddiv.o(x$fpl$ddiv)
    ddiv_entry                               0x08004f3f   Thumb Code     0  ddiv.o(x$fpl$ddiv)
    x$fpl$dfltu                              0x080051e8   Section       38  dflt_clz.o(x$fpl$dfltu)
    x$fpl$dleqf                              0x08005210   Section      120  dleqf.o(x$fpl$dleqf)
    x$fpl$dmul                               0x08005288   Section      340  dmul.o(x$fpl$dmul)
    x$fpl$dnaninf                            0x080053dc   Section      156  dnaninf.o(x$fpl$dnaninf)
    x$fpl$dretinf                            0x08005478   Section       12  dretinf.o(x$fpl$dretinf)
    x$fpl$drleqf                             0x08005484   Section      108  drleqf.o(x$fpl$drleqf)
    x$fpl$drsb                               0x080054f0   Section       22  daddsub_clz.o(x$fpl$drsb)
    x$fpl$dsqrt                              0x08005508   Section      460  dsqrt_noumaal.o(x$fpl$dsqrt)
    x$fpl$dsub                               0x080056d4   Section      468  daddsub_clz.o(x$fpl$dsub)
    _dsub1                                   0x080056e5   Thumb Code     0  daddsub_clz.o(x$fpl$dsub)
    x$fpl$f2d                                0x080058a8   Section       86  f2d.o(x$fpl$f2d)
    x$fpl$fadd                               0x08005900   Section      196  faddsub_clz.o(x$fpl$fadd)
    _fadd1                                   0x0800590f   Thumb Code     0  faddsub_clz.o(x$fpl$fadd)
    x$fpl$fcheck1                            0x080059c4   Section       12  fcheck1.o(x$fpl$fcheck1)
    x$fpl$fcmpinf                            0x080059d0   Section       24  fcmpi.o(x$fpl$fcmpinf)
    x$fpl$fdiv                               0x080059e8   Section      388  fdiv.o(x$fpl$fdiv)
    _fdiv1                                   0x080059e9   Thumb Code     0  fdiv.o(x$fpl$fdiv)
    x$fpl$feqf                               0x08005b6c   Section      104  feqf.o(x$fpl$feqf)
    x$fpl$ffix                               0x08005bd4   Section       54  ffix.o(x$fpl$ffix)
    x$fpl$fflt                               0x08005c0c   Section       48  fflt_clz.o(x$fpl$fflt)
    x$fpl$ffltll                             0x08005c3c   Section       96  ffltll_clz.o(x$fpl$ffltll)
    x$fpl$ffltu                              0x08005c9c   Section       38  fflt_clz.o(x$fpl$ffltu)
    x$fpl$fleqf                              0x08005cc4   Section      104  fleqf.o(x$fpl$fleqf)
    x$fpl$fmul                               0x08005d2c   Section      258  fmul.o(x$fpl$fmul)
    x$fpl$fnaninf                            0x08005e2e   Section      140  fnaninf.o(x$fpl$fnaninf)
    x$fpl$fretinf                            0x08005eba   Section       10  fretinf.o(x$fpl$fretinf)
    x$fpl$frleqf                             0x08005ec4   Section       98  frleqf.o(x$fpl$frleqf)
    x$fpl$frnd                               0x08005f28   Section       96  frnd.o(x$fpl$frnd)
    x$fpl$frsb                               0x08005f88   Section       20  faddsub_clz.o(x$fpl$frsb)
    x$fpl$fsqrt                              0x08005f9c   Section      272  fsqrt.o(x$fpl$fsqrt)
    x$fpl$fsub                               0x080060ac   Section      234  faddsub_clz.o(x$fpl$fsub)
    _fsub1                                   0x080060bb   Thumb Code     0  faddsub_clz.o(x$fpl$fsub)
    x$fpl$printf1                            0x08006196   Section        4  printf1.o(x$fpl$printf1)
    x$fpl$retnan                             0x0800619a   Section      100  retnan.o(x$fpl$retnan)
    x$fpl$scalbnf                            0x080061fe   Section       76  scalbnf.o(x$fpl$scalbnf)
    x$fpl$trapveneer                         0x0800624a   Section       48  trapv.o(x$fpl$trapveneer)
    .constdata                               0x0800627a   Section     2072  oled.o(.constdata)
    x$fpl$usenofp                            0x0800627a   Section        0  usenofp.o(x$fpl$usenofp)
    .constdata                               0x08006a92   Section       14  ndof.o(.constdata)
    .constdata                               0x08006aa0   Section       40  _printf_hex_int.o(.constdata)
    uc_hextab                                0x08006aa0   Data          20  _printf_hex_int.o(.constdata)
    lc_hextab                                0x08006ab4   Data          20  _printf_hex_int.o(.constdata)
    .constdata                               0x08006ac8   Section       32  rredf.o(.constdata)
    twooverpi                                0x08006ac8   Data          32  rredf.o(.constdata)
    .constdata                               0x08006ae8   Section      148  bigflt0.o(.constdata)
    tenpwrs_x                                0x08006ae8   Data          60  bigflt0.o(.constdata)
    tenpwrs_i                                0x08006b24   Data          64  bigflt0.o(.constdata)
    locale$$data                             0x08006b9c   Section       28  lc_numeric_c.o(locale$$data)
    __lcnum_c_name                           0x08006ba0   Data           2  lc_numeric_c.o(locale$$data)
    __lcnum_c_start                          0x08006ba8   Data           0  lc_numeric_c.o(locale$$data)
    __lcnum_c_point                          0x08006bb4   Data           0  lc_numeric_c.o(locale$$data)
    __lcnum_c_thousands                      0x08006bb6   Data           0  lc_numeric_c.o(locale$$data)
    __lcnum_c_grouping                       0x08006bb7   Data           0  lc_numeric_c.o(locale$$data)
    __lcnum_c_end                            0x08006bb8   Data           0  lc_numeric_c.o(locale$$data)
    .data                                    0x20000000   Section        8  delay.o(.data)
    usTicks                                  0x20000000   Data           4  delay.o(.data)
    sysTickUptime                            0x20000004   Data           4  delay.o(.data)
    .data                                    0x20000008   Section        8  icm20602.o(.data)
    .data                                    0x20000010   Section        4  time.o(.data)
    .data                                    0x20000014   Section        4  usart.o(.data)
    .data                                    0x20000018   Section       20  stm32f10x_rcc.o(.data)
    APBAHBPrescTable                         0x20000018   Data          16  stm32f10x_rcc.o(.data)
    ADCPrescTable                            0x20000028   Data           4  stm32f10x_rcc.o(.data)
    .data                                    0x2000002c   Section       20  system_stm32f10x.o(.data)
    .bss                                     0x20000040   Section      432  ndof.o(.bss)
    .bss                                     0x200001f0   Section      272  doordetection.o(.bss)
    .bss                                     0x20000300   Section       96  libspace.o(.bss)
    HEAP                                     0x20000360   Section      512  startup_stm32f10x_md.o(HEAP)
    Heap_Mem                                 0x20000360   Data         512  startup_stm32f10x_md.o(HEAP)
    STACK                                    0x20000560   Section     1024  startup_stm32f10x_md.o(STACK)
    Stack_Mem                                0x20000560   Data        1024  startup_stm32f10x_md.o(STACK)
    __initial_sp                             0x20000960   Data           0  startup_stm32f10x_md.o(STACK)

    Global Symbols

    Symbol Name                              Value     Ov Type        Size  Object(Section)

    BuildAttributes$$THM_ISAv4$P$D$K$B$S$PE$A:L22UL41UL21$X:L11$S22US41US21$IEEE1$IW$USESV6$~STKCKD$USESV7$~SHL$OTIME$ROPI$IEEEX$EBA8$UX$STANDARDLIB$REQ8$PRES8$EABIv2 0x00000000   Number         0  anon$$obj.o ABSOLUTE
    __ARM_use_no_argv                        0x00000000   Number         0  main.o ABSOLUTE
    _printf_flags                            0x00000000   Number         0  printf_stubs.o ABSOLUTE
    _printf_return_value                     0x00000000   Number         0  printf_stubs.o ABSOLUTE
    _printf_sizespec                         0x00000000   Number         0  printf_stubs.o ABSOLUTE
    _printf_widthprec                        0x00000000   Number         0  printf_stubs.o ABSOLUTE
    __ARM_exceptions_init                     - Undefined Weak Reference
    __alloca_initialize                       - Undefined Weak Reference
    __arm_preinit_                            - Undefined Weak Reference
    __cpp_initialize__aeabi_                  - Undefined Weak Reference
    __cxa_finalize                            - Undefined Weak Reference
    __sigvec_lookup                           - Undefined Weak Reference
    _atexit_init                              - Undefined Weak Reference
    _call_atexit_fns                          - Undefined Weak Reference
    _clock_init                               - Undefined Weak Reference
    _fp_trap_init                             - Undefined Weak Reference
    _fp_trap_shutdown                         - Undefined Weak Reference
    _get_lc_collate                           - Undefined Weak Reference
    _get_lc_ctype                             - Undefined Weak Reference
    _get_lc_monetary                          - Undefined Weak Reference
    _get_lc_time                              - Undefined Weak Reference
    _getenv_init                              - Undefined Weak Reference
    _handle_redirection                       - Undefined Weak Reference
    _init_alloc                               - Undefined Weak Reference
    _init_user_alloc                          - Undefined Weak Reference
    _initio                                   - Undefined Weak Reference
    _mutex_acquire                            - Undefined Weak Reference
    _mutex_release                            - Undefined Weak Reference
    _printf_post_padding                      - Undefined Weak Reference
    _printf_pre_padding                       - Undefined Weak Reference
    _printf_truncate_signed                   - Undefined Weak Reference
    _printf_truncate_unsigned                 - Undefined Weak Reference
    _rand_init                                - Undefined Weak Reference
    _signal_finish                            - Undefined Weak Reference
    _signal_init                              - Undefined Weak Reference
    _terminate_alloc                          - Undefined Weak Reference
    _terminate_user_alloc                     - Undefined Weak Reference
    _terminateio                              - Undefined Weak Reference
    __Vectors_Size                           0x000000ec   Number         0  startup_stm32f10x_md.o ABSOLUTE
    __Vectors                                0x08000000   Data           4  startup_stm32f10x_md.o(RESET)
    __Vectors_End                            0x080000ec   Data           0  startup_stm32f10x_md.o(RESET)
    __main                                   0x080000ed   Thumb Code     8  __main.o(!!!main)
    __scatterload                            0x080000f5   Thumb Code     0  __scatter.o(!!!scatter)
    __scatterload_rt2                        0x080000f5   Thumb Code    44  __scatter.o(!!!scatter)
    __scatterload_rt2_thumb_only             0x080000f5   Thumb Code     0  __scatter.o(!!!scatter)
    __scatterload_null                       0x08000103   Thumb Code     0  __scatter.o(!!!scatter)
    __scatterload_copy                       0x08000129   Thumb Code    26  __scatter_copy.o(!!handler_copy)
    __scatterload_zeroinit                   0x08000145   Thumb Code    28  __scatter_zi.o(!!handler_zi)
    _printf_f                                0x08000161   Thumb Code     0  _printf_f.o(.ARM.Collect$$_printf_percent$$00000003)
    _printf_percent                          0x08000161   Thumb Code     0  _printf_percent.o(.ARM.Collect$$_printf_percent$$00000000)
    _printf_d                                0x08000167   Thumb Code     0  _printf_d.o(.ARM.Collect$$_printf_percent$$00000009)
    _printf_x                                0x0800016d   Thumb Code     0  _printf_x.o(.ARM.Collect$$_printf_percent$$0000000C)
    _printf_percent_end                      0x08000173   Thumb Code     0  _printf_percent_end.o(.ARM.Collect$$_printf_percent$$00000017)
    __rt_lib_init                            0x08000177   Thumb Code     0  libinit.o(.ARM.Collect$$libinit$$00000000)
    __rt_lib_init_fp_1                       0x08000179   Thumb Code     0  libinit2.o(.ARM.Collect$$libinit$$00000002)
    __rt_lib_init_heap_1                     0x08000179   Thumb Code     0  libinit2.o(.ARM.Collect$$libinit$$0000000A)
    __rt_lib_init_lc_common                  0x08000179   Thumb Code     0  libinit2.o(.ARM.Collect$$libinit$$0000000F)
    __rt_lib_init_preinit_1                  0x08000179   Thumb Code     0  libinit2.o(.ARM.Collect$$libinit$$00000004)
    __rt_lib_init_rand_1                     0x08000179   Thumb Code     0  libinit2.o(.ARM.Collect$$libinit$$0000000E)
    __rt_lib_init_user_alloc_1               0x08000179   Thumb Code     0  libinit2.o(.ARM.Collect$$libinit$$0000000C)
    __rt_lib_init_lc_collate_1               0x0800017f   Thumb Code     0  libinit2.o(.ARM.Collect$$libinit$$00000011)
    __rt_lib_init_lc_ctype_1                 0x0800017f   Thumb Code     0  libinit2.o(.ARM.Collect$$libinit$$00000013)
    __rt_lib_init_lc_monetary_1              0x0800017f   Thumb Code     0  libinit2.o(.ARM.Collect$$libinit$$00000015)
    __rt_lib_init_lc_numeric_2               0x0800017f   Thumb Code     0  libinit2.o(.ARM.Collect$$libinit$$00000016)
    __rt_lib_init_alloca_1                   0x08000189   Thumb Code     0  libinit2.o(.ARM.Collect$$libinit$$0000002E)
    __rt_lib_init_argv_1                     0x08000189   Thumb Code     0  libinit2.o(.ARM.Collect$$libinit$$0000002C)
    __rt_lib_init_atexit_1                   0x08000189   Thumb Code     0  libinit2.o(.ARM.Collect$$libinit$$0000001B)
    __rt_lib_init_clock_1                    0x08000189   Thumb Code     0  libinit2.o(.ARM.Collect$$libinit$$00000021)
    __rt_lib_init_cpp_1                      0x08000189   Thumb Code     0  libinit2.o(.ARM.Collect$$libinit$$00000032)
    __rt_lib_init_exceptions_1               0x08000189   Thumb Code     0  libinit2.o(.ARM.Collect$$libinit$$00000030)
    __rt_lib_init_fp_trap_1                  0x08000189   Thumb Code     0  libinit2.o(.ARM.Collect$$libinit$$0000001F)
    __rt_lib_init_getenv_1                   0x08000189   Thumb Code     0  libinit2.o(.ARM.Collect$$libinit$$00000023)
    __rt_lib_init_lc_numeric_1               0x08000189   Thumb Code     0  libinit2.o(.ARM.Collect$$libinit$$00000017)
    __rt_lib_init_lc_time_1                  0x08000189   Thumb Code     0  libinit2.o(.ARM.Collect$$libinit$$00000019)
    __rt_lib_init_return                     0x08000189   Thumb Code     0  libinit2.o(.ARM.Collect$$libinit$$00000033)
    __rt_lib_init_signal_1                   0x08000189   Thumb Code     0  libinit2.o(.ARM.Collect$$libinit$$0000001D)
    __rt_lib_init_stdio_1                    0x08000189   Thumb Code     0  libinit2.o(.ARM.Collect$$libinit$$00000025)
    __rt_lib_shutdown                        0x0800018b   Thumb Code     0  libshutdown.o(.ARM.Collect$$libshutdown$$00000000)
    __rt_lib_shutdown_cpp_1                  0x0800018d   Thumb Code     0  libshutdown2.o(.ARM.Collect$$libshutdown$$00000002)
    __rt_lib_shutdown_fp_trap_1              0x0800018d   Thumb Code     0  libshutdown2.o(.ARM.Collect$$libshutdown$$00000007)
    __rt_lib_shutdown_heap_1                 0x0800018d   Thumb Code     0  libshutdown2.o(.ARM.Collect$$libshutdown$$0000000F)
    __rt_lib_shutdown_return                 0x0800018d   Thumb Code     0  libshutdown2.o(.ARM.Collect$$libshutdown$$00000010)
    __rt_lib_shutdown_signal_1               0x0800018d   Thumb Code     0  libshutdown2.o(.ARM.Collect$$libshutdown$$0000000A)
    __rt_lib_shutdown_stdio_1                0x0800018d   Thumb Code     0  libshutdown2.o(.ARM.Collect$$libshutdown$$00000004)
    __rt_lib_shutdown_user_alloc_1           0x0800018d   Thumb Code     0  libshutdown2.o(.ARM.Collect$$libshutdown$$0000000C)
    __rt_entry                               0x0800018f   Thumb Code     0  __rtentry.o(.ARM.Collect$$rtentry$$00000000)
    __rt_entry_presh_1                       0x0800018f   Thumb Code     0  __rtentry2.o(.ARM.Collect$$rtentry$$00000002)
    __rt_entry_sh                            0x0800018f   Thumb Code     0  __rtentry4.o(.ARM.Collect$$rtentry$$00000004)
    __rt_entry_li                            0x08000195   Thumb Code     0  __rtentry2.o(.ARM.Collect$$rtentry$$0000000A)
    __rt_entry_postsh_1                      0x08000195   Thumb Code     0  __rtentry2.o(.ARM.Collect$$rtentry$$00000009)
    __rt_entry_main                          0x08000199   Thumb Code     0  __rtentry2.o(.ARM.Collect$$rtentry$$0000000D)
    __rt_entry_postli_1                      0x08000199   Thumb Code     0  __rtentry2.o(.ARM.Collect$$rtentry$$0000000C)
    __rt_exit                                0x080001a1   Thumb Code     0  rtexit.o(.ARM.Collect$$rtexit$$00000000)
    __rt_exit_ls                             0x080001a3   Thumb Code     0  rtexit2.o(.ARM.Collect$$rtexit$$00000003)
    __rt_exit_prels_1                        0x080001a3   Thumb Code     0  rtexit2.o(.ARM.Collect$$rtexit$$00000002)
    __rt_exit_exit                           0x080001a7   Thumb Code     0  rtexit2.o(.ARM.Collect$$rtexit$$00000004)
    Reset_Handler                            0x080001ad   Thumb Code     8  startup_stm32f10x_md.o(.text)
    NMI_Handler                              0x080001b5   Thumb Code     2  startup_stm32f10x_md.o(.text)
    HardFault_Handler                        0x080001b7   Thumb Code     2  startup_stm32f10x_md.o(.text)
    MemManage_Handler                        0x080001b9   Thumb Code     2  startup_stm32f10x_md.o(.text)
    BusFault_Handler                         0x080001bb   Thumb Code     2  startup_stm32f10x_md.o(.text)
    UsageFault_Handler                       0x080001bd   Thumb Code     2  startup_stm32f10x_md.o(.text)
    SVC_Handler                              0x080001bf   Thumb Code     2  startup_stm32f10x_md.o(.text)
    DebugMon_Handler                         0x080001c1   Thumb Code     2  startup_stm32f10x_md.o(.text)
    PendSV_Handler                           0x080001c3   Thumb Code     2  startup_stm32f10x_md.o(.text)
    ADC1_2_IRQHandler                        0x080001c7   Thumb Code     0  startup_stm32f10x_md.o(.text)
    CAN1_RX1_IRQHandler                      0x080001c7   Thumb Code     0  startup_stm32f10x_md.o(.text)
    CAN1_SCE_IRQHandler                      0x080001c7   Thumb Code     0  startup_stm32f10x_md.o(.text)
    DMA1_Channel1_IRQHandler                 0x080001c7   Thumb Code     0  startup_stm32f10x_md.o(.text)
    DMA1_Channel2_IRQHandler                 0x080001c7   Thumb Code     0  startup_stm32f10x_md.o(.text)
    DMA1_Channel3_IRQHandler                 0x080001c7   Thumb Code     0  startup_stm32f10x_md.o(.text)
    DMA1_Channel4_IRQHandler                 0x080001c7   Thumb Code     0  startup_stm32f10x_md.o(.text)
    DMA1_Channel5_IRQHandler                 0x080001c7   Thumb Code     0  startup_stm32f10x_md.o(.text)
    DMA1_Channel6_IRQHandler                 0x080001c7   Thumb Code     0  startup_stm32f10x_md.o(.text)
    DMA1_Channel7_IRQHandler                 0x080001c7   Thumb Code     0  startup_stm32f10x_md.o(.text)
    EXTI0_IRQHandler                         0x080001c7   Thumb Code     0  startup_stm32f10x_md.o(.text)
    EXTI15_10_IRQHandler                     0x080001c7   Thumb Code     0  startup_stm32f10x_md.o(.text)
    EXTI1_IRQHandler                         0x080001c7   Thumb Code     0  startup_stm32f10x_md.o(.text)
    EXTI2_IRQHandler                         0x080001c7   Thumb Code     0  startup_stm32f10x_md.o(.text)
    EXTI3_IRQHandler                         0x080001c7   Thumb Code     0  startup_stm32f10x_md.o(.text)
    EXTI4_IRQHandler                         0x080001c7   Thumb Code     0  startup_stm32f10x_md.o(.text)
    EXTI9_5_IRQHandler                       0x080001c7   Thumb Code     0  startup_stm32f10x_md.o(.text)
    FLASH_IRQHandler                         0x080001c7   Thumb Code     0  startup_stm32f10x_md.o(.text)
    I2C1_ER_IRQHandler                       0x080001c7   Thumb Code     0  startup_stm32f10x_md.o(.text)
    I2C1_EV_IRQHandler                       0x080001c7   Thumb Code     0  startup_stm32f10x_md.o(.text)
    I2C2_ER_IRQHandler                       0x080001c7   Thumb Code     0  startup_stm32f10x_md.o(.text)
    I2C2_EV_IRQHandler                       0x080001c7   Thumb Code     0  startup_stm32f10x_md.o(.text)
    PVD_IRQHandler                           0x080001c7   Thumb Code     0  startup_stm32f10x_md.o(.text)
    RCC_IRQHandler                           0x080001c7   Thumb Code     0  startup_stm32f10x_md.o(.text)
    RTCAlarm_IRQHandler                      0x080001c7   Thumb Code     0  startup_stm32f10x_md.o(.text)
    RTC_IRQHandler                           0x080001c7   Thumb Code     0  startup_stm32f10x_md.o(.text)
    SPI1_IRQHandler                          0x080001c7   Thumb Code     0  startup_stm32f10x_md.o(.text)
    SPI2_IRQHandler                          0x080001c7   Thumb Code     0  startup_stm32f10x_md.o(.text)
    TAMPER_IRQHandler                        0x080001c7   Thumb Code     0  startup_stm32f10x_md.o(.text)
    TIM1_BRK_IRQHandler                      0x080001c7   Thumb Code     0  startup_stm32f10x_md.o(.text)
    TIM1_CC_IRQHandler                       0x080001c7   Thumb Code     0  startup_stm32f10x_md.o(.text)
    TIM1_TRG_COM_IRQHandler                  0x080001c7   Thumb Code     0  startup_stm32f10x_md.o(.text)
    TIM1_UP_IRQHandler                       0x080001c7   Thumb Code     0  startup_stm32f10x_md.o(.text)
    TIM3_IRQHandler                          0x080001c7   Thumb Code     0  startup_stm32f10x_md.o(.text)
    TIM4_IRQHandler                          0x080001c7   Thumb Code     0  startup_stm32f10x_md.o(.text)
    USART2_IRQHandler                        0x080001c7   Thumb Code     0  startup_stm32f10x_md.o(.text)
    USART3_IRQHandler                        0x080001c7   Thumb Code     0  startup_stm32f10x_md.o(.text)
    USBWakeUp_IRQHandler                     0x080001c7   Thumb Code     0  startup_stm32f10x_md.o(.text)
    USB_HP_CAN1_TX_IRQHandler                0x080001c7   Thumb Code     0  startup_stm32f10x_md.o(.text)
    USB_LP_CAN1_RX0_IRQHandler               0x080001c7   Thumb Code     0  startup_stm32f10x_md.o(.text)
    WWDG_IRQHandler                          0x080001c7   Thumb Code     0  startup_stm32f10x_md.o(.text)
    __user_initial_stackheap                 0x080001c9   Thumb Code     0  startup_stm32f10x_md.o(.text)
    __use_no_semihosting                     0x080001ed   Thumb Code     2  use_no_semi_2.o(.text)
    __2printf                                0x080001f1   Thumb Code    20  noretval__2printf.o(.text)
    __2sprintf                               0x08000209   Thumb Code    34  noretval__2sprintf.o(.text)
    _printf_int_dec                          0x08000231   Thumb Code   104  _printf_dec.o(.text)
    _printf_int_hex                          0x080002a9   Thumb Code    84  _printf_hex_int.o(.text)
    _printf_longlong_hex                     0x080002a9   Thumb Code     0  _printf_hex_int.o(.text)
    __printf                                 0x08000301   Thumb Code   270  __printf_wp.o(.text)
    puts                                     0x08000411   Thumb Code    40  puts.o(.text)
    __use_two_region_memory                  0x0800043d   Thumb Code     2  heapauxi.o(.text)
    __rt_heap_escrow$2region                 0x0800043f   Thumb Code     2  heapauxi.o(.text)
    __rt_heap_expand$2region                 0x08000441   Thumb Code     2  heapauxi.o(.text)
    __I$use$semihosting                      0x08000443   Thumb Code     0  use_no_semi.o(.text)
    __use_no_semihosting_swi                 0x08000443   Thumb Code     2  use_no_semi.o(.text)
    __read_errno                             0x08000445   Thumb Code    10  _rserrno.o(.text)
    __set_errno                              0x0800044f   Thumb Code    12  _rserrno.o(.text)
    _printf_int_common                       0x0800045b   Thumb Code   178  _printf_intcommon.o(.text)
    __lib_sel_fp_printf                      0x0800050d   Thumb Code     2  _printf_fp_dec.o(.text)
    _printf_fp_dec_real                      0x080006bf   Thumb Code   620  _printf_fp_dec.o(.text)
    _printf_char_common                      0x08000937   Thumb Code    32  _printf_char_common.o(.text)
    _sputc                                   0x0800095d   Thumb Code    10  _sputc.o(.text)
    _printf_char_file                        0x08000969   Thumb Code    32  _printf_char_file.o(.text)
    __rt_locale                              0x0800098d   Thumb Code     8  rt_locale_intlibspace.o(.text)
    __aeabi_errno_addr                       0x08000995   Thumb Code     8  rt_errno_addr_intlibspace.o(.text)
    __errno$intlibspace                      0x08000995   Thumb Code     0  rt_errno_addr_intlibspace.o(.text)
    __rt_errno_addr$intlibspace              0x08000995   Thumb Code     0  rt_errno_addr_intlibspace.o(.text)
    _ll_udiv10                               0x0800099d   Thumb Code   138  lludiv10.o(.text)
    _printf_fp_infnan                        0x08000a29   Thumb Code   112  _printf_fp_infnan.o(.text)
    _btod_etento                             0x08000aa9   Thumb Code   224  bigflt0.o(.text)
    ferror                                   0x08000b8d   Thumb Code     8  ferror.o(.text)
    __user_libspace                          0x08000b95   Thumb Code     8  libspace.o(.text)
    __user_perproc_libspace                  0x08000b95   Thumb Code     0  libspace.o(.text)
    __user_perthread_libspace                0x08000b95   Thumb Code     0  libspace.o(.text)
    __user_setup_stackheap                   0x08000b9d   Thumb Code    74  sys_stackheap_outer.o(.text)
    exit                                     0x08000be7   Thumb Code    18  exit.o(.text)
    strcmp                                   0x08000bf9   Thumb Code   128  strcmpv7m.o(.text)
    _btod_d2e                                0x08000c79   Thumb Code    62  btod.o(CL$$btod_d2e)
    _d2e_denorm_low                          0x08000cb7   Thumb Code    70  btod.o(CL$$btod_d2e_denorm_low)
    _d2e_norm_op1                            0x08000cfd   Thumb Code    96  btod.o(CL$$btod_d2e_norm_op1)
    __btod_div_common                        0x08000d5d   Thumb Code   696  btod.o(CL$$btod_div_common)
    _e2e                                     0x08001095   Thumb Code   220  btod.o(CL$$btod_e2e)
    _btod_ediv                               0x08001171   Thumb Code    42  btod.o(CL$$btod_ediv)
    _btod_emul                               0x0800119b   Thumb Code    42  btod.o(CL$$btod_emul)
    __btod_mult_common                       0x080011c5   Thumb Code   580  btod.o(CL$$btod_mult_common)
    AddXYZDataToFIFO                         0x08001409   Thumb Code    54  ndof.o(i.AddXYZDataToFIFO)
    GPIO_Init                                0x0800143f   Thumb Code   278  stm32f10x_gpio.o(i.GPIO_Init)
    GPIO_SetBits                             0x08001555   Thumb Code     4  stm32f10x_gpio.o(i.GPIO_SetBits)
    GetEulerAngle                            0x08001559   Thumb Code  1172  ndof.o(i.GetEulerAngle)
    GetGravity                               0x080019f1   Thumb Code   204  ndof.o(i.GetGravity)
    GetMaxFromFIFO                           0x08001abd   Thumb Code    34  ndof.o(i.GetMaxFromFIFO)
    GetMeanFromFIFO                          0x08001adf   Thumb Code    74  ndof.o(i.GetMeanFromFIFO)
    GetMinFromFIFO                           0x08001b29   Thumb Code    34  ndof.o(i.GetMinFromFIFO)
    NDOF_DoStep                              0x08001b4d   Thumb Code  2680  ndof.o(i.NDOF_DoStep)
    NDOF_GetCorAccData                       0x080025d9   Thumb Code    78  ndof.o(i.NDOF_GetCorAccData)
    NDOF_GetCorGyroData                      0x08002635   Thumb Code    56  ndof.o(i.NDOF_GetCorGyroData)
    NDOF_GetEulerAngle                       0x08002675   Thumb Code    56  ndof.o(i.NDOF_GetEulerAngle)
    NDOF_GetFiltAccData                      0x080026b5   Thumb Code    78  ndof.o(i.NDOF_GetFiltAccData)
    NDOF_GetGyroBias                         0x08002711   Thumb Code    56  ndof.o(i.NDOF_GetGyroBias)
    NDOF_GetRawAccData                       0x08002751   Thumb Code    74  ndof.o(i.NDOF_GetRawAccData)
    NDOF_GetRawGyroData                      0x080027a9   Thumb Code    52  ndof.o(i.NDOF_GetRawGyroData)
    NDOF_Init                                0x080027e5   Thumb Code   184  ndof.o(i.NDOF_Init)
    NDOF_IsAccCalibrated                     0x080028cd   Thumb Code     8  ndof.o(i.NDOF_IsAccCalibrated)
    NDOF_IsAccDynamic                        0x080028d9   Thumb Code     8  ndof.o(i.NDOF_IsAccDynamic)
    NDOF_IsGyroCalibrated                    0x080028e5   Thumb Code     8  ndof.o(i.NDOF_IsGyroCalibrated)
    NDOF_IsGyroDynamic                       0x080028f1   Thumb Code     8  ndof.o(i.NDOF_IsGyroDynamic)
    NDOF_Reset                               0x080028fd   Thumb Code   322  ndof.o(i.NDOF_Reset)
    NVIC_Init                                0x08002a45   Thumb Code   100  misc.o(i.NVIC_Init)
    NVIC_PriorityGroupConfig                 0x08002ab5   Thumb Code    10  misc.o(i.NVIC_PriorityGroupConfig)
    NVIC_SetVectorTable                      0x08002ac9   Thumb Code    12  misc.o(i.NVIC_SetVectorTable)
    QuatMultiplication                       0x08002add   Thumb Code   270  ndof.o(i.QuatMultiplication)
    QuatNormalization                        0x08002bed   Thumb Code   192  ndof.o(i.QuatNormalization)
    RCC_APB1PeriphClockCmd                   0x08002cb1   Thumb Code    26  stm32f10x_rcc.o(i.RCC_APB1PeriphClockCmd)
    RCC_APB2PeriphClockCmd                   0x08002cd1   Thumb Code    26  stm32f10x_rcc.o(i.RCC_APB2PeriphClockCmd)
    RCC_GetClocksFreq                        0x08002cf1   Thumb Code   192  stm32f10x_rcc.o(i.RCC_GetClocksFreq)
    Round                                    0x08002dc5   Thumb Code    56  ndof.o(i.Round)
    SPI_Cmd                                  0x08002dfd   Thumb Code    24  stm32f10x_spi.o(i.SPI_Cmd)
    SPI_Init                                 0x08002e15   Thumb Code    60  stm32f10x_spi.o(i.SPI_Init)
    SysTick_Handler                          0x08002f39   Thumb Code    12  delay.o(i.SysTick_Handler)
    SystemInit                               0x08002f49   Thumb Code    78  system_stm32f10x.o(i.SystemInit)
    TIM2_IRQHandler                          0x08002fa9   Thumb Code    32  time.o(i.TIM2_IRQHandler)
    TIM_ClearFlag                            0x08002fcd   Thumb Code     6  stm32f10x_tim.o(i.TIM_ClearFlag)
    TIM_Cmd                                  0x08002fd3   Thumb Code    24  stm32f10x_tim.o(i.TIM_Cmd)
    TIM_GetFlagStatus                        0x08002feb   Thumb Code    18  stm32f10x_tim.o(i.TIM_GetFlagStatus)
    TIM_ITConfig                             0x08002ffd   Thumb Code    18  stm32f10x_tim.o(i.TIM_ITConfig)
    TIM_TimeBaseInit                         0x08003011   Thumb Code   122  stm32f10x_tim.o(i.TIM_TimeBaseInit)
    USART1_IRQHandler                        0x080030b5   Thumb Code    22  usart.o(i.USART1_IRQHandler)
    USART_Cmd                                0x080030d1   Thumb Code    24  stm32f10x_usart.o(i.USART_Cmd)
    USART_GetFlagStatus                      0x080030e9   Thumb Code    26  stm32f10x_usart.o(i.USART_GetFlagStatus)
    USART_GetITStatus                        0x08003103   Thumb Code    84  stm32f10x_usart.o(i.USART_GetITStatus)
    USART_ITConfig                           0x08003157   Thumb Code    74  stm32f10x_usart.o(i.USART_ITConfig)
    USART_Init                               0x080031a1   Thumb Code   210  stm32f10x_usart.o(i.USART_Init)
    USART_ReceiveData                        0x08003279   Thumb Code    10  stm32f10x_usart.o(i.USART_ReceiveData)
    USART_SendData                           0x08003283   Thumb Code     8  stm32f10x_usart.o(i.USART_SendData)
    UpdateOffsetStepwise                     0x0800328d   Thumb Code   138  ndof.o(i.UpdateOffsetStepwise)
    UpdateOrientation                        0x08003321   Thumb Code   356  ndof.o(i.UpdateOrientation)
    __ARM_fpclassify                         0x08003489   Thumb Code    40  fpclassify.o(i.__ARM_fpclassify)
    __ARM_fpclassifyf                        0x080034b1   Thumb Code    38  fpclassifyf.o(i.__ARM_fpclassifyf)
    __mathlib_flt_infnan                     0x080034d7   Thumb Code     6  funder.o(i.__mathlib_flt_infnan)
    __mathlib_flt_infnan2                    0x080034dd   Thumb Code     4  funder.o(i.__mathlib_flt_infnan2)
    __mathlib_flt_invalid                    0x080034e1   Thumb Code     8  funder.o(i.__mathlib_flt_invalid)
    __mathlib_flt_underflow                  0x080034e9   Thumb Code    10  funder.o(i.__mathlib_flt_underflow)
    __mathlib_rredf2                         0x080034f5   Thumb Code   344  rredf.o(i.__mathlib_rredf2)
    _is_digit                                0x0800365d   Thumb Code    14  __printf_wp.o(i._is_digit)
    _sys_exit                                0x0800366b   Thumb Code     4  usart.o(i._sys_exit)
    acosf                                    0x08003671   Thumb Code   242  acosf.o(i.acosf)
    atan2f                                   0x0800378d   Thumb Code   528  atan2f.o(i.atan2f)
    __mathlib_ceilf                          0x080039e9   Thumb Code     0  ceilf.o(i.ceilf)
    ceilf                                    0x080039e9   Thumb Code   110  ceilf.o(i.ceilf)
    cosf                                     0x08003a61   Thumb Code   328  cosf.o(i.cosf)
    delay_init                               0x08003bdd   Thumb Code    96  delay.o(i.delay_init)
    delay_ms                                 0x08003c51   Thumb Code    34  delay.o(i.delay_ms)
    door_detection                           0x08003c75   Thumb Code  1116  doordetection.o(i.door_detection)
    floor                                    0x080040d1   Thumb Code   204  floor.o(i.floor)
    floorf                                   0x080041ad   Thumb Code   112  floorf.o(i.floorf)
    fputc                                    0x08004229   Thumb Code    16  usart.o(i.fputc)
    gpio_mode_af                             0x08004239   Thumb Code    32  gpio.o(i.gpio_mode_af)
    gpio_mode_in                             0x08004259   Thumb Code    32  gpio.o(i.gpio_mode_in)
    gpio_mode_out                            0x08004279   Thumb Code    32  gpio.o(i.gpio_mode_out)
    icm20602_get_acc_gyro_adc                0x08004299   Thumb Code   140  icm20602.o(i.icm20602_get_acc_gyro_adc)
    icm20602_init                            0x08004325   Thumb Code   110  icm20602.o(i.icm20602_init)
    icm20602_read_buffer                     0x080043d9   Thumb Code    36  icm20602.o(i.icm20602_read_buffer)
    icm20602_read_reg                        0x08004405   Thumb Code    30  icm20602.o(i.icm20602_read_reg)
    icm20602_set_accel_fullscale             0x0800442d   Thumb Code    96  icm20602.o(i.icm20602_set_accel_fullscale)
    icm20602_set_gyro_fullscale              0x08004499   Thumb Code    74  icm20602.o(i.icm20602_set_gyro_fullscale)
    icm20602_write_reg                       0x080044fd   Thumb Code    32  icm20602.o(i.icm20602_write_reg)
    main                                     0x08004525   Thumb Code   110  main.o(i.main)
    micros                                   0x080045a1   Thumb Code    58  delay.o(i.micros)
    millis                                   0x080045e5   Thumb Code     6  time.o(i.millis)
    myputc                                   0x080045f1   Thumb Code    28  usart.o(i.myputc)
    oled_clear                               0x08004611   Thumb Code    64  oled.o(i.oled_clear)
    oled_init                                0x08004651   Thumb Code   322  oled.o(i.oled_init)
    oled_set_pos                             0x080047a1   Thumb Code    46  oled.o(i.oled_set_pos)
    oled_show_char                           0x080047d1   Thumb Code   150  oled.o(i.oled_show_char)
    oled_show_string                         0x0800486d   Thumb Code    30  oled.o(i.oled_show_string)
    oled_write_byte                          0x0800488d   Thumb Code    98  oled.o(i.oled_write_byte)
    sinf                                     0x080048f9   Thumb Code   338  sinf.o(i.sinf)
    spi2_init                                0x08004a81   Thumb Code   174  spi.o(i.spi2_init)
    spi2_read_reg                            0x08004b49   Thumb Code    20  spi.o(i.spi2_read_reg)
    spi2_read_reg_buffer                     0x08004b5d   Thumb Code    42  spi.o(i.spi2_read_reg_buffer)
    spi2_read_write_byte                     0x08004b89   Thumb Code    46  spi.o(i.spi2_read_write_byte)
    spi2_write_reg                           0x08004bbd   Thumb Code    24  spi.o(i.spi2_write_reg)
    sqrt                                     0x08004bd5   Thumb Code    76  sqrt.o(i.sqrt)
    sqrtf                                    0x08004c21   Thumb Code    44  sqrtf.o(i.sqrtf)
    time_init                                0x08004c4d   Thumb Code   102  time.o(i.time_init)
    usart1_init                              0x08004cb5   Thumb Code   130  usart.o(i.usart1_init)
    _get_lc_numeric                          0x08004d41   Thumb Code    44  lc_numeric_c.o(locale$$code)
    __aeabi_d2f                              0x08004d6d   Thumb Code     0  d2f.o(x$fpl$d2f)
    _d2f                                     0x08004d6d   Thumb Code    98  d2f.o(x$fpl$d2f)
    __aeabi_dadd                             0x08004dd1   Thumb Code     0  daddsub_clz.o(x$fpl$dadd)
    _dadd                                    0x08004dd1   Thumb Code   332  daddsub_clz.o(x$fpl$dadd)
    __fpl_dcmp_Inf                           0x08004f21   Thumb Code    24  dcmpi.o(x$fpl$dcmpinf)
    __aeabi_ddiv                             0x08004f39   Thumb Code     0  ddiv.o(x$fpl$ddiv)
    _ddiv                                    0x08004f39   Thumb Code   552  ddiv.o(x$fpl$ddiv)
    __aeabi_ui2d                             0x080051e9   Thumb Code     0  dflt_clz.o(x$fpl$dfltu)
    _dfltu                                   0x080051e9   Thumb Code    38  dflt_clz.o(x$fpl$dfltu)
    __aeabi_cdcmple                          0x08005211   Thumb Code     0  dleqf.o(x$fpl$dleqf)
    _dcmple                                  0x08005211   Thumb Code   120  dleqf.o(x$fpl$dleqf)
    __fpl_dcmple_InfNaN                      0x08005273   Thumb Code     0  dleqf.o(x$fpl$dleqf)
    __aeabi_dmul                             0x08005289   Thumb Code     0  dmul.o(x$fpl$dmul)
    _dmul                                    0x08005289   Thumb Code   332  dmul.o(x$fpl$dmul)
    __fpl_dnaninf                            0x080053dd   Thumb Code   156  dnaninf.o(x$fpl$dnaninf)
    __fpl_dretinf                            0x08005479   Thumb Code    12  dretinf.o(x$fpl$dretinf)
    __aeabi_cdrcmple                         0x08005485   Thumb Code     0  drleqf.o(x$fpl$drleqf)
    _drcmple                                 0x08005485   Thumb Code   108  drleqf.o(x$fpl$drleqf)
    __aeabi_drsub                            0x080054f1   Thumb Code     0  daddsub_clz.o(x$fpl$drsb)
    _drsb                                    0x080054f1   Thumb Code    22  daddsub_clz.o(x$fpl$drsb)
    _dsqrt                                   0x08005509   Thumb Code   456  dsqrt_noumaal.o(x$fpl$dsqrt)
    __aeabi_dsub                             0x080056d5   Thumb Code     0  daddsub_clz.o(x$fpl$dsub)
    _dsub                                    0x080056d5   Thumb Code   464  daddsub_clz.o(x$fpl$dsub)
    __aeabi_f2d                              0x080058a9   Thumb Code     0  f2d.o(x$fpl$f2d)
    _f2d                                     0x080058a9   Thumb Code    86  f2d.o(x$fpl$f2d)
    __aeabi_fadd                             0x08005901   Thumb Code     0  faddsub_clz.o(x$fpl$fadd)
    _fadd                                    0x08005901   Thumb Code   196  faddsub_clz.o(x$fpl$fadd)
    __fpl_fcheck_NaN1                        0x080059c5   Thumb Code     6  fcheck1.o(x$fpl$fcheck1)
    __fpl_fcmp_Inf                           0x080059d1   Thumb Code    24  fcmpi.o(x$fpl$fcmpinf)
    __aeabi_fdiv                             0x080059e9   Thumb Code     0  fdiv.o(x$fpl$fdiv)
    _fdiv                                    0x080059e9   Thumb Code   384  fdiv.o(x$fpl$fdiv)
    __aeabi_cfcmpeq                          0x08005b6d   Thumb Code     0  feqf.o(x$fpl$feqf)
    _fcmpeq                                  0x08005b6d   Thumb Code   104  feqf.o(x$fpl$feqf)
    __aeabi_f2iz                             0x08005bd5   Thumb Code     0  ffix.o(x$fpl$ffix)
    _ffix                                    0x08005bd5   Thumb Code    54  ffix.o(x$fpl$ffix)
    __aeabi_i2f                              0x08005c0d   Thumb Code     0  fflt_clz.o(x$fpl$fflt)
    _fflt                                    0x08005c0d   Thumb Code    48  fflt_clz.o(x$fpl$fflt)
    __aeabi_ul2f                             0x08005c3d   Thumb Code     0  ffltll_clz.o(x$fpl$ffltll)
    _ll_uto_f                                0x08005c3d   Thumb Code     6  ffltll_clz.o(x$fpl$ffltll)
    __aeabi_l2f                              0x08005c43   Thumb Code     0  ffltll_clz.o(x$fpl$ffltll)
    _ll_sto_f                                0x08005c43   Thumb Code    90  ffltll_clz.o(x$fpl$ffltll)
    __aeabi_ui2f                             0x08005c9d   Thumb Code     0  fflt_clz.o(x$fpl$ffltu)
    _ffltu                                   0x08005c9d   Thumb Code    38  fflt_clz.o(x$fpl$ffltu)
    __aeabi_cfcmple                          0x08005cc5   Thumb Code     0  fleqf.o(x$fpl$fleqf)
    _fcmple                                  0x08005cc5   Thumb Code   104  fleqf.o(x$fpl$fleqf)
    __fpl_fcmple_InfNaN                      0x08005d17   Thumb Code     0  fleqf.o(x$fpl$fleqf)
    __aeabi_fmul                             0x08005d2d   Thumb Code     0  fmul.o(x$fpl$fmul)
    _fmul                                    0x08005d2d   Thumb Code   258  fmul.o(x$fpl$fmul)
    __fpl_fnaninf                            0x08005e2f   Thumb Code   140  fnaninf.o(x$fpl$fnaninf)
    __fpl_fretinf                            0x08005ebb   Thumb Code    10  fretinf.o(x$fpl$fretinf)
    __aeabi_cfrcmple                         0x08005ec5   Thumb Code     0  frleqf.o(x$fpl$frleqf)
    _frcmple                                 0x08005ec5   Thumb Code    98  frleqf.o(x$fpl$frleqf)
    _frnd                                    0x08005f29   Thumb Code    96  frnd.o(x$fpl$frnd)
    __aeabi_frsub                            0x08005f89   Thumb Code     0  faddsub_clz.o(x$fpl$frsb)
    _frsb                                    0x08005f89   Thumb Code    20  faddsub_clz.o(x$fpl$frsb)
    _fsqrt                                   0x08005f9d   Thumb Code   272  fsqrt.o(x$fpl$fsqrt)
    __aeabi_fsub                             0x080060ad   Thumb Code     0  faddsub_clz.o(x$fpl$fsub)
    _fsub                                    0x080060ad   Thumb Code   234  faddsub_clz.o(x$fpl$fsub)
    _printf_fp_dec                           0x08006197   Thumb Code     4  printf1.o(x$fpl$printf1)
    __fpl_return_NaN                         0x0800619b   Thumb Code   100  retnan.o(x$fpl$retnan)
    __ARM_scalbnf                            0x080061ff   Thumb Code    76  scalbnf.o(x$fpl$scalbnf)
    __fpl_cmpreturn                          0x0800624b   Thumb Code    48  trapv.o(x$fpl$trapveneer)
    F6X8                                     0x0800627a   Data         552  oled.o(.constdata)
    __I$use$fp                               0x0800627a   Number         0  usenofp.o(x$fpl$usenofp)
    F8X16                                    0x080064a2   Data        1520  oled.o(.constdata)
    NDOF_ACC_RANGE_ARRAY                     0x08006a92   Data           4  ndof.o(.constdata)
    NDOF_GYRO_RANGE_ARRAY                    0x08006a96   Data          10  ndof.o(.constdata)
    Region$$Table$$Base                      0x08006b7c   Number         0  anon$$obj.o(Region$$Table)
    Region$$Table$$Limit                     0x08006b9c   Number         0  anon$$obj.o(Region$$Table)
    _accel_scale                             0x20000008   Data           4  icm20602.o(.data)
    _gyro_scale                              0x2000000c   Data           4  icm20602.o(.data)
    g_ul_ms_ticks                            0x20000010   Data           4  time.o(.data)
    __stdout                                 0x20000014   Data           4  usart.o(.data)
    SystemCoreClock                          0x2000002c   Data           4  system_stm32f10x.o(.data)
    AHBPrescTable                            0x20000030   Data          16  system_stm32f10x.o(.data)
    ndof                                     0x20000040   Data         432  ndof.o(.bss)
    door                                     0x200001f0   Data         272  doordetection.o(.bss)
    __libspace_start                         0x20000300   Data          96  libspace.o(.bss)
    __temporary_stack_top$libspace           0x20000360   Data           0  libspace.o(.bss)



==============================================================================

Memory Map of the image

  Image Entry point : 0x080000ed

  Load Region LR_IROM1 (Base: 0x08000000, Size: 0x00006bf8, Max: 0x00010000, ABSOLUTE)

    Execution Region ER_IROM1 (Exec base: 0x08000000, Load base: 0x08000000, Size: 0x00006bb8, Max: 0x00010000, ABSOLUTE)

    Exec Addr    Load Addr    Size         Type   Attr      Idx    E Section Name        Object

    0x08000000   0x08000000   0x000000ec   Data   RO         2015    RESET               startup_stm32f10x_md.o
    0x080000ec   0x080000ec   0x00000008   Code   RO         2131  * !!!main             c_w.l(__main.o)
    0x080000f4   0x080000f4   0x00000034   Code   RO         2517    !!!scatter          c_w.l(__scatter.o)
    0x08000128   0x08000128   0x0000001a   Code   RO         2519    !!handler_copy      c_w.l(__scatter_copy.o)
    0x08000142   0x08000142   0x00000002   PAD
    0x08000144   0x08000144   0x0000001c   Code   RO         2521    !!handler_zi        c_w.l(__scatter_zi.o)
    0x08000160   0x08000160   0x00000000   Code   RO         2126    .ARM.Collect$$_printf_percent$$00000000  c_w.l(_printf_percent.o)
    0x08000160   0x08000160   0x00000006   Code   RO         2125    .ARM.Collect$$_printf_percent$$00000003  c_w.l(_printf_f.o)
    0x08000166   0x08000166   0x00000006   Code   RO         2124    .ARM.Collect$$_printf_percent$$00000009  c_w.l(_printf_d.o)
    0x0800016c   0x0800016c   0x00000006   Code   RO         2123    .ARM.Collect$$_printf_percent$$0000000C  c_w.l(_printf_x.o)
    0x08000172   0x08000172   0x00000004   Code   RO         2260    .ARM.Collect$$_printf_percent$$00000017  c_w.l(_printf_percent_end.o)
    0x08000176   0x08000176   0x00000002   Code   RO         2390    .ARM.Collect$$libinit$$00000000  c_w.l(libinit.o)
    0x08000178   0x08000178   0x00000000   Code   RO         2392    .ARM.Collect$$libinit$$00000002  c_w.l(libinit2.o)
    0x08000178   0x08000178   0x00000000   Code   RO         2394    .ARM.Collect$$libinit$$00000004  c_w.l(libinit2.o)
    0x08000178   0x08000178   0x00000000   Code   RO         2397    .ARM.Collect$$libinit$$0000000A  c_w.l(libinit2.o)
    0x08000178   0x08000178   0x00000000   Code   RO         2399    .ARM.Collect$$libinit$$0000000C  c_w.l(libinit2.o)
    0x08000178   0x08000178   0x00000000   Code   RO         2401    .ARM.Collect$$libinit$$0000000E  c_w.l(libinit2.o)
    0x08000178   0x08000178   0x00000006   Code   RO         2402    .ARM.Collect$$libinit$$0000000F  c_w.l(libinit2.o)
    0x0800017e   0x0800017e   0x00000000   Code   RO         2404    .ARM.Collect$$libinit$$00000011  c_w.l(libinit2.o)
    0x0800017e   0x0800017e   0x00000000   Code   RO         2406    .ARM.Collect$$libinit$$00000013  c_w.l(libinit2.o)
    0x0800017e   0x0800017e   0x00000000   Code   RO         2408    .ARM.Collect$$libinit$$00000015  c_w.l(libinit2.o)
    0x0800017e   0x0800017e   0x0000000a   Code   RO         2409    .ARM.Collect$$libinit$$00000016  c_w.l(libinit2.o)
    0x08000188   0x08000188   0x00000000   Code   RO         2410    .ARM.Collect$$libinit$$00000017  c_w.l(libinit2.o)
    0x08000188   0x08000188   0x00000000   Code   RO         2412    .ARM.Collect$$libinit$$00000019  c_w.l(libinit2.o)
    0x08000188   0x08000188   0x00000000   Code   RO         2414    .ARM.Collect$$libinit$$0000001B  c_w.l(libinit2.o)
    0x08000188   0x08000188   0x00000000   Code   RO         2416    .ARM.Collect$$libinit$$0000001D  c_w.l(libinit2.o)
    0x08000188   0x08000188   0x00000000   Code   RO         2418    .ARM.Collect$$libinit$$0000001F  c_w.l(libinit2.o)
    0x08000188   0x08000188   0x00000000   Code   RO         2420    .ARM.Collect$$libinit$$00000021  c_w.l(libinit2.o)
    0x08000188   0x08000188   0x00000000   Code   RO         2422    .ARM.Collect$$libinit$$00000023  c_w.l(libinit2.o)
    0x08000188   0x08000188   0x00000000   Code   RO         2424    .ARM.Collect$$libinit$$00000025  c_w.l(libinit2.o)
    0x08000188   0x08000188   0x00000000   Code   RO         2428    .ARM.Collect$$libinit$$0000002C  c_w.l(libinit2.o)
    0x08000188   0x08000188   0x00000000   Code   RO         2430    .ARM.Collect$$libinit$$0000002E  c_w.l(libinit2.o)
    0x08000188   0x08000188   0x00000000   Code   RO         2432    .ARM.Collect$$libinit$$00000030  c_w.l(libinit2.o)
    0x08000188   0x08000188   0x00000000   Code   RO         2434    .ARM.Collect$$libinit$$00000032  c_w.l(libinit2.o)
    0x08000188   0x08000188   0x00000002   Code   RO         2435    .ARM.Collect$$libinit$$00000033  c_w.l(libinit2.o)
    0x0800018a   0x0800018a   0x00000002   Code   RO         2467    .ARM.Collect$$libshutdown$$00000000  c_w.l(libshutdown.o)
    0x0800018c   0x0800018c   0x00000000   Code   RO         2476    .ARM.Collect$$libshutdown$$00000002  c_w.l(libshutdown2.o)
    0x0800018c   0x0800018c   0x00000000   Code   RO         2478    .ARM.Collect$$libshutdown$$00000004  c_w.l(libshutdown2.o)
    0x0800018c   0x0800018c   0x00000000   Code   RO         2481    .ARM.Collect$$libshutdown$$00000007  c_w.l(libshutdown2.o)
    0x0800018c   0x0800018c   0x00000000   Code   RO         2484    .ARM.Collect$$libshutdown$$0000000A  c_w.l(libshutdown2.o)
    0x0800018c   0x0800018c   0x00000000   Code   RO         2486    .ARM.Collect$$libshutdown$$0000000C  c_w.l(libshutdown2.o)
    0x0800018c   0x0800018c   0x00000000   Code   RO         2489    .ARM.Collect$$libshutdown$$0000000F  c_w.l(libshutdown2.o)
    0x0800018c   0x0800018c   0x00000002   Code   RO         2490    .ARM.Collect$$libshutdown$$00000010  c_w.l(libshutdown2.o)
    0x0800018e   0x0800018e   0x00000000   Code   RO         2247    .ARM.Collect$$rtentry$$00000000  c_w.l(__rtentry.o)
    0x0800018e   0x0800018e   0x00000000   Code   RO         2308    .ARM.Collect$$rtentry$$00000002  c_w.l(__rtentry2.o)
    0x0800018e   0x0800018e   0x00000006   Code   RO         2320    .ARM.Collect$$rtentry$$00000004  c_w.l(__rtentry4.o)
    0x08000194   0x08000194   0x00000000   Code   RO         2310    .ARM.Collect$$rtentry$$00000009  c_w.l(__rtentry2.o)
    0x08000194   0x08000194   0x00000004   Code   RO         2311    .ARM.Collect$$rtentry$$0000000A  c_w.l(__rtentry2.o)
    0x08000198   0x08000198   0x00000000   Code   RO         2313    .ARM.Collect$$rtentry$$0000000C  c_w.l(__rtentry2.o)
    0x08000198   0x08000198   0x00000008   Code   RO         2314    .ARM.Collect$$rtentry$$0000000D  c_w.l(__rtentry2.o)
    0x080001a0   0x080001a0   0x00000002   Code   RO         2438    .ARM.Collect$$rtexit$$00000000  c_w.l(rtexit.o)
    0x080001a2   0x080001a2   0x00000000   Code   RO         2447    .ARM.Collect$$rtexit$$00000002  c_w.l(rtexit2.o)
    0x080001a2   0x080001a2   0x00000004   Code   RO         2448    .ARM.Collect$$rtexit$$00000003  c_w.l(rtexit2.o)
    0x080001a6   0x080001a6   0x00000006   Code   RO         2449    .ARM.Collect$$rtexit$$00000004  c_w.l(rtexit2.o)
    0x080001ac   0x080001ac   0x00000040   Code   RO         2016    .text               startup_stm32f10x_md.o
    0x080001ec   0x080001ec   0x00000002   Code   RO         2068    .text               c_w.l(use_no_semi_2.o)
    0x080001ee   0x080001ee   0x00000002   PAD
    0x080001f0   0x080001f0   0x00000018   Code   RO         2074    .text               c_w.l(noretval__2printf.o)
    0x08000208   0x08000208   0x00000028   Code   RO         2076    .text               c_w.l(noretval__2sprintf.o)
    0x08000230   0x08000230   0x00000078   Code   RO         2080    .text               c_w.l(_printf_dec.o)
    0x080002a8   0x080002a8   0x00000058   Code   RO         2085    .text               c_w.l(_printf_hex_int.o)
    0x08000300   0x08000300   0x0000010e   Code   RO         2111    .text               c_w.l(__printf_wp.o)
    0x0800040e   0x0800040e   0x00000002   PAD
    0x08000410   0x08000410   0x0000002c   Code   RO         2127    .text               c_w.l(puts.o)
    0x0800043c   0x0800043c   0x00000006   Code   RO         2129    .text               c_w.l(heapauxi.o)
    0x08000442   0x08000442   0x00000002   Code   RO         2245    .text               c_w.l(use_no_semi.o)
    0x08000444   0x08000444   0x00000016   Code   RO         2248    .text               c_w.l(_rserrno.o)
    0x0800045a   0x0800045a   0x000000b2   Code   RO         2250    .text               c_w.l(_printf_intcommon.o)
    0x0800050c   0x0800050c   0x0000041e   Code   RO         2252    .text               c_w.l(_printf_fp_dec.o)
    0x0800092a   0x0800092a   0x00000002   PAD
    0x0800092c   0x0800092c   0x00000030   Code   RO         2254    .text               c_w.l(_printf_char_common.o)
    0x0800095c   0x0800095c   0x0000000a   Code   RO         2256    .text               c_w.l(_sputc.o)
    0x08000966   0x08000966   0x00000002   PAD
    0x08000968   0x08000968   0x00000024   Code   RO         2258    .text               c_w.l(_printf_char_file.o)
    0x0800098c   0x0800098c   0x00000008   Code   RO         2325    .text               c_w.l(rt_locale_intlibspace.o)
    0x08000994   0x08000994   0x00000008   Code   RO         2330    .text               c_w.l(rt_errno_addr_intlibspace.o)
    0x0800099c   0x0800099c   0x0000008a   Code   RO         2332    .text               c_w.l(lludiv10.o)
    0x08000a26   0x08000a26   0x00000002   PAD
    0x08000a28   0x08000a28   0x00000080   Code   RO         2334    .text               c_w.l(_printf_fp_infnan.o)
    0x08000aa8   0x08000aa8   0x000000e4   Code   RO         2338    .text               c_w.l(bigflt0.o)
    0x08000b8c   0x08000b8c   0x00000008   Code   RO         2363    .text               c_w.l(ferror.o)
    0x08000b94   0x08000b94   0x00000008   Code   RO         2376    .text               c_w.l(libspace.o)
    0x08000b9c   0x08000b9c   0x0000004a   Code   RO         2379    .text               c_w.l(sys_stackheap_outer.o)
    0x08000be6   0x08000be6   0x00000012   Code   RO         2381    .text               c_w.l(exit.o)
    0x08000bf8   0x08000bf8   0x00000080   Code   RO         2383    .text               c_w.l(strcmpv7m.o)
    0x08000c78   0x08000c78   0x0000003e   Code   RO         2341    CL$$btod_d2e        c_w.l(btod.o)
    0x08000cb6   0x08000cb6   0x00000046   Code   RO         2343    CL$$btod_d2e_denorm_low  c_w.l(btod.o)
    0x08000cfc   0x08000cfc   0x00000060   Code   RO         2342    CL$$btod_d2e_norm_op1  c_w.l(btod.o)
    0x08000d5c   0x08000d5c   0x00000338   Code   RO         2351    CL$$btod_div_common  c_w.l(btod.o)
    0x08001094   0x08001094   0x000000dc   Code   RO         2348    CL$$btod_e2e        c_w.l(btod.o)
    0x08001170   0x08001170   0x0000002a   Code   RO         2345    CL$$btod_ediv       c_w.l(btod.o)
    0x0800119a   0x0800119a   0x0000002a   Code   RO         2344    CL$$btod_emul       c_w.l(btod.o)
    0x080011c4   0x080011c4   0x00000244   Code   RO         2350    CL$$btod_mult_common  c_w.l(btod.o)
    0x08001408   0x08001408   0x00000036   Code   RO          501    i.AddXYZDataToFIFO  ndof.o
    0x0800143e   0x0800143e   0x00000116   Code   RO          776    i.GPIO_Init         stm32f10x_gpio.o
    0x08001554   0x08001554   0x00000004   Code   RO          784    i.GPIO_SetBits      stm32f10x_gpio.o
    0x08001558   0x08001558   0x00000498   Code   RO          502    i.GetEulerAngle     ndof.o
    0x080019f0   0x080019f0   0x000000cc   Code   RO          503    i.GetGravity        ndof.o
    0x08001abc   0x08001abc   0x00000022   Code   RO          504    i.GetMaxFromFIFO    ndof.o
    0x08001ade   0x08001ade   0x0000004a   Code   RO          505    i.GetMeanFromFIFO   ndof.o
    0x08001b28   0x08001b28   0x00000022   Code   RO          506    i.GetMinFromFIFO    ndof.o
    0x08001b4a   0x08001b4a   0x00000002   PAD
    0x08001b4c   0x08001b4c   0x00000a8c   Code   RO          507    i.NDOF_DoStep       ndof.o
    0x080025d8   0x080025d8   0x0000005c   Code   RO          509    i.NDOF_GetCorAccData  ndof.o
    0x08002634   0x08002634   0x00000040   Code   RO          510    i.NDOF_GetCorGyroData  ndof.o
    0x08002674   0x08002674   0x00000040   Code   RO          511    i.NDOF_GetEulerAngle  ndof.o
    0x080026b4   0x080026b4   0x0000005c   Code   RO          512    i.NDOF_GetFiltAccData  ndof.o
    0x08002710   0x08002710   0x00000040   Code   RO          513    i.NDOF_GetGyroBias  ndof.o
    0x08002750   0x08002750   0x00000058   Code   RO          515    i.NDOF_GetRawAccData  ndof.o
    0x080027a8   0x080027a8   0x0000003c   Code   RO          516    i.NDOF_GetRawGyroData  ndof.o
    0x080027e4   0x080027e4   0x000000e8   Code   RO          517    i.NDOF_Init         ndof.o
    0x080028cc   0x080028cc   0x0000000c   Code   RO          518    i.NDOF_IsAccCalibrated  ndof.o
    0x080028d8   0x080028d8   0x0000000c   Code   RO          519    i.NDOF_IsAccDynamic  ndof.o
    0x080028e4   0x080028e4   0x0000000c   Code   RO          520    i.NDOF_IsGyroCalibrated  ndof.o
    0x080028f0   0x080028f0   0x0000000c   Code   RO          521    i.NDOF_IsGyroDynamic  ndof.o
    0x080028fc   0x080028fc   0x00000148   Code   RO          522    i.NDOF_Reset        ndof.o
    0x08002a44   0x08002a44   0x00000070   Code   RO          722    i.NVIC_Init         misc.o
    0x08002ab4   0x08002ab4   0x00000014   Code   RO          723    i.NVIC_PriorityGroupConfig  misc.o
    0x08002ac8   0x08002ac8   0x00000014   Code   RO          724    i.NVIC_SetVectorTable  misc.o
    0x08002adc   0x08002adc   0x0000010e   Code   RO          523    i.QuatMultiplication  ndof.o
    0x08002bea   0x08002bea   0x00000002   PAD
    0x08002bec   0x08002bec   0x000000c4   Code   RO          524    i.QuatNormalization  ndof.o
    0x08002cb0   0x08002cb0   0x00000020   Code   RO          898    i.RCC_APB1PeriphClockCmd  stm32f10x_rcc.o
    0x08002cd0   0x08002cd0   0x00000020   Code   RO          900    i.RCC_APB2PeriphClockCmd  stm32f10x_rcc.o
    0x08002cf0   0x08002cf0   0x000000d4   Code   RO          908    i.RCC_GetClocksFreq  stm32f10x_rcc.o
    0x08002dc4   0x08002dc4   0x00000038   Code   RO          526    i.Round             ndof.o
    0x08002dfc   0x08002dfc   0x00000018   Code   RO         1113    i.SPI_Cmd           stm32f10x_spi.o
    0x08002e14   0x08002e14   0x0000003c   Code   RO         1126    i.SPI_Init          stm32f10x_spi.o
    0x08002e50   0x08002e50   0x00000008   Code   RO         2023    i.SetSysClock       system_stm32f10x.o
    0x08002e58   0x08002e58   0x000000e0   Code   RO         2024    i.SetSysClockTo72   system_stm32f10x.o
    0x08002f38   0x08002f38   0x00000010   Code   RO            4    i.SysTick_Handler   delay.o
    0x08002f48   0x08002f48   0x00000060   Code   RO         2026    i.SystemInit        system_stm32f10x.o
    0x08002fa8   0x08002fa8   0x00000024   Code   RO          398    i.TIM2_IRQHandler   time.o
    0x08002fcc   0x08002fcc   0x00000006   Code   RO         1274    i.TIM_ClearFlag     stm32f10x_tim.o
    0x08002fd2   0x08002fd2   0x00000018   Code   RO         1280    i.TIM_Cmd           stm32f10x_tim.o
    0x08002fea   0x08002fea   0x00000012   Code   RO         1300    i.TIM_GetFlagStatus  stm32f10x_tim.o
    0x08002ffc   0x08002ffc   0x00000012   Code   RO         1305    i.TIM_ITConfig      stm32f10x_tim.o
    0x0800300e   0x0800300e   0x00000002   PAD
    0x08003010   0x08003010   0x000000a4   Code   RO         1351    i.TIM_TimeBaseInit  stm32f10x_tim.o
    0x080030b4   0x080030b4   0x0000001c   Code   RO          437    i.USART1_IRQHandler  usart.o
    0x080030d0   0x080030d0   0x00000018   Code   RO         1828    i.USART_Cmd         stm32f10x_usart.o
    0x080030e8   0x080030e8   0x0000001a   Code   RO         1831    i.USART_GetFlagStatus  stm32f10x_usart.o
    0x08003102   0x08003102   0x00000054   Code   RO         1832    i.USART_GetITStatus  stm32f10x_usart.o
    0x08003156   0x08003156   0x0000004a   Code   RO         1834    i.USART_ITConfig    stm32f10x_usart.o
    0x080031a0   0x080031a0   0x000000d8   Code   RO         1835    i.USART_Init        stm32f10x_usart.o
    0x08003278   0x08003278   0x0000000a   Code   RO         1842    i.USART_ReceiveData  stm32f10x_usart.o
    0x08003282   0x08003282   0x00000008   Code   RO         1845    i.USART_SendData    stm32f10x_usart.o
    0x0800328a   0x0800328a   0x00000002   PAD
    0x0800328c   0x0800328c   0x00000094   Code   RO          527    i.UpdateOffsetStepwise  ndof.o
    0x08003320   0x08003320   0x00000168   Code   RO          528    i.UpdateOrientation  ndof.o
    0x08003488   0x08003488   0x00000028   Code   RO         2374    i.__ARM_fpclassify  m_ws.l(fpclassify.o)
    0x080034b0   0x080034b0   0x00000026   Code   RO         2288    i.__ARM_fpclassifyf  m_ws.l(fpclassifyf.o)
    0x080034d6   0x080034d6   0x00000006   Code   RO         2291    i.__mathlib_flt_infnan  m_ws.l(funder.o)
    0x080034dc   0x080034dc   0x00000004   Code   RO         2292    i.__mathlib_flt_infnan2  m_ws.l(funder.o)
    0x080034e0   0x080034e0   0x00000008   Code   RO         2293    i.__mathlib_flt_invalid  m_ws.l(funder.o)
    0x080034e8   0x080034e8   0x0000000a   Code   RO         2296    i.__mathlib_flt_underflow  m_ws.l(funder.o)
    0x080034f2   0x080034f2   0x00000002   PAD
    0x080034f4   0x080034f4   0x00000168   Code   RO         2304    i.__mathlib_rredf2  m_ws.l(rredf.o)
    0x0800365c   0x0800365c   0x0000000e   Code   RO         2113    i._is_digit         c_w.l(__printf_wp.o)
    0x0800366a   0x0800366a   0x00000004   Code   RO          438    i._sys_exit         usart.o
    0x0800366e   0x0800366e   0x00000002   PAD
    0x08003670   0x08003670   0x0000011c   Code   RO         2186    i.acosf             m_ws.l(acosf.o)
    0x0800378c   0x0800378c   0x0000025c   Code   RO         2194    i.atan2f            m_ws.l(atan2f.o)
    0x080039e8   0x080039e8   0x00000078   Code   RO         2202    i.ceilf             m_ws.l(ceilf.o)
    0x08003a60   0x08003a60   0x0000017c   Code   RO         2206    i.cosf              m_ws.l(cosf.o)
    0x08003bdc   0x08003bdc   0x00000074   Code   RO            5    i.delay_init        delay.o
    0x08003c50   0x08003c50   0x00000022   Code   RO            6    i.delay_ms          delay.o
    0x08003c72   0x08003c72   0x00000002   PAD
    0x08003c74   0x08003c74   0x0000045c   Code   RO          690    i.door_detection    doordetection.o
    0x080040d0   0x080040d0   0x000000dc   Code   RO         2214    i.floor             m_ws.l(floor.o)
    0x080041ac   0x080041ac   0x0000007c   Code   RO         2218    i.floorf            m_ws.l(floorf.o)
    0x08004228   0x08004228   0x00000010   Code   RO          439    i.fputc             usart.o
    0x08004238   0x08004238   0x00000020   Code   RO          111    i.gpio_mode_af      gpio.o
    0x08004258   0x08004258   0x00000020   Code   RO          112    i.gpio_mode_in      gpio.o
    0x08004278   0x08004278   0x00000020   Code   RO          113    i.gpio_mode_out     gpio.o
    0x08004298   0x08004298   0x0000008c   Code   RO          154    i.icm20602_get_acc_gyro_adc  icm20602.o
    0x08004324   0x08004324   0x000000b4   Code   RO          156    i.icm20602_init     icm20602.o
    0x080043d8   0x080043d8   0x0000002c   Code   RO          157    i.icm20602_read_buffer  icm20602.o
    0x08004404   0x08004404   0x00000028   Code   RO          158    i.icm20602_read_reg  icm20602.o
    0x0800442c   0x0800442c   0x0000006c   Code   RO          159    i.icm20602_set_accel_fullscale  icm20602.o
    0x08004498   0x08004498   0x00000064   Code   RO          160    i.icm20602_set_gyro_fullscale  icm20602.o
    0x080044fc   0x080044fc   0x00000028   Code   RO          161    i.icm20602_write_reg  icm20602.o
    0x08004524   0x08004524   0x0000007c   Code   RO          233    i.main              main.o
    0x080045a0   0x080045a0   0x00000044   Code   RO            8    i.micros            delay.o
    0x080045e4   0x080045e4   0x0000000c   Code   RO          399    i.millis            time.o
    0x080045f0   0x080045f0   0x00000020   Code   RO          441    i.myputc            usart.o
    0x08004610   0x08004610   0x00000040   Code   RO          275    i.oled_clear        oled.o
    0x08004650   0x08004650   0x00000150   Code   RO          278    i.oled_init         oled.o
    0x080047a0   0x080047a0   0x0000002e   Code   RO          280    i.oled_set_pos      oled.o
    0x080047ce   0x080047ce   0x00000002   PAD
    0x080047d0   0x080047d0   0x0000009c   Code   RO          281    i.oled_show_char    oled.o
    0x0800486c   0x0800486c   0x0000001e   Code   RO          282    i.oled_show_string  oled.o
    0x0800488a   0x0800488a   0x00000002   PAD
    0x0800488c   0x0800488c   0x0000006c   Code   RO          283    i.oled_write_byte   oled.o
    0x080048f8   0x080048f8   0x00000188   Code   RO         2222    i.sinf              m_ws.l(sinf.o)
    0x08004a80   0x08004a80   0x000000c8   Code   RO          350    i.spi2_init         spi.o
    0x08004b48   0x08004b48   0x00000014   Code   RO          351    i.spi2_read_reg     spi.o
    0x08004b5c   0x08004b5c   0x0000002a   Code   RO          352    i.spi2_read_reg_buffer  spi.o
    0x08004b86   0x08004b86   0x00000002   PAD
    0x08004b88   0x08004b88   0x00000034   Code   RO          353    i.spi2_read_write_byte  spi.o
    0x08004bbc   0x08004bbc   0x00000018   Code   RO          354    i.spi2_write_reg    spi.o
    0x08004bd4   0x08004bd4   0x0000004c   Code   RO         2230    i.sqrt              m_ws.l(sqrt.o)
    0x08004c20   0x08004c20   0x0000002c   Code   RO         2238    i.sqrtf             m_ws.l(sqrtf.o)
    0x08004c4c   0x08004c4c   0x00000066   Code   RO          400    i.time_init         time.o
    0x08004cb2   0x08004cb2   0x00000002   PAD
    0x08004cb4   0x08004cb4   0x0000008c   Code   RO          443    i.usart1_init       usart.o
    0x08004d40   0x08004d40   0x0000002c   Code   RO         2368    locale$$code        c_w.l(lc_numeric_c.o)
    0x08004d6c   0x08004d6c   0x00000062   Code   RO         2133    x$fpl$d2f           fz_ws.l(d2f.o)
    0x08004dce   0x08004dce   0x00000002   PAD
    0x08004dd0   0x08004dd0   0x00000150   Code   RO         2261    x$fpl$dadd          fz_ws.l(daddsub_clz.o)
    0x08004f20   0x08004f20   0x00000018   Code   RO         2267    x$fpl$dcmpinf       fz_ws.l(dcmpi.o)
    0x08004f38   0x08004f38   0x000002b0   Code   RO         2136    x$fpl$ddiv          fz_ws.l(ddiv.o)
    0x080051e8   0x080051e8   0x00000026   Code   RO         2139    x$fpl$dfltu         fz_ws.l(dflt_clz.o)
    0x0800520e   0x0800520e   0x00000002   PAD
    0x08005210   0x08005210   0x00000078   Code   RO         2145    x$fpl$dleqf         fz_ws.l(dleqf.o)
    0x08005288   0x08005288   0x00000154   Code   RO         2147    x$fpl$dmul          fz_ws.l(dmul.o)
    0x080053dc   0x080053dc   0x0000009c   Code   RO         2269    x$fpl$dnaninf       fz_ws.l(dnaninf.o)
    0x08005478   0x08005478   0x0000000c   Code   RO         2271    x$fpl$dretinf       fz_ws.l(dretinf.o)
    0x08005484   0x08005484   0x0000006c   Code   RO         2149    x$fpl$drleqf        fz_ws.l(drleqf.o)
    0x080054f0   0x080054f0   0x00000016   Code   RO         2262    x$fpl$drsb          fz_ws.l(daddsub_clz.o)
    0x08005506   0x08005506   0x00000002   PAD
    0x08005508   0x08005508   0x000001cc   Code   RO         2273    x$fpl$dsqrt         fz_ws.l(dsqrt_noumaal.o)
    0x080056d4   0x080056d4   0x000001d4   Code   RO         2263    x$fpl$dsub          fz_ws.l(daddsub_clz.o)
    0x080058a8   0x080058a8   0x00000056   Code   RO         2151    x$fpl$f2d           fz_ws.l(f2d.o)
    0x080058fe   0x080058fe   0x00000002   PAD
    0x08005900   0x08005900   0x000000c4   Code   RO         2153    x$fpl$fadd          fz_ws.l(faddsub_clz.o)
    0x080059c4   0x080059c4   0x0000000c   Code   RO         2370    x$fpl$fcheck1       fz_ws.l(fcheck1.o)
    0x080059d0   0x080059d0   0x00000018   Code   RO         2275    x$fpl$fcmpinf       fz_ws.l(fcmpi.o)
    0x080059e8   0x080059e8   0x00000184   Code   RO         2160    x$fpl$fdiv          fz_ws.l(fdiv.o)
    0x08005b6c   0x08005b6c   0x00000068   Code   RO         2163    x$fpl$feqf          fz_ws.l(feqf.o)
    0x08005bd4   0x08005bd4   0x00000036   Code   RO         2165    x$fpl$ffix          fz_ws.l(ffix.o)
    0x08005c0a   0x08005c0a   0x00000002   PAD
    0x08005c0c   0x08005c0c   0x00000030   Code   RO         2170    x$fpl$fflt          fz_ws.l(fflt_clz.o)
    0x08005c3c   0x08005c3c   0x00000060   Code   RO         2175    x$fpl$ffltll        fz_ws.l(ffltll_clz.o)
    0x08005c9c   0x08005c9c   0x00000026   Code   RO         2169    x$fpl$ffltu         fz_ws.l(fflt_clz.o)
    0x08005cc2   0x08005cc2   0x00000002   PAD
    0x08005cc4   0x08005cc4   0x00000068   Code   RO         2177    x$fpl$fleqf         fz_ws.l(fleqf.o)
    0x08005d2c   0x08005d2c   0x00000102   Code   RO         2179    x$fpl$fmul          fz_ws.l(fmul.o)
    0x08005e2e   0x08005e2e   0x0000008c   Code   RO         2277    x$fpl$fnaninf       fz_ws.l(fnaninf.o)
    0x08005eba   0x08005eba   0x0000000a   Code   RO         2279    x$fpl$fretinf       fz_ws.l(fretinf.o)
    0x08005ec4   0x08005ec4   0x00000062   Code   RO         2181    x$fpl$frleqf        fz_ws.l(frleqf.o)
    0x08005f26   0x08005f26   0x00000002   PAD
    0x08005f28   0x08005f28   0x00000060   Code   RO         2281    x$fpl$frnd          fz_ws.l(frnd.o)
    0x08005f88   0x08005f88   0x00000014   Code   RO         2154    x$fpl$frsb          fz_ws.l(faddsub_clz.o)
    0x08005f9c   0x08005f9c   0x00000110   Code   RO         2283    x$fpl$fsqrt         fz_ws.l(fsqrt.o)
    0x080060ac   0x080060ac   0x000000ea   Code   RO         2155    x$fpl$fsub          fz_ws.l(faddsub_clz.o)
    0x08006196   0x08006196   0x00000004   Code   RO         2183    x$fpl$printf1       fz_ws.l(printf1.o)
    0x0800619a   0x0800619a   0x00000064   Code   RO         2436    x$fpl$retnan        fz_ws.l(retnan.o)
    0x080061fe   0x080061fe   0x0000004c   Code   RO         2285    x$fpl$scalbnf       fz_ws.l(scalbnf.o)
    0x0800624a   0x0800624a   0x00000030   Code   RO         2444    x$fpl$trapveneer    fz_ws.l(trapv.o)
    0x0800627a   0x0800627a   0x00000000   Code   RO         2287    x$fpl$usenofp       fz_ws.l(usenofp.o)
    0x0800627a   0x0800627a   0x00000818   Data   RO          284    .constdata          oled.o
    0x08006a92   0x08006a92   0x0000000e   Data   RO          530    .constdata          ndof.o
    0x08006aa0   0x08006aa0   0x00000028   Data   RO         2086    .constdata          c_w.l(_printf_hex_int.o)
    0x08006ac8   0x08006ac8   0x00000020   Data   RO         2305    .constdata          m_ws.l(rredf.o)
    0x08006ae8   0x08006ae8   0x00000094   Data   RO         2339    .constdata          c_w.l(bigflt0.o)
    0x08006b7c   0x08006b7c   0x00000020   Data   RO         2515    Region$$Table       anon$$obj.o
    0x08006b9c   0x08006b9c   0x0000001c   Data   RO         2367    locale$$data        c_w.l(lc_numeric_c.o)


    Execution Region RW_IRAM1 (Exec base: 0x20000000, Load base: 0x08006bb8, Size: 0x00000960, Max: 0x00005000, ABSOLUTE)

    Exec Addr    Load Addr    Size         Type   Attr      Idx    E Section Name        Object

    0x20000000   0x08006bb8   0x00000008   Data   RW            9    .data               delay.o
    0x20000008   0x08006bc0   0x00000008   Data   RW          162    .data               icm20602.o
    0x20000010   0x08006bc8   0x00000004   Data   RW          401    .data               time.o
    0x20000014   0x08006bcc   0x00000004   Data   RW          444    .data               usart.o
    0x20000018   0x08006bd0   0x00000014   Data   RW          928    .data               stm32f10x_rcc.o
    0x2000002c   0x08006be4   0x00000014   Data   RW         2027    .data               system_stm32f10x.o
    0x20000040        -       0x000001b0   Zero   RW          529    .bss                ndof.o
    0x200001f0        -       0x00000110   Zero   RW          691    .bss                doordetection.o
    0x20000300        -       0x00000060   Zero   RW         2377    .bss                c_w.l(libspace.o)
    0x20000360        -       0x00000200   Zero   RW         2014    HEAP                startup_stm32f10x_md.o
    0x20000560        -       0x00000400   Zero   RW         2013    STACK               startup_stm32f10x_md.o


==============================================================================

Image component sizes


      Code (inc. data)   RO Data    RW Data    ZI Data      Debug   Object Name

       234         34          0          8          0     286726   delay.o
      1116        112          0          0        272       2920   doordetection.o
        96          0          0          0          0       2038   gpio.o
       652        134          0          8          0       7584   icm20602.o
       124         14          0          0          0        679   main.o
       152         30          0          0          0       2381   misc.o
      6438        214         14          0        432      21693   ndof.o
       740         30       2072          0          0       4827   oled.o
       338         32          0          0          0       3239   spi.o
        64         26        236          0       1536        860   startup_stm32f10x_md.o
       282          0          0          0          0       2747   stm32f10x_gpio.o
       276         32          0         20          0       4750   stm32f10x_rcc.o
        84          0          0          0          0       2377   stm32f10x_spi.o
       230         42          0          0          0       3900   stm32f10x_tim.o
       442          6          0          0          0       6725   stm32f10x_usart.o
       328         28          0         20          0       2497   system_stm32f10x.o
       150         10          0          4          0       2123   time.o
       220         20          0          4          0       4441   usart.o

    ----------------------------------------------------------------------
     11986        764       2354         64       2240     362507   Object Totals
         0          0         32          0          0          0   (incl. Generated)
        20          0          0          0          0          0   (incl. Padding)

    ----------------------------------------------------------------------

      Code (inc. data)   RO Data    RW Data    ZI Data      Debug   Library Member Name

         8          0          0          0          0         68   __main.o
       284          0          0          0          0        156   __printf_wp.o
         0          0          0          0          0          0   __rtentry.o
        12          0          0          0          0          0   __rtentry2.o
         6          0          0          0          0          0   __rtentry4.o
        52          8          0          0          0          0   __scatter.o
        26          0          0          0          0          0   __scatter_copy.o
        28          0          0          0          0          0   __scatter_zi.o
        48          6          0          0          0         96   _printf_char_common.o
        36          4          0          0          0         80   _printf_char_file.o
         6          0          0          0          0          0   _printf_d.o
       120         16          0          0          0         92   _printf_dec.o
         6          0          0          0          0          0   _printf_f.o
      1054          0          0          0          0        216   _printf_fp_dec.o
       128         16          0          0          0         84   _printf_fp_infnan.o
        88          4         40          0          0         88   _printf_hex_int.o
       178          0          0          0          0         88   _printf_intcommon.o
         0          0          0          0          0          0   _printf_percent.o
         4          0          0          0          0          0   _printf_percent_end.o
         6          0          0          0          0          0   _printf_x.o
        22          0          0          0          0        100   _rserrno.o
        10          0          0          0          0         68   _sputc.o
       228          4        148          0          0         96   bigflt0.o
      1936        128          0          0          0        672   btod.o
        18          0          0          0          0         80   exit.o
         8          0          0          0          0         68   ferror.o
         6          0          0          0          0        152   heapauxi.o
        44         10         28          0          0         76   lc_numeric_c.o
         2          0          0          0          0          0   libinit.o
        18          0          0          0          0          0   libinit2.o
         2          0          0          0          0          0   libshutdown.o
         2          0          0          0          0          0   libshutdown2.o
         8          4          0          0         96         68   libspace.o
       138          0          0          0          0         80   lludiv10.o
        24          4          0          0          0         84   noretval__2printf.o
        40          6          0          0          0         84   noretval__2sprintf.o
        44          4          0          0          0         84   puts.o
         8          4          0          0          0         68   rt_errno_addr_intlibspace.o
         8          4          0          0          0         68   rt_locale_intlibspace.o
         2          0          0          0          0          0   rtexit.o
        10          0          0          0          0          0   rtexit2.o
       128          0          0          0          0         68   strcmpv7m.o
        74          0          0          0          0         80   sys_stackheap_outer.o
         2          0          0          0          0         68   use_no_semi.o
         2          0          0          0          0         68   use_no_semi_2.o
        98          4          0          0          0         92   d2f.o
       826         16          0          0          0        348   daddsub_clz.o
        24          0          0          0          0         68   dcmpi.o
       688        140          0          0          0        208   ddiv.o
        38          0          0          0          0         68   dflt_clz.o
       120          4          0          0          0         92   dleqf.o
       340         12          0          0          0        104   dmul.o
       156          4          0          0          0         92   dnaninf.o
        12          0          0          0          0         68   dretinf.o
       108          0          0          0          0         80   drleqf.o
       460         56          0          0          0        120   dsqrt_noumaal.o
        86          4          0          0          0         84   f2d.o
       450          8          0          0          0        236   faddsub_clz.o
        12          4          0          0          0         68   fcheck1.o
        24          0          0          0          0         68   fcmpi.o
       388         76          0          0          0         96   fdiv.o
       104          4          0          0          0         84   feqf.o
        54          4          0          0          0         84   ffix.o
        86          0          0          0          0        136   fflt_clz.o
        96          0          0          0          0         84   ffltll_clz.o
       104          4          0          0          0         84   fleqf.o
       258          4          0          0          0         84   fmul.o
       140          4          0          0          0         84   fnaninf.o
        10          0          0          0          0         68   fretinf.o
        98          0          0          0          0         68   frleqf.o
        96          4          0          0          0         76   frnd.o
       272        100          0          0          0         88   fsqrt.o
         4          0          0          0          0         68   printf1.o
       100          0          0          0          0         68   retnan.o
        76          0          0          0          0         68   scalbnf.o
        48          0          0          0          0         68   trapv.o
         0          0          0          0          0          0   usenofp.o
       284         42          0          0          0        120   acosf.o
       604         76          0          0          0        116   atan2f.o
       120         10          0          0          0         84   ceilf.o
       380         52          0          0          0        124   cosf.o
       220         16          0          0          0         84   floor.o
       124         12          0          0          0         84   floorf.o
        40          0          0          0          0         68   fpclassify.o
        38          0          0          0          0         68   fpclassifyf.o
        28          0          0          0          0        272   funder.o
       360         16         32          0          0         88   rredf.o
       392         54          0          0          0        124   sinf.o
        76          0          0          0          0         84   sqrt.o
        44          0          0          0          0         80   sqrtf.o

    ----------------------------------------------------------------------
     12988        952        248          0         96       7600   Library Totals
        28          0          0          0          0          0   (incl. Padding)

    ----------------------------------------------------------------------

      Code (inc. data)   RO Data    RW Data    ZI Data      Debug   Library Name

      4874        222        216          0         96       3100   c_w.l
      5376        452          0          0          0       3104   fz_ws.l
      2710        278         32          0          0       1396   m_ws.l

    ----------------------------------------------------------------------
     12988        952        248          0         96       7600   Library Totals

    ----------------------------------------------------------------------

==============================================================================


      Code (inc. data)   RO Data    RW Data    ZI Data      Debug   

     24974       1716       2602         64       2336     361471   Grand Totals
     24974       1716       2602         64       2336     361471   ELF Image Totals
     24974       1716       2602         64          0          0   ROM Totals

==============================================================================

    Total RO  Size (Code + RO Data)                27576 (  26.93kB)
    Total RW  Size (RW Data + ZI Data)              2400 (   2.34kB)
    Total ROM Size (Code + RO Data + RW Data)      27640 (  26.99kB)

==============================================================================

